Archive member included to satisfy reference by file (symbol)

c:/mounriver/mounriver_studio2/resources/app/resources/win32/components/wch/toolchain/risc-v embedded gcc12/bin/../lib/gcc/riscv-wch-elf/12.2.0/../../../../riscv-wch-elf/lib/rv32imafc_xw/ilp32f\libm_nano.a(lib_a-sf_ceil.o)
                              ./LUA/lmathlib.o (ceilf)
c:/mounriver/mounriver_studio2/resources/app/resources/win32/components/wch/toolchain/risc-v embedded gcc12/bin/../lib/gcc/riscv-wch-elf/12.2.0/../../../../riscv-wch-elf/lib/rv32imafc_xw/ilp32f\libm_nano.a(lib_a-sf_cos.o)
                              ./LUA/lmathlib.o (cosf)
c:/mounriver/mounriver_studio2/resources/app/resources/win32/components/wch/toolchain/risc-v embedded gcc12/bin/../lib/gcc/riscv-wch-elf/12.2.0/../../../../riscv-wch-elf/lib/rv32imafc_xw/ilp32f\libm_nano.a(lib_a-sf_floor.o)
                              ./LUA/lmathlib.o (floorf)
c:/mounriver/mounriver_studio2/resources/app/resources/win32/components/wch/toolchain/risc-v embedded gcc12/bin/../lib/gcc/riscv-wch-elf/12.2.0/../../../../riscv-wch-elf/lib/rv32imafc_xw/ilp32f\libm_nano.a(lib_a-sf_frexp.o)
                              ./LUA/ltable.o (frexpf)
c:/mounriver/mounriver_studio2/resources/app/resources/win32/components/wch/toolchain/risc-v embedded gcc12/bin/../lib/gcc/riscv-wch-elf/12.2.0/../../../../riscv-wch-elf/lib/rv32imafc_xw/ilp32f\libm_nano.a(lib_a-sf_sin.o)
                              ./LUA/lmathlib.o (sinf)
c:/mounriver/mounriver_studio2/resources/app/resources/win32/components/wch/toolchain/risc-v embedded gcc12/bin/../lib/gcc/riscv-wch-elf/12.2.0/../../../../riscv-wch-elf/lib/rv32imafc_xw/ilp32f\libm_nano.a(lib_a-sf_tan.o)
                              ./LUA/lmathlib.o (tanf)
c:/mounriver/mounriver_studio2/resources/app/resources/win32/components/wch/toolchain/risc-v embedded gcc12/bin/../lib/gcc/riscv-wch-elf/12.2.0/../../../../riscv-wch-elf/lib/rv32imafc_xw/ilp32f\libm_nano.a(lib_a-wf_acos.o)
                              ./LUA/lmathlib.o (acosf)
c:/mounriver/mounriver_studio2/resources/app/resources/win32/components/wch/toolchain/risc-v embedded gcc12/bin/../lib/gcc/riscv-wch-elf/12.2.0/../../../../riscv-wch-elf/lib/rv32imafc_xw/ilp32f\libm_nano.a(lib_a-wf_asin.o)
                              ./LUA/lmathlib.o (asinf)
c:/mounriver/mounriver_studio2/resources/app/resources/win32/components/wch/toolchain/risc-v embedded gcc12/bin/../lib/gcc/riscv-wch-elf/12.2.0/../../../../riscv-wch-elf/lib/rv32imafc_xw/ilp32f\libm_nano.a(lib_a-wf_atan2.o)
                              ./LUA/lmathlib.o (atan2f)
c:/mounriver/mounriver_studio2/resources/app/resources/win32/components/wch/toolchain/risc-v embedded gcc12/bin/../lib/gcc/riscv-wch-elf/12.2.0/../../../../riscv-wch-elf/lib/rv32imafc_xw/ilp32f\libm_nano.a(lib_a-wf_exp.o)
                              ./LUA/lmathlib.o (expf)
c:/mounriver/mounriver_studio2/resources/app/resources/win32/components/wch/toolchain/risc-v embedded gcc12/bin/../lib/gcc/riscv-wch-elf/12.2.0/../../../../riscv-wch-elf/lib/rv32imafc_xw/ilp32f\libm_nano.a(lib_a-wf_fmod.o)
                              ./LUA/lmathlib.o (fmodf)
c:/mounriver/mounriver_studio2/resources/app/resources/win32/components/wch/toolchain/risc-v embedded gcc12/bin/../lib/gcc/riscv-wch-elf/12.2.0/../../../../riscv-wch-elf/lib/rv32imafc_xw/ilp32f\libm_nano.a(lib_a-wf_log10.o)
                              ./LUA/lmathlib.o (log10f)
c:/mounriver/mounriver_studio2/resources/app/resources/win32/components/wch/toolchain/risc-v embedded gcc12/bin/../lib/gcc/riscv-wch-elf/12.2.0/../../../../riscv-wch-elf/lib/rv32imafc_xw/ilp32f\libm_nano.a(lib_a-wf_log2.o)
                              ./LUA/lmathlib.o (log2f)
c:/mounriver/mounriver_studio2/resources/app/resources/win32/components/wch/toolchain/risc-v embedded gcc12/bin/../lib/gcc/riscv-wch-elf/12.2.0/../../../../riscv-wch-elf/lib/rv32imafc_xw/ilp32f\libm_nano.a(lib_a-wf_log.o)
                              ./LUA/lmathlib.o (logf)
c:/mounriver/mounriver_studio2/resources/app/resources/win32/components/wch/toolchain/risc-v embedded gcc12/bin/../lib/gcc/riscv-wch-elf/12.2.0/../../../../riscv-wch-elf/lib/rv32imafc_xw/ilp32f\libm_nano.a(lib_a-wf_pow.o)
                              ./LUA/lobject.o (powf)
c:/mounriver/mounriver_studio2/resources/app/resources/win32/components/wch/toolchain/risc-v embedded gcc12/bin/../lib/gcc/riscv-wch-elf/12.2.0/../../../../riscv-wch-elf/lib/rv32imafc_xw/ilp32f\libm_nano.a(lib_a-wf_sqrt.o)
                              ./LUA/lmathlib.o (sqrtf)
c:/mounriver/mounriver_studio2/resources/app/resources/win32/components/wch/toolchain/risc-v embedded gcc12/bin/../lib/gcc/riscv-wch-elf/12.2.0/../../../../riscv-wch-elf/lib/rv32imafc_xw/ilp32f\libm_nano.a(lib_a-ef_acos.o)
                              c:/mounriver/mounriver_studio2/resources/app/resources/win32/components/wch/toolchain/risc-v embedded gcc12/bin/../lib/gcc/riscv-wch-elf/12.2.0/../../../../riscv-wch-elf/lib/rv32imafc_xw/ilp32f\libm_nano.a(lib_a-wf_acos.o) (__ieee754_acosf)
[...]
Memory Configuration

Name             Origin             Length             Attributes
FLASH            0x0000000000000000 0x0000000000020000 xr
SFLASH           0x0000000000020000 0x000000000001e000 xr
RAM              0x0000000020000000 0x0000000000008000 xrw
*default*        0x0000000000000000 0xffffffffffffffff

Linker script and memory map

LOAD ./User/ch32v30x_it.o
LOAD ./User/init.o
LOAD ./User/lua_task.o
LOAD ./User/main.o
LOAD ./User/system_ch32v30x.o
LOAD ./User/system_init.o
LOAD ./Startup/startup_ch32v30x_D8C.o
LOAD ./Peripheral/src/ch32v30x_adc.o
LOAD ./Peripheral/src/ch32v30x_bkp.o
LOAD ./Peripheral/src/ch32v30x_can.o
LOAD ./Peripheral/src/ch32v30x_crc.o
LOAD ./Peripheral/src/ch32v30x_dac.o
LOAD ./Peripheral/src/ch32v30x_dbgmcu.o
LOAD ./Peripheral/src/ch32v30x_dma.o
LOAD ./Peripheral/src/ch32v30x_dvp.o
LOAD ./Peripheral/src/ch32v30x_eth.o
LOAD ./Peripheral/src/ch32v30x_exti.o
LOAD ./Peripheral/src/ch32v30x_flash.o
LOAD ./Peripheral/src/ch32v30x_fsmc.o
LOAD ./Peripheral/src/ch32v30x_gpio.o
LOAD ./Peripheral/src/ch32v30x_i2c.o
LOAD ./Peripheral/src/ch32v30x_iwdg.o
LOAD ./Peripheral/src/ch32v30x_misc.o
LOAD ./Peripheral/src/ch32v30x_opa.o
LOAD ./Peripheral/src/ch32v30x_pwr.o
LOAD ./Peripheral/src/ch32v30x_rcc.o
LOAD ./Peripheral/src/ch32v30x_rng.o
LOAD ./Peripheral/src/ch32v30x_rtc.o
LOAD ./Peripheral/src/ch32v30x_sdio.o
LOAD ./Peripheral/src/ch32v30x_spi.o
LOAD ./Peripheral/src/ch32v30x_tim.o
LOAD ./Peripheral/src/ch32v30x_usart.o
LOAD ./Peripheral/src/ch32v30x_wwdg.o
LOAD ./LUA/lapi.o
LOAD ./LUA/lauxlib.o
LOAD ./LUA/lbaselib.o
LOAD ./LUA/lbitlib.o
LOAD ./LUA/lcode.o
LOAD ./LUA/lcorolib.o
LOAD ./LUA/lctype.o
LOAD ./LUA/ldblib.o
LOAD ./LUA/ldebug.o
LOAD ./LUA/ldo.o
LOAD ./LUA/ldump.o
LOAD ./LUA/lfunc.o
LOAD ./LUA/lgc.o
LOAD ./LUA/linit.o
LOAD ./LUA/liolib.o
LOAD ./LUA/llex.o
LOAD ./LUA/lmathlib.o
LOAD ./LUA/lmem.o
LOAD ./LUA/loadlib.o
LOAD ./LUA/lobject.o
LOAD ./LUA/lopcodes.o
LOAD ./LUA/loslib.o
LOAD ./LUA/lparser.o
LOAD ./LUA/lstate.o
LOAD ./LUA/lstring.o
LOAD ./LUA/lstrlib.o
LOAD ./LUA/ltable.o
LOAD ./LUA/ltablib.o
LOAD ./LUA/ltm.o
LOAD ./LUA/lua.o
LOAD ./LUA/luaeheap.o
LOAD ./LUA/lundump.o
LOAD ./LUA/lutf8lib.o
LOAD ./LUA/lvm.o
LOAD ./LUA/lzio.o
LOAD ./HAL_LIB/hw_lib_can.o
LOAD ./HAL_DRIVER/hal_can_ch32.o
LOAD ./HAL_DRIVER/hal_gpio_ch32.o
LOAD ./HAL_DRIVER/hal_irq.o
LOAD ./HAL_DRIVER/hal_timers_ch32.o
LOAD ./FreeRTOS/portable/MemMang/heap_4.o
LOAD ./FreeRTOS/portable/GCC/RISC-V/port.o
LOAD ./FreeRTOS/portable/GCC/RISC-V/portASM.o
LOAD ./FreeRTOS/croutine.o
LOAD ./FreeRTOS/event_groups.o
LOAD ./FreeRTOS/list.o
LOAD ./FreeRTOS/queue.o
LOAD ./FreeRTOS/stream_buffer.o
LOAD ./FreeRTOS/tasks.o
LOAD ./FreeRTOS/timers.o
LOAD ./Debug/debug.o
LOAD ./Core/core_riscv.o
LOAD c:/mounriver/mounriver_studio2/resources/app/resources/win32/components/wch/toolchain/risc-v embedded gcc12/bin/../lib/gcc/riscv-wch-elf/12.2.0/../../../../riscv-wch-elf/lib/rv32imafc_xw/ilp32f\libm_nano.a
LOAD c:/mounriver/mounriver_studio2/resources/app/resources/win32/components/wch/toolchain/risc-v embedded gcc12/bin/../lib/gcc/riscv-wch-elf/12.2.0/rv32imafc_xw/ilp32f\libgcc.a
LOAD c:/mounriver/mounriver_studio2/resources/app/resources/win32/components/wch/toolchain/risc-v embedded gcc12/bin/../lib/gcc/riscv-wch-elf/12.2.0/../../../../riscv-wch-elf/lib/rv32imafc_xw/ilp32f\libg_nano.a
LOAD c:/mounriver/mounriver_studio2/resources/app/resources/win32/components/wch/toolchain/risc-v embedded gcc12/bin/../lib/gcc/riscv-wch-elf/12.2.0/../../../../riscv-wch-elf/lib/rv32imafc_xw/ilp32f\libc_nano.a
LOAD c:/mounriver/mounriver_studio2/resources/app/resources/win32/components/wch/toolchain/risc-v embedded gcc12/bin/../lib/gcc/riscv-wch-elf/12.2.0/rv32imafc_xw/ilp32f\libgcc.a
START GROUP
LOAD c:/mounriver/mounriver_studio2/resources/app/resources/win32/components/wch/toolchain/risc-v embedded gcc12/bin/../lib/gcc/riscv-wch-elf/12.2.0/rv32imafc_xw/ilp32f\libgcc.a
LOAD c:/mounriver/mounriver_studio2/resources/app/resources/win32/components/wch/toolchain/risc-v embedded gcc12/bin/../lib/gcc/riscv-wch-elf/12.2.0/../../../../riscv-wch-elf/lib/rv32imafc_xw/ilp32f\libc_nano.a
LOAD c:/mounriver/mounriver_studio2/resources/app/resources/win32/components/wch/toolchain/risc-v embedded gcc12/bin/../lib/gcc/riscv-wch-elf/12.2.0/../../../../riscv-wch-elf/lib/rv32imafc_xw/ilp32f\libnosys.a
END GROUP
START GROUP
LOAD c:/mounriver/mounriver_studio2/resources/app/resources/win32/components/wch/toolchain/risc-v embedded gcc12/bin/../lib/gcc/riscv-wch-elf/12.2.0/rv32imafc_xw/ilp32f\libgcc.a
LOAD c:/mounriver/mounriver_studio2/resources/app/resources/win32/components/wch/toolchain/risc-v embedded gcc12/bin/../lib/gcc/riscv-wch-elf/12.2.0/../../../../riscv-wch-elf/lib/rv32imafc_xw/ilp32f\libc_nano.a
LOAD c:/mounriver/mounriver_studio2/resources/app/resources/win32/components/wch/toolchain/risc-v embedded gcc12/bin/../lib/gcc/riscv-wch-elf/12.2.0/../../../../riscv-wch-elf/lib/rv32imafc_xw/ilp32f\libnosys.a
END GROUP
                0x0000000000000800                __stack_size = 0x800
                [!provide]                        PROVIDE (_stack_size = __stack_size)

.init           0x0000000000000000        0x4
                0x0000000000000000                _sinit = .
                0x0000000000000000                . = ALIGN (0x4)
 *(SORT_NONE(.init))
 .init          0x0000000000000000        0x4 ./Startup/startup_ch32v30x_D8C.o
                0x0000000000000000                _start
                0x0000000000000004                . = ALIGN (0x4)
                0x0000000000000004                _einit = .

.vector         0x0000000000000004      0x1bc
 *(.vector)
 .vector        0x0000000000000004      0x1a0 ./Startup/startup_ch32v30x_D8C.o
                0x00000000000001c0                . = ALIGN (0x40)
 *fill*         0x00000000000001a4       0x1c 

.text           0x0000000000000200    0x1b208
                0x0000000000000200                . = ALIGN (0x4)
 *(.text)
 .text          0x0000000000000200      0x2e6 ./FreeRTOS/portable/GCC/RISC-V/portASM.o
                0x0000000000000200                SW_Handler
                0x0000000000000300                xPortStartFirstTask
                0x0000000000000400                pxPortInitialiseStack
 .text          0x00000000000004e6       0x60 c:/mounriver/mounriver_studio2/resources/app/resources/win32/components/wch/toolchain/risc-v embedded gcc12/bin/../lib/gcc/riscv-wch-elf/12.2.0/rv32imafc_xw/ilp32f\libgcc.a(save-restore.o)
                0x00000000000004e6                __riscv_save_12
                0x00000000000004ee                __riscv_save_9
                0x00000000000004ee                __riscv_save_11
                0x00000000000004ee                __riscv_save_10
                0x00000000000004ee                __riscv_save_8
                0x00000000000004fc                __riscv_save_4
                0x00000000000004fc                __riscv_save_6
                0x00000000000004fc                __riscv_save_5
                0x00000000000004fc                __riscv_save_7
                0x0000000000000516                __riscv_save_3
                0x0000000000000516                __riscv_save_2
                0x0000000000000516                __riscv_save_1
                0x0000000000000516                __riscv_save_0
                0x0000000000000522                __riscv_restore_12
                0x0000000000000526                __riscv_restore_11
                0x0000000000000526                __riscv_restore_9
                0x0000000000000526                __riscv_restore_10
                0x0000000000000526                __riscv_restore_8
                0x0000000000000530                __riscv_restore_5
                0x0000000000000530                __riscv_restore_7
                0x0000000000000530                __riscv_restore_6
                0x0000000000000530                __riscv_restore_4
                0x000000000000053a                __riscv_restore_3
                0x000000000000053a                __riscv_restore_0
                0x000000000000053a                __riscv_restore_2
                0x000000000000053a                __riscv_restore_1
 .text          0x0000000000000546       0x16 c:/mounriver/mounriver_studio2/resources/app/resources/win32/components/wch/toolchain/risc-v embedded gcc12/bin/../lib/gcc/riscv-wch-elf/12.2.0/../../../../riscv-wch-elf/lib/rv32imafc_xw/ilp32f\libg_nano.a(lib_a-memcpy-asm.o)
                0x0000000000000546                memcpy
 .text          0x000000000000055c       0x26 c:/mounriver/mounriver_studio2/resources/app/resources/win32/components/wch/toolchain/risc-v embedded gcc12/bin/../lib/gcc/riscv-wch-elf/12.2.0/../../../../riscv-wch-elf/lib/rv32imafc_xw/ilp32f\libg_nano.a(lib_a-memmove.o)
                0x000000000000055c                memmove
 .text          0x0000000000000582       0x10 c:/mounriver/mounriver_studio2/resources/app/resources/win32/components/wch/toolchain/risc-v embedded gcc12/bin/../lib/gcc/riscv-wch-elf/12.2.0/../../../../riscv-wch-elf/lib/rv32imafc_xw/ilp32f\libg_nano.a(lib_a-memset.o)
                0x0000000000000582                memset
 .text          0x0000000000000592       0xcc c:/mounriver/mounriver_studio2/resources/app/resources/win32/components/wch/toolchain/risc-v embedded gcc12/bin/../lib/gcc/riscv-wch-elf/12.2.0/../../../../riscv-wch-elf/lib/rv32imafc_xw/ilp32f\libg_nano.a(lib_a-setjmp.o)
                0x0000000000000592                setjmp
                0x00000000000005f6                longjmp
 .text          0x000000000000065e       0x14 c:/mounriver/mounriver_studio2/resources/app/resources/win32/components/wch/toolchain/risc-v embedded gcc12/bin/../lib/gcc/riscv-wch-elf/12.2.0/../../../../riscv-wch-elf/lib/rv32imafc_xw/ilp32f\libg_nano.a(lib_a-strcmp.o)
                0x000000000000065e                strcmp
 *(.text.*)
 .text.NMI_Handler
                0x0000000000000672        0x2 ./User/ch32v30x_it.o
                0x0000000000000672                NMI_Handler
 .text.HardFault_Handler
                0x0000000000000674       0x36 ./User/ch32v30x_it.o
                0x0000000000000674                HardFault_Handler
 .text.InitDevice
                0x00000000000006aa       0x50 ./User/init.o
                0x00000000000006aa                InitDevice
 .text.iCanSetConfig
                0x00000000000006fa       0x30 ./User/lua_task.o
 .text.xGetLuaTaskHandle
                0x000000000000072a        0x6 ./User/lua_task.o
                0x000000000000072a                xGetLuaTaskHandle
 .text.vLuaTask
                0x0000000000000730       0xd8 ./User/lua_task.o
                0x0000000000000730                vLuaTask
 .text.startup.main
                0x0000000000000808       0x36 ./User/main.o
                0x0000000000000808                main
 .text.SystemInit
                0x000000000000083e       0xea ./User/system_ch32v30x.o
                0x000000000000083e                SystemInit
 .text.SystemCoreClockUpdate
                0x0000000000000928       0x84 ./User/system_ch32v30x.o
                0x0000000000000928                SystemCoreClockUpdate
 .text.vApplicationGetIdleTaskMemory
                0x00000000000009ac       0x1c ./User/system_init.o
                0x00000000000009ac                vApplicationGetIdleTaskMemory
 .text.vApplicationGetTimerTaskMemory
                0x00000000000009c8       0x1c ./User/system_init.o
                0x00000000000009c8                vApplicationGetTimerTaskMemory
 .text.vSYStaskInit
                0x00000000000009e4       0x36 ./User/system_init.o
                0x00000000000009e4                vSYStaskInit
 .text.vSYSqueueInit
                0x0000000000000a1a        0x2 ./User/system_init.o
                0x0000000000000a1a                vSYSqueueInit
 .text.vector_handler
                0x0000000000000a1c        0x2 ./Startup/startup_ch32v30x_D8C.o
                0x0000000000000a1c                EXTI2_IRQHandler
                0x0000000000000a1c                TIM8_TRG_COM_IRQHandler
                0x0000000000000a1c                TIM8_CC_IRQHandler
                0x0000000000000a1c                UART8_IRQHandler
                0x0000000000000a1c                TIM1_CC_IRQHandler
                0x0000000000000a1c                TIM6_IRQHandler
                0x0000000000000a1c                PVD_IRQHandler
                0x0000000000000a1c                SDIO_IRQHandler
                0x0000000000000a1c                TIM9_BRK_IRQHandler
                0x0000000000000a1c                DMA2_Channel8_IRQHandler
                0x0000000000000a1c                CAN2_RX1_IRQHandler
                0x0000000000000a1c                EXTI3_IRQHandler
                0x0000000000000a1c                USBHS_IRQHandler
                0x0000000000000a1c                DMA2_Channel9_IRQHandler
                0x0000000000000a1c                TIM10_CC_IRQHandler
                0x0000000000000a1c                USBFS_IRQHandler
                0x0000000000000a1c                EXTI0_IRQHandler
                0x0000000000000a1c                I2C2_EV_IRQHandler
                0x0000000000000a1c                TIM10_TRG_COM_IRQHandler
                0x0000000000000a1c                CAN2_SCE_IRQHandler
                0x0000000000000a1c                ADC1_2_IRQHandler
                0x0000000000000a1c                Break_Point_Handler
                0x0000000000000a1c                SPI1_IRQHandler
                0x0000000000000a1c                TAMPER_IRQHandler
                0x0000000000000a1c                CAN2_RX0_IRQHandler
                0x0000000000000a1c                TIM8_UP_IRQHandler
                0x0000000000000a1c                Ecall_M_Mode_Handler
                0x0000000000000a1c                DMA2_Channel2_IRQHandler
                0x0000000000000a1c                DMA1_Channel4_IRQHandler
                0x0000000000000a1c                TIM9_UP_IRQHandler
                0x0000000000000a1c                USART3_IRQHandler
                0x0000000000000a1c                RTC_IRQHandler
                0x0000000000000a1c                DMA1_Channel7_IRQHandler
                0x0000000000000a1c                DVP_IRQHandler
                0x0000000000000a1c                UART5_IRQHandler
                0x0000000000000a1c                TIM4_IRQHandler
                0x0000000000000a1c                DMA2_Channel1_IRQHandler
                0x0000000000000a1c                I2C1_EV_IRQHandler
                0x0000000000000a1c                DMA1_Channel6_IRQHandler
                0x0000000000000a1c                UART4_IRQHandler
                0x0000000000000a1c                DMA2_Channel4_IRQHandler
                0x0000000000000a1c                TIM3_IRQHandler
                0x0000000000000a1c                RCC_IRQHandler
                0x0000000000000a1c                TIM1_TRG_COM_IRQHandler
                0x0000000000000a1c                DMA1_Channel1_IRQHandler
                0x0000000000000a1c                DMA2_Channel7_IRQHandler
                0x0000000000000a1c                EXTI15_10_IRQHandler
                0x0000000000000a1c                TIM7_IRQHandler
                0x0000000000000a1c                CAN2_TX_IRQHandler
                0x0000000000000a1c                TIM5_IRQHandler
                0x0000000000000a1c                EXTI9_5_IRQHandler
                0x0000000000000a1c                ETH_WKUP_IRQHandler
                0x0000000000000a1c                SPI2_IRQHandler
                0x0000000000000a1c                TIM10_BRK_IRQHandler
                0x0000000000000a1c                TIM9_CC_IRQHandler
                0x0000000000000a1c                DMA2_Channel5_IRQHandler
                0x0000000000000a1c                DMA1_Channel5_IRQHandler
                0x0000000000000a1c                EXTI4_IRQHandler
                0x0000000000000a1c                RNG_IRQHandler
                0x0000000000000a1c                DMA1_Channel3_IRQHandler
                0x0000000000000a1c                ETH_IRQHandler
                0x0000000000000a1c                WWDG_IRQHandler
                0x0000000000000a1c                USBHSWakeup_IRQHandler
                0x0000000000000a1c                DMA2_Channel11_IRQHandler
                0x0000000000000a1c                Ecall_U_Mode_Handler
                0x0000000000000a1c                DMA2_Channel6_IRQHandler
                0x0000000000000a1c                TIM2_IRQHandler
                0x0000000000000a1c                TIM1_BRK_IRQHandler
                0x0000000000000a1c                DMA2_Channel10_IRQHandler
                0x0000000000000a1c                EXTI1_IRQHandler
                0x0000000000000a1c                RTCAlarm_IRQHandler
                0x0000000000000a1c                TIM10_UP_IRQHandler
                0x0000000000000a1c                TIM9_TRG_COM_IRQHandler
                0x0000000000000a1c                UART7_IRQHandler
                0x0000000000000a1c                USART2_IRQHandler
                0x0000000000000a1c                UART6_IRQHandler
                0x0000000000000a1c                I2C2_ER_IRQHandler
                0x0000000000000a1c                DMA1_Channel2_IRQHandler
                0x0000000000000a1c                TIM8_BRK_IRQHandler
                0x0000000000000a1c                FLASH_IRQHandler
                0x0000000000000a1c                USART1_IRQHandler
                0x0000000000000a1c                SPI3_IRQHandler
                0x0000000000000a1c                I2C1_ER_IRQHandler
                0x0000000000000a1c                USBWakeUp_IRQHandler
                0x0000000000000a1c                DMA2_Channel3_IRQHandler
 .text.handle_reset
                0x0000000000000a1e       0x8c ./Startup/startup_ch32v30x_D8C.o
                0x0000000000000a1e                handle_reset
 .text.GPIO_Init
                0x0000000000000aaa       0xbc ./Peripheral/src/ch32v30x_gpio.o
                0x0000000000000aaa                GPIO_Init
 .text.GPIO_PinRemapConfig
                0x0000000000000b66       0xee ./Peripheral/src/ch32v30x_gpio.o
                0x0000000000000b66                GPIO_PinRemapConfig
 .text.NVIC_PriorityGroupConfig
                0x0000000000000c54        0x6 ./Peripheral/src/ch32v30x_misc.o
                0x0000000000000c54                NVIC_PriorityGroupConfig
 .text.RCC_GetClocksFreq
                0x0000000000000c5a       0xfe ./Peripheral/src/ch32v30x_rcc.o
                0x0000000000000c5a                RCC_GetClocksFreq
 .text.RCC_APB2PeriphClockCmd
                0x0000000000000d58       0x1e ./Peripheral/src/ch32v30x_rcc.o
                0x0000000000000d58                RCC_APB2PeriphClockCmd
 .text.TIM_GetITStatus
                0x0000000000000d76       0x18 ./Peripheral/src/ch32v30x_tim.o
                0x0000000000000d76                TIM_GetITStatus
 .text.USART_Init
                0x0000000000000d8e       0x8c ./Peripheral/src/ch32v30x_usart.o
                0x0000000000000d8e                USART_Init
 .text.USART_Cmd
                0x0000000000000e1a       0x14 ./Peripheral/src/ch32v30x_usart.o
                0x0000000000000e1a                USART_Cmd
 .text.USART_SendData
                0x0000000000000e2e        0x8 ./Peripheral/src/ch32v30x_usart.o
                0x0000000000000e2e                USART_SendData
 .text.USART_GetFlagStatus
                0x0000000000000e36        0xa ./Peripheral/src/ch32v30x_usart.o
                0x0000000000000e36                USART_GetFlagStatus
 .text.index2addr
                0x0000000000000e40       0x5c ./LUA/lapi.o
 .text.growstack
                0x0000000000000e9c        0x6 ./LUA/lapi.o
 .text.auxgetstr
                0x0000000000000ea2       0x66 ./LUA/lapi.o
 .text.auxsetstr
                0x0000000000000f08       0x92 ./LUA/lapi.o
 .text.f_call   0x0000000000000f9a        0x8 ./LUA/lapi.o
 .text.aux_upvalue.constprop.0
                0x0000000000000fa2       0x7c ./LUA/lapi.o
 .text.reverse.constprop.0
                0x000000000000101e       0x20 ./LUA/lapi.o
 .text.lua_checkstack
                0x000000000000103e       0x5e ./LUA/lapi.o
                0x000000000000103e                lua_checkstack
 .text.lua_xmove
                0x000000000000109c       0x34 ./LUA/lapi.o
                0x000000000000109c                lua_xmove
 .text.lua_atpanic
                0x00000000000010d0        0x8 ./LUA/lapi.o
                0x00000000000010d0                lua_atpanic
 .text.lua_version
                0x00000000000010d8        0xe ./LUA/lapi.o
                0x00000000000010d8                lua_version
 .text.lua_absindex
                0x00000000000010e6       0x24 ./LUA/lapi.o
                0x00000000000010e6                lua_absindex
 .text.lua_gettop
                0x000000000000110a        0xe ./LUA/lapi.o
                0x000000000000110a                lua_gettop
 .text.lua_settop
                0x0000000000001118       0x2a ./LUA/lapi.o
                0x0000000000001118                lua_settop
 .text.lua_rotate
                0x0000000000001142       0x3c ./LUA/lapi.o
                0x0000000000001142                lua_rotate
 .text.lua_copy
                0x000000000000117e       0x4c ./LUA/lapi.o
                0x000000000000117e                lua_copy
 .text.lua_pushvalue
                0x00000000000011ca       0x1a ./LUA/lapi.o
                0x00000000000011ca                lua_pushvalue
 .text.lua_type
                0x00000000000011e4       0x1a ./LUA/lapi.o
                0x00000000000011e4                lua_type
 .text.lua_typename
                0x00000000000011fe       0x10 ./LUA/lapi.o
                0x00000000000011fe                lua_typename
 .text.lua_isinteger
                0x000000000000120e       0x12 ./LUA/lapi.o
                0x000000000000120e                lua_isinteger
 .text.lua_isnumber
                0x0000000000001220       0x20 ./LUA/lapi.o
                0x0000000000001220                lua_isnumber
 .text.lua_isstring
                0x0000000000001240       0x14 ./LUA/lapi.o
                0x0000000000001240                lua_isstring
 .text.lua_rawequal
                0x0000000000001254       0x30 ./LUA/lapi.o
                0x0000000000001254                lua_rawequal
 .text.lua_compare
                0x0000000000001284       0x58 ./LUA/lapi.o
                0x0000000000001284                lua_compare
 .text.lua_stringtonumber
                0x00000000000012dc       0x1a ./LUA/lapi.o
                0x00000000000012dc                lua_stringtonumber
 .text.lua_tonumberx
                0x00000000000012f6       0x30 ./LUA/lapi.o
                0x00000000000012f6                lua_tonumberx
 .text.lua_tointegerx
                0x0000000000001326       0x34 ./LUA/lapi.o
                0x0000000000001326                lua_tointegerx
 .text.lua_toboolean
                0x000000000000135a       0x22 ./LUA/lapi.o
                0x000000000000135a                lua_toboolean
 .text.lua_tolstring
                0x000000000000137c       0x64 ./LUA/lapi.o
                0x000000000000137c                lua_tolstring
 .text.lua_rawlen
                0x00000000000013e0       0x46 ./LUA/lapi.o
                0x00000000000013e0                lua_rawlen
 .text.lua_touserdata
                0x0000000000001426       0x28 ./LUA/lapi.o
                0x0000000000001426                lua_touserdata
 .text.lua_tothread
                0x000000000000144e       0x1c ./LUA/lapi.o
                0x000000000000144e                lua_tothread
 .text.lua_topointer
                0x000000000000146a       0x46 ./LUA/lapi.o
                0x000000000000146a                lua_topointer
 .text.lua_pushnil
                0x00000000000014b0        0xc ./LUA/lapi.o
                0x00000000000014b0                lua_pushnil
 .text.lua_pushnumber
                0x00000000000014bc        0xe ./LUA/lapi.o
                0x00000000000014bc                lua_pushnumber
 .text.lua_pushinteger
                0x00000000000014ca        0xe ./LUA/lapi.o
                0x00000000000014ca                lua_pushinteger
 .text.lua_pushlstring
                0x00000000000014d8       0x40 ./LUA/lapi.o
                0x00000000000014d8                lua_pushlstring
 .text.lua_pushstring
                0x0000000000001518       0x40 ./LUA/lapi.o
                0x0000000000001518                lua_pushstring
 .text.lua_pushvfstring
                0x0000000000001558       0x20 ./LUA/lapi.o
                0x0000000000001558                lua_pushvfstring
 .text.lua_pushfstring
                0x0000000000001578       0x3a ./LUA/lapi.o
                0x0000000000001578                lua_pushfstring
 .text.lua_pushcclosure
                0x00000000000015b2       0x62 ./LUA/lapi.o
                0x00000000000015b2                lua_pushcclosure
 .text.lua_pushboolean
                0x0000000000001614       0x12 ./LUA/lapi.o
                0x0000000000001614                lua_pushboolean
 .text.lua_pushthread
                0x0000000000001626       0x1c ./LUA/lapi.o
                0x0000000000001626                lua_pushthread
 .text.lua_getglobal
                0x0000000000001642       0x24 ./LUA/lapi.o
                0x0000000000001642                lua_getglobal
 .text.lua_getfield
                0x0000000000001666       0x1e ./LUA/lapi.o
                0x0000000000001666                lua_getfield
 .text.lua_geti
                0x0000000000001684       0x5e ./LUA/lapi.o
                0x0000000000001684                lua_geti
 .text.lua_rawget
                0x00000000000016e2       0x2e ./LUA/lapi.o
                0x00000000000016e2                lua_rawget
 .text.lua_rawgeti
                0x0000000000001710       0x34 ./LUA/lapi.o
                0x0000000000001710                lua_rawgeti
 .text.lua_rawgetp
                0x0000000000001744       0x38 ./LUA/lapi.o
                0x0000000000001744                lua_rawgetp
 .text.lua_createtable
                0x000000000000177c       0x46 ./LUA/lapi.o
                0x000000000000177c                lua_createtable
 .text.lua_getmetatable
                0x00000000000017c2       0x4a ./LUA/lapi.o
                0x00000000000017c2                lua_getmetatable
 .text.lua_setglobal
                0x000000000000180c       0x24 ./LUA/lapi.o
                0x000000000000180c                lua_setglobal
 .text.lua_setfield
                0x0000000000001830       0x1e ./LUA/lapi.o
                0x0000000000001830                lua_setfield
 .text.lua_seti
                0x000000000000184e       0x8a ./LUA/lapi.o
                0x000000000000184e                lua_seti
 .text.lua_rawset
                0x00000000000018d8       0x5a ./LUA/lapi.o
                0x00000000000018d8                lua_rawset
 .text.lua_rawseti
                0x0000000000001932       0x4e ./LUA/lapi.o
                0x0000000000001932                lua_rawseti
 .text.lua_rawsetp
                0x0000000000001980       0x5c ./LUA/lapi.o
                0x0000000000001980                lua_rawsetp
 .text.lua_setmetatable
                0x00000000000019dc       0x94 ./LUA/lapi.o
                0x00000000000019dc                lua_setmetatable
 .text.lua_callk
                0x0000000000001a70       0x44 ./LUA/lapi.o
                0x0000000000001a70                lua_callk
 .text.lua_pcallk
                0x0000000000001ab4       0xa2 ./LUA/lapi.o
                0x0000000000001ab4                lua_pcallk
 .text.lua_load
                0x0000000000001b56       0x70 ./LUA/lapi.o
                0x0000000000001b56                lua_load
 .text.lua_status
                0x0000000000001bc6        0x4 ./LUA/lapi.o
                0x0000000000001bc6                lua_status
 .text.lua_gc   0x0000000000001bca       0xcc ./LUA/lapi.o
                0x0000000000001bca                lua_gc
 .text.lua_error
                0x0000000000001c96        0x4 ./LUA/lapi.o
                0x0000000000001c96                lua_error
 .text.lua_next
                0x0000000000001c9a       0x28 ./LUA/lapi.o
                0x0000000000001c9a                lua_next
 .text.lua_concat
                0x0000000000001cc2       0x44 ./LUA/lapi.o
                0x0000000000001cc2                lua_concat
 .text.lua_len  0x0000000000001d06       0x1e ./LUA/lapi.o
                0x0000000000001d06                lua_len
 .text.lua_getallocf
                0x0000000000001d24        0xe ./LUA/lapi.o
                0x0000000000001d24                lua_getallocf
 .text.lua_newuserdata
                0x0000000000001d32       0x30 ./LUA/lapi.o
                0x0000000000001d32                lua_newuserdata
 .text.lua_setupvalue
                0x0000000000001d62       0x84 ./LUA/lapi.o
                0x0000000000001d62                lua_setupvalue
 .text.getS     0x0000000000001de6       0x10 ./LUA/lauxlib.o
 .text.findfield
                0x0000000000001df6       0x9c ./LUA/lauxlib.o
 .text.pushglobalfuncname
                0x0000000000001e92       0x9e ./LUA/lauxlib.o
 .text.errfile  0x0000000000001f30       0x50 ./LUA/lauxlib.o
 .text.getF     0x0000000000001f80       0x3a ./LUA/lauxlib.o
 .text.panic    0x0000000000001fba       0x30 ./LUA/lauxlib.o
 .text.l_alloc  0x0000000000001fea       0x2c ./LUA/lauxlib.o
 .text.skipcomment
                0x0000000000002016       0x76 ./LUA/lauxlib.o
 .text.luaL_where
                0x000000000000208c       0x46 ./LUA/lauxlib.o
                0x000000000000208c                luaL_where
 .text.luaL_error
                0x00000000000020d2       0x42 ./LUA/lauxlib.o
                0x00000000000020d2                luaL_error
 .text.luaL_argerror
                0x0000000000002114       0x88 ./LUA/lauxlib.o
                0x0000000000002114                luaL_argerror
 .text.resizebox
                0x000000000000219c       0x52 ./LUA/lauxlib.o
 .text.boxgc    0x00000000000021ee       0x10 ./LUA/lauxlib.o
 .text.luaL_newmetatable
                0x00000000000021fe       0x5e ./LUA/lauxlib.o
                0x00000000000021fe                luaL_newmetatable
 .text.luaL_checkstack
                0x000000000000225c       0x34 ./LUA/lauxlib.o
                0x000000000000225c                luaL_checkstack
 .text.luaL_checkany
                0x0000000000002290       0x24 ./LUA/lauxlib.o
                0x0000000000002290                luaL_checkany
 .text.luaL_prepbuffsize
                0x00000000000022b4       0xb2 ./LUA/lauxlib.o
                0x00000000000022b4                luaL_prepbuffsize
 .text.luaL_addlstring
                0x0000000000002366       0x26 ./LUA/lauxlib.o
                0x0000000000002366                luaL_addlstring
 .text.luaL_addstring
                0x000000000000238c       0x20 ./LUA/lauxlib.o
                0x000000000000238c                luaL_addstring
 .text.luaL_pushresult
                0x00000000000023ac       0x3c ./LUA/lauxlib.o
                0x00000000000023ac                luaL_pushresult
 .text.luaL_addvalue
                0x00000000000023e8       0x54 ./LUA/lauxlib.o
                0x00000000000023e8                luaL_addvalue
 .text.luaL_buffinit
                0x000000000000243c       0x16 ./LUA/lauxlib.o
                0x000000000000243c                luaL_buffinit
 .text.luaL_loadfilex
                0x0000000000002452      0x128 ./LUA/lauxlib.o
                0x0000000000002452                luaL_loadfilex
 .text.luaL_loadbufferx
                0x000000000000257a       0x1c ./LUA/lauxlib.o
                0x000000000000257a                luaL_loadbufferx
 .text.luaL_loadstring
                0x0000000000002596       0x24 ./LUA/lauxlib.o
                0x0000000000002596                luaL_loadstring
 .text.luaL_getmetafield
                0x00000000000025ba       0x48 ./LUA/lauxlib.o
                0x00000000000025ba                luaL_getmetafield
 .text.typeerror.isra.0
                0x0000000000002602       0x6a ./LUA/lauxlib.o
 .text.tag_error
                0x000000000000266c       0x1c ./LUA/lauxlib.o
 .text.luaL_checktype
                0x0000000000002688       0x24 ./LUA/lauxlib.o
                0x0000000000002688                luaL_checktype
 .text.luaL_checklstring
                0x00000000000026ac       0x20 ./LUA/lauxlib.o
                0x00000000000026ac                luaL_checklstring
 .text.luaL_optlstring
                0x00000000000026cc       0x36 ./LUA/lauxlib.o
                0x00000000000026cc                luaL_optlstring
 .text.luaL_checkoption
                0x0000000000002702       0x58 ./LUA/lauxlib.o
                0x0000000000002702                luaL_checkoption
 .text.luaL_checkinteger
                0x000000000000275a       0x42 ./LUA/lauxlib.o
                0x000000000000275a                luaL_checkinteger
 .text.luaL_optinteger
                0x000000000000279c       0x22 ./LUA/lauxlib.o
                0x000000000000279c                luaL_optinteger
 .text.luaL_callmeta
                0x00000000000027be       0x3a ./LUA/lauxlib.o
                0x00000000000027be                luaL_callmeta
 .text.luaL_len
                0x00000000000027f8       0x38 ./LUA/lauxlib.o
                0x00000000000027f8                luaL_len
 .text.luaL_tolstring
                0x0000000000002830      0x132 ./LUA/lauxlib.o
                0x0000000000002830                luaL_tolstring
 .text.luaL_setfuncs
                0x0000000000002962       0x5c ./LUA/lauxlib.o
                0x0000000000002962                luaL_setfuncs
 .text.luaL_getsubtable
                0x00000000000029be       0x4c ./LUA/lauxlib.o
                0x00000000000029be                luaL_getsubtable
 .text.luaL_requiref
                0x0000000000002a0a       0x96 ./LUA/lauxlib.o
                0x0000000000002a0a                luaL_requiref
 .text.luaL_gsub
                0x0000000000002aa0       0x96 ./LUA/lauxlib.o
                0x0000000000002aa0                luaL_gsub
 .text.luaL_newstate
                0x0000000000002b36       0x24 ./LUA/lauxlib.o
                0x0000000000002b36                luaL_newstate
 .text.luaL_checkversion_
                0x0000000000002b5a       0x76 ./LUA/lauxlib.o
                0x0000000000002b5a                luaL_checkversion_
 .text.dofilecont
                0x0000000000002bd0        0xe ./LUA/lbaselib.o
 .text.luaB_type
                0x0000000000002bde       0x38 ./LUA/lbaselib.o
 .text.luaB_tostring
                0x0000000000002c16       0x1c ./LUA/lbaselib.o
 .text.luaB_select
                0x0000000000002c32       0x70 ./LUA/lbaselib.o
 .text.luaB_setmetatable
                0x0000000000002ca2       0x62 ./LUA/lbaselib.o
 .text.luaB_rawset
                0x0000000000002d04       0x34 ./LUA/lbaselib.o
 .text.luaB_rawget
                0x0000000000002d38       0x2c ./LUA/lbaselib.o
 .text.luaB_rawlen
                0x0000000000002d64       0x38 ./LUA/lbaselib.o
 .text.luaB_rawequal
                0x0000000000002d9c       0x2c ./LUA/lbaselib.o
 .text.luaB_print
                0x0000000000002dc8       0xb6 ./LUA/lbaselib.o
 .text.luaB_ipairs
                0x0000000000002e7e       0x30 ./LUA/lbaselib.o
 .text.luaB_next
                0x0000000000002eae       0x30 ./LUA/lbaselib.o
 .text.generic_reader
                0x0000000000002ede       0x7a ./LUA/lbaselib.o
 .text.ipairsaux
                0x0000000000002f58       0x32 ./LUA/lbaselib.o
 .text.luaB_error
                0x0000000000002f8a       0x4c ./LUA/lbaselib.o
 .text.luaB_collectgarbage
                0x0000000000002fd6       0x84 ./LUA/lbaselib.o
 .text.finishpcall
                0x000000000000305a       0x2a ./LUA/lbaselib.o
 .text.luaB_xpcall
                0x0000000000003084       0x54 ./LUA/lbaselib.o
 .text.luaB_pcall
                0x00000000000030d8       0x48 ./LUA/lbaselib.o
 .text.load_aux
                0x0000000000003120       0x3c ./LUA/lbaselib.o
 .text.luaB_load
                0x000000000000315c       0x9a ./LUA/lbaselib.o
 .text.luaB_loadfile
                0x00000000000031f6       0x4e ./LUA/lbaselib.o
 .text.luaB_getmetatable
                0x0000000000003244       0x32 ./LUA/lbaselib.o
 .text.luaB_dofile
                0x0000000000003276       0x4c ./LUA/lbaselib.o
 .text.luaB_assert
                0x00000000000032c2       0x4e ./LUA/lbaselib.o
 .text.luaB_pairs
                0x0000000000003310       0x56 ./LUA/lbaselib.o
 .text.luaB_tonumber
                0x0000000000003366      0x148 ./LUA/lbaselib.o
 .text.luaopen_base
                0x00000000000034ae       0x58 ./LUA/lbaselib.o
                0x00000000000034ae                luaopen_base
 .text.addk     0x0000000000003506       0xd6 ./LUA/lcode.o
 .text.tonumeral
                0x00000000000035dc       0x36 ./LUA/lcode.o
 .text.constfolding
                0x0000000000003612       0xda ./LUA/lcode.o
 .text.freereg  0x00000000000036ec       0x1a ./LUA/lcode.o
 .text.freeexps
                0x0000000000003706       0x4c ./LUA/lcode.o
 .text.fixjump  0x0000000000003752       0x42 ./LUA/lcode.o
 .text.freeexp  0x0000000000003794       0x10 ./LUA/lcode.o
 .text.getjumpcontrol.isra.0
                0x00000000000037a4       0x28 ./LUA/lcode.o
 .text.patchtestreg.isra.0
                0x00000000000037cc       0x5a ./LUA/lcode.o
 .text.negatecondition.isra.0
                0x0000000000003826       0x28 ./LUA/lcode.o
 .text.getjump.isra.0
                0x000000000000384e       0x1e ./LUA/lcode.o
 .text.patchlistaux
                0x000000000000386c       0x44 ./LUA/lcode.o
 .text.luaK_code
                0x00000000000038b0       0x8e ./LUA/lcode.o
 .text.need_value
                0x000000000000393e       0x3e ./LUA/lcode.o
 .text.removevalues
                0x000000000000397c       0x2e ./LUA/lcode.o
 .text.luaK_concat
                0x00000000000039aa       0x40 ./LUA/lcode.o
                0x00000000000039aa                luaK_concat
 .text.luaK_jump
                0x00000000000039ea       0x2e ./LUA/lcode.o
                0x00000000000039ea                luaK_jump
 .text.luaK_getlabel
                0x0000000000003a18        0x8 ./LUA/lcode.o
                0x0000000000003a18                luaK_getlabel
 .text.luaK_patchtohere
                0x0000000000003a20        0xe ./LUA/lcode.o
                0x0000000000003a20                luaK_patchtohere
 .text.luaK_patchlist
                0x0000000000003a2e       0x1e ./LUA/lcode.o
                0x0000000000003a2e                luaK_patchlist
 .text.luaK_patchclose
                0x0000000000003a4c       0x40 ./LUA/lcode.o
                0x0000000000003a4c                luaK_patchclose
 .text.luaK_codeABC
                0x0000000000003a8c       0x12 ./LUA/lcode.o
                0x0000000000003a8c                luaK_codeABC
 .text.luaK_nil
                0x0000000000003a9e       0x86 ./LUA/lcode.o
                0x0000000000003a9e                luaK_nil
 .text.luaK_ret
                0x0000000000003b24       0x10 ./LUA/lcode.o
                0x0000000000003b24                luaK_ret
 .text.luaK_codeABx
                0x0000000000003b34        0xc ./LUA/lcode.o
                0x0000000000003b34                luaK_codeABx
 .text.luaK_codek
                0x0000000000003b40       0x3e ./LUA/lcode.o
                0x0000000000003b40                luaK_codek
 .text.luaK_checkstack
                0x0000000000003b7e       0x2a ./LUA/lcode.o
                0x0000000000003b7e                luaK_checkstack
 .text.luaK_reserveregs
                0x0000000000003ba8       0x1c ./LUA/lcode.o
                0x0000000000003ba8                luaK_reserveregs
 .text.luaK_stringK
                0x0000000000003bc4       0x1e ./LUA/lcode.o
                0x0000000000003bc4                luaK_stringK
 .text.luaK_intK
                0x0000000000003be2       0x20 ./LUA/lcode.o
                0x0000000000003be2                luaK_intK
 .text.luaK_setreturns
                0x0000000000003c02       0x62 ./LUA/lcode.o
                0x0000000000003c02                luaK_setreturns
 .text.luaK_setoneret
                0x0000000000003c64       0x46 ./LUA/lcode.o
                0x0000000000003c64                luaK_setoneret
 .text.luaK_dischargevars
                0x0000000000003caa       0x76 ./LUA/lcode.o
                0x0000000000003caa                luaK_dischargevars
 .text.discharge2reg
                0x0000000000003d20       0xc4 ./LUA/lcode.o
 .text.exp2reg  0x0000000000003de4       0xbc ./LUA/lcode.o
 .text.jumponcond
                0x0000000000003ea0       0x7c ./LUA/lcode.o
 .text.luaK_exp2nextreg
                0x0000000000003f1c       0x2e ./LUA/lcode.o
                0x0000000000003f1c                luaK_exp2nextreg
 .text.luaK_exp2anyreg
                0x0000000000003f4a       0x40 ./LUA/lcode.o
                0x0000000000003f4a                luaK_exp2anyreg
 .text.luaK_exp2anyregup
                0x0000000000003f8a       0x16 ./LUA/lcode.o
                0x0000000000003f8a                luaK_exp2anyregup
 .text.luaK_exp2val
                0x0000000000003fa0       0x1a ./LUA/lcode.o
                0x0000000000003fa0                luaK_exp2val
 .text.luaK_exp2RK
                0x0000000000003fba       0x86 ./LUA/lcode.o
                0x0000000000003fba                luaK_exp2RK
 .text.luaK_storevar
                0x0000000000004040       0x70 ./LUA/lcode.o
                0x0000000000004040                luaK_storevar
 .text.luaK_self
                0x00000000000040b0       0x54 ./LUA/lcode.o
                0x00000000000040b0                luaK_self
 .text.luaK_goiftrue
                0x0000000000004104       0x5a ./LUA/lcode.o
                0x0000000000004104                luaK_goiftrue
 .text.luaK_goiffalse
                0x000000000000415e       0x4e ./LUA/lcode.o
                0x000000000000415e                luaK_goiffalse
 .text.luaK_indexed
                0x00000000000041ac       0x28 ./LUA/lcode.o
                0x00000000000041ac                luaK_indexed
 .text.luaK_infix
                0x00000000000041d4       0x54 ./LUA/lcode.o
                0x00000000000041d4                luaK_infix
 .text.luaK_fixline
                0x0000000000004228       0x10 ./LUA/lcode.o
                0x0000000000004228                luaK_fixline
 .text.luaK_prefix
                0x0000000000004238       0xe6 ./LUA/lcode.o
                0x0000000000004238                luaK_prefix
 .text.codebinexpval
                0x000000000000431e       0x4e ./LUA/lcode.o
 .text.luaK_posfix
                0x000000000000436c      0x13a ./LUA/lcode.o
                0x000000000000436c                luaK_posfix
 .text.luaK_setlist
                0x00000000000044a6       0x5a ./LUA/lcode.o
                0x00000000000044a6                luaK_setlist
 .text.luaB_yieldable
                0x0000000000004500       0x18 ./LUA/lcorolib.o
 .text.luaB_yield
                0x0000000000004518       0x1a ./LUA/lcorolib.o
 .text.auxresume
                0x0000000000004532       0x98 ./LUA/lcorolib.o
 .text.luaB_corunning
                0x00000000000045ca       0x18 ./LUA/lcorolib.o
 .text.luaB_cocreate
                0x00000000000045e2       0x2e ./LUA/lcorolib.o
 .text.luaB_cowrap
                0x0000000000004610       0x1e ./LUA/lcorolib.o
 .text.luaB_auxwrap
                0x000000000000462e       0x5e ./LUA/lcorolib.o
 .text.getco    0x000000000000468c       0x24 ./LUA/lcorolib.o
 .text.luaB_costatus
                0x00000000000046b0       0x5e ./LUA/lcorolib.o
 .text.luaB_coresume
                0x000000000000470e       0x5a ./LUA/lcorolib.o
 .text.luaopen_coroutine
                0x0000000000004768       0x30 ./LUA/lcorolib.o
                0x0000000000004768                luaopen_coroutine
 .text.currentpc
                0x0000000000004798       0x12 ./LUA/ldebug.o
 .text.currentline
                0x00000000000047aa       0x20 ./LUA/ldebug.o
 .text.swapextra
                0x00000000000047ca       0x1a ./LUA/ldebug.o
 .text.getobjname
                0x00000000000047e4      0x1d4 ./LUA/ldebug.o
 .text.kname    0x00000000000049b8       0x48 ./LUA/ldebug.o
 .text.varinfo  0x0000000000004a00       0x9a ./LUA/ldebug.o
 .text.lua_getstack
                0x0000000000004a9a       0x2a ./LUA/ldebug.o
                0x0000000000004a9a                lua_getstack
 .text.lua_getinfo
                0x0000000000004ac4      0x2e8 ./LUA/ldebug.o
                0x0000000000004ac4                lua_getinfo
 .text.luaG_addinfo
                0x0000000000004dac       0x3e ./LUA/ldebug.o
                0x0000000000004dac                luaG_addinfo
 .text.luaG_errormsg
                0x0000000000004dea       0x38 ./LUA/ldebug.o
                0x0000000000004dea                luaG_errormsg
 .text.luaG_runerror
                0x0000000000004e22       0x5c ./LUA/ldebug.o
                0x0000000000004e22                luaG_runerror
 .text.luaG_typeerror
                0x0000000000004e7e       0x2c ./LUA/ldebug.o
                0x0000000000004e7e                luaG_typeerror
 .text.luaG_concaterror
                0x0000000000004eaa       0x1c ./LUA/ldebug.o
                0x0000000000004eaa                luaG_concaterror
 .text.luaG_opinterror
                0x0000000000004ec6       0x32 ./LUA/ldebug.o
                0x0000000000004ec6                luaG_opinterror
 .text.luaG_tointerror
                0x0000000000004ef8       0x3e ./LUA/ldebug.o
                0x0000000000004ef8                luaG_tointerror
 .text.luaG_ordererror
                0x0000000000004f36       0x40 ./LUA/ldebug.o
                0x0000000000004f36                luaG_ordererror
 .text.luaG_traceexec
                0x0000000000004f76       0xd8 ./LUA/ldebug.o
                0x0000000000004f76                luaG_traceexec
 .text.seterrorobj
                0x000000000000504e       0x4a ./LUA/ldo.o
 .text.resume_error
                0x0000000000005098       0x28 ./LUA/ldo.o
 .text.luaD_throw
                0x00000000000050c0       0x5c ./LUA/ldo.o
                0x00000000000050c0                luaD_throw
 .text.checkmode
                0x000000000000511c       0x3c ./LUA/ldo.o
 .text.f_parser
                0x0000000000005158       0x78 ./LUA/ldo.o
 .text.luaD_rawrunprotected
                0x00000000000051d0       0x46 ./LUA/ldo.o
                0x00000000000051d0                luaD_rawrunprotected
 .text.luaD_reallocstack
                0x0000000000005216       0x92 ./LUA/ldo.o
                0x0000000000005216                luaD_reallocstack
 .text.luaD_growstack
                0x00000000000052a8       0x62 ./LUA/ldo.o
                0x00000000000052a8                luaD_growstack
 .text.luaD_shrinkstack
                0x000000000000530a       0x6c ./LUA/ldo.o
                0x000000000000530a                luaD_shrinkstack
 .text.luaD_inctop
                0x0000000000005376       0x22 ./LUA/ldo.o
                0x0000000000005376                luaD_inctop
 .text.luaD_hook
                0x0000000000005398       0x78 ./LUA/ldo.o
                0x0000000000005398                luaD_hook
 .text.luaD_poscall
                0x0000000000005410       0xec ./LUA/ldo.o
                0x0000000000005410                luaD_poscall
 .text.finishCcall
                0x00000000000054fc       0x4a ./LUA/ldo.o
 .text.unroll   0x0000000000005546       0x3a ./LUA/ldo.o
 .text.luaD_precall
                0x0000000000005580      0x284 ./LUA/ldo.o
                0x0000000000005580                luaD_precall
 .text.resume   0x0000000000005804       0x6a ./LUA/ldo.o
 .text.luaD_call
                0x000000000000586e       0x58 ./LUA/ldo.o
                0x000000000000586e                luaD_call
 .text.luaD_callnoyield
                0x00000000000058c6       0x22 ./LUA/ldo.o
                0x00000000000058c6                luaD_callnoyield
 .text.lua_resume
                0x00000000000058e8      0x110 ./LUA/ldo.o
                0x00000000000058e8                lua_resume
 .text.lua_isyieldable
                0x00000000000059f8        0xa ./LUA/ldo.o
                0x00000000000059f8                lua_isyieldable
 .text.lua_yieldk
                0x0000000000005a02       0x60 ./LUA/ldo.o
                0x0000000000005a02                lua_yieldk
 .text.luaD_pcall
                0x0000000000005a62       0x58 ./LUA/ldo.o
                0x0000000000005a62                luaD_pcall
 .text.luaD_protectedparser
                0x0000000000005aba       0x8a ./LUA/ldo.o
                0x0000000000005aba                luaD_protectedparser
 .text.luaF_newCclosure
                0x0000000000005b44       0x1a ./LUA/lfunc.o
                0x0000000000005b44                luaF_newCclosure
 .text.luaF_newLclosure
                0x0000000000005b5e       0x32 ./LUA/lfunc.o
                0x0000000000005b5e                luaF_newLclosure
 .text.luaF_initupvals
                0x0000000000005b90       0x3e ./LUA/lfunc.o
                0x0000000000005b90                luaF_initupvals
 .text.luaF_findupval
                0x0000000000005bce       0x54 ./LUA/lfunc.o
                0x0000000000005bce                luaF_findupval
 .text.luaF_close
                0x0000000000005c22       0x46 ./LUA/lfunc.o
                0x0000000000005c22                luaF_close
 .text.luaF_newproto
                0x0000000000005c68       0x5a ./LUA/lfunc.o
                0x0000000000005c68                luaF_newproto
 .text.luaF_freeproto
                0x0000000000005cc2       0x70 ./LUA/lfunc.o
                0x0000000000005cc2                luaF_freeproto
 .text.luaF_getlocalname
                0x0000000000005d32       0x32 ./LUA/lfunc.o
                0x0000000000005d32                luaF_getlocalname
 .text.reallymarkobject
                0x0000000000005d64       0xb2 ./LUA/lgc.o
 .text.iscleared
                0x0000000000005e16       0x30 ./LUA/lgc.o
 .text.markmt   0x0000000000005e46       0x28 ./LUA/lgc.o
 .text.markbeingfnz
                0x0000000000005e6e       0x20 ./LUA/lgc.o
 .text.separatetobefnz
                0x0000000000005e8e       0x34 ./LUA/lgc.o
 .text.GCTM     0x0000000000005ec2       0xfa ./LUA/lgc.o
 .text.runafewfinalizers
                0x0000000000005fbc       0x36 ./LUA/lgc.o
 .text.dothecall
                0x0000000000005ff2        0xa ./LUA/lgc.o
 .text.setpause
                0x0000000000005ffc       0x2a ./LUA/lgc.o
 .text.removeentry
                0x0000000000006026       0x16 ./LUA/lgc.o
 .text.traverseephemeron
                0x000000000000603c       0xc8 ./LUA/lgc.o
 .text.propagatemark
                0x0000000000006104      0x3d8 ./LUA/lgc.o
 .text.propagateall
                0x00000000000064dc       0x16 ./LUA/lgc.o
 .text.clearvalues
                0x00000000000064f2       0x6a ./LUA/lgc.o
 .text.clearkeys.constprop.0
                0x000000000000655c       0x42 ./LUA/lgc.o
 .text.convergeephemerons.constprop.0
                0x000000000000659e       0x2e ./LUA/lgc.o
 .text.luaC_barrier_
                0x00000000000065cc       0x22 ./LUA/lgc.o
                0x00000000000065cc                luaC_barrier_
 .text.luaC_barrierback_
                0x00000000000065ee       0x10 ./LUA/lgc.o
                0x00000000000065ee                luaC_barrierback_
 .text.luaC_upvalbarrier_
                0x00000000000065fe       0x1c ./LUA/lgc.o
                0x00000000000065fe                luaC_upvalbarrier_
 .text.luaC_fix
                0x000000000000661a       0x14 ./LUA/lgc.o
                0x000000000000661a                luaC_fix
 .text.luaC_newobj
                0x000000000000662e       0x28 ./LUA/lgc.o
                0x000000000000662e                luaC_newobj
 .text.luaC_upvdeccount
                0x0000000000006656       0x1c ./LUA/lgc.o
                0x0000000000006656                luaC_upvdeccount
 .text.sweeplist
                0x0000000000006672       0xf0 ./LUA/lgc.o
 .text.entersweep
                0x0000000000006762       0x1c ./LUA/lgc.o
 .text.sweepstep
                0x000000000000677e       0x3e ./LUA/lgc.o
 .text.singlestep
                0x00000000000067bc      0x25a ./LUA/lgc.o
 .text.luaC_checkfinalizer
                0x0000000000006a16       0x84 ./LUA/lgc.o
                0x0000000000006a16                luaC_checkfinalizer
 .text.luaC_freeallobjects
                0x0000000000006a9a       0x50 ./LUA/lgc.o
                0x0000000000006a9a                luaC_freeallobjects
 .text.luaC_runtilstate
                0x0000000000006aea       0x24 ./LUA/lgc.o
                0x0000000000006aea                luaC_runtilstate
 .text.luaC_step
                0x0000000000006b0e       0x88 ./LUA/lgc.o
                0x0000000000006b0e                luaC_step
 .text.luaC_fullgc
                0x0000000000006b96       0x56 ./LUA/lgc.o
                0x0000000000006b96                luaC_fullgc
 .text.luaL_openlibs
                0x0000000000006bec       0x2a ./LUA/linit.o
                0x0000000000006bec                luaL_openlibs
 .text.check_next1
                0x0000000000006c16       0x34 ./LUA/llex.o
 .text.luaX_init
                0x0000000000006c4a       0x46 ./LUA/llex.o
                0x0000000000006c4a                luaX_init
 .text.luaX_token2str
                0x0000000000006c90       0x42 ./LUA/llex.o
                0x0000000000006c90                luaX_token2str
 .text.lexerror
                0x0000000000006cd2       0x5c ./LUA/llex.o
 .text.save     0x0000000000006d2e       0x4e ./LUA/llex.o
 .text.skip_sep
                0x0000000000006d7c       0x76 ./LUA/llex.o
 .text.check_next2
                0x0000000000006df2       0x46 ./LUA/llex.o
 .text.inclinenumber
                0x0000000000006e38       0x76 ./LUA/llex.o
 .text.esccheck
                0x0000000000006eae       0x42 ./LUA/llex.o
 .text.gethexa  0x0000000000006ef0       0x4e ./LUA/llex.o
 .text.read_numeral
                0x0000000000006f3e       0xf8 ./LUA/llex.o
 .text.luaX_syntaxerror
                0x0000000000007036        0xa ./LUA/llex.o
                0x0000000000007036                luaX_syntaxerror
 .text.luaX_newstring
                0x0000000000007040       0x54 ./LUA/llex.o
                0x0000000000007040                luaX_newstring
 .text.read_long_string
                0x0000000000007094      0x148 ./LUA/llex.o
 .text.llex     0x00000000000071dc      0x766 ./LUA/llex.o
 .text.luaX_setinput
                0x0000000000007942       0x4c ./LUA/llex.o
                0x0000000000007942                luaX_setinput
 .text.luaX_next
                0x000000000000798e       0x2c ./LUA/llex.o
                0x000000000000798e                luaX_next
 .text.luaX_lookahead
                0x00000000000079ba       0x14 ./LUA/llex.o
                0x00000000000079ba                luaX_lookahead
 .text.luaM_toobig
                0x00000000000079ce        0xe ./LUA/lmem.o
                0x00000000000079ce                luaM_toobig
 .text.luaM_realloc_
                0x00000000000079dc       0x54 ./LUA/lmem.o
                0x00000000000079dc                luaM_realloc_
 .text.luaM_growaux_
                0x0000000000007a30       0x5a ./LUA/lmem.o
                0x0000000000007a30                luaM_growaux_
 .text.findloader
                0x0000000000007a8a       0xe8 ./LUA/loadlib.o
 .text.ll_require
                0x0000000000007b72       0xb0 ./LUA/loadlib.o
 .text.searcher_preload
                0x0000000000007c22       0x44 ./LUA/loadlib.o
 .text.searchpath
                0x0000000000007c66      0x11e ./LUA/loadlib.o
 .text.ll_searchpath
                0x0000000000007d84       0x68 ./LUA/loadlib.o
 .text.lookforfunc
                0x0000000000007dec       0x74 ./LUA/loadlib.o
 .text.ll_loadlib
                0x0000000000007e60       0x5c ./LUA/loadlib.o
 .text.loadfunc
                0x0000000000007ebc       0x70 ./LUA/loadlib.o
 .text.gctm     0x0000000000007f2c       0x36 ./LUA/loadlib.o
 .text.setpath  0x0000000000007f62       0xae ./LUA/loadlib.o
 .text.checkload.part.0
                0x0000000000008010       0x36 ./LUA/loadlib.o
 .text.findfile.constprop.0
                0x0000000000008046       0x4c ./LUA/loadlib.o
 .text.searcher_C
                0x0000000000008092       0x4c ./LUA/loadlib.o
 .text.searcher_Croot
                0x00000000000080de       0x86 ./LUA/loadlib.o
 .text.searcher_Lua
                0x0000000000008164       0x4a ./LUA/loadlib.o
 .text.luaopen_package
                0x00000000000081ae      0x178 ./LUA/loadlib.o
                0x00000000000081ae                luaopen_package
 .text.intarith
                0x0000000000008326       0x70 ./LUA/lobject.o
 .text.l_str2dloc
                0x0000000000008396       0x40 ./LUA/lobject.o
 .text.pushstr  0x00000000000083d6       0x20 ./LUA/lobject.o
 .text.numarith.constprop.0
                0x00000000000083f6       0x6e ./LUA/lobject.o
 .text.luaO_int2fb
                0x0000000000008464       0x2e ./LUA/lobject.o
                0x0000000000008464                luaO_int2fb
 .text.luaO_fb2int
                0x0000000000008492       0x16 ./LUA/lobject.o
                0x0000000000008492                luaO_fb2int
 .text.luaO_ceillog2
                0x00000000000084a8       0x22 ./LUA/lobject.o
                0x00000000000084a8                luaO_ceillog2
 .text.luaO_arith
                0x00000000000084ca      0x130 ./LUA/lobject.o
                0x00000000000084ca                luaO_arith
 .text.luaO_hexavalue
                0x00000000000085fa       0x1e ./LUA/lobject.o
                0x00000000000085fa                luaO_hexavalue
 .text.luaO_str2num
                0x0000000000008618      0x18c ./LUA/lobject.o
                0x0000000000008618                luaO_str2num
 .text.luaO_utf8esc
                0x00000000000087a4       0x42 ./LUA/lobject.o
                0x00000000000087a4                luaO_utf8esc
 .text.luaO_tostring
                0x00000000000087e6       0x9c ./LUA/lobject.o
                0x00000000000087e6                luaO_tostring
 .text.luaO_pushfstring
                0x0000000000008882       0x1c ./LUA/lobject.o
                0x0000000000008882                luaO_pushfstring
 .text.luaO_pushvfstring
                0x000000000000889e      0x1a2 ./LUA/lobject.o
                0x000000000000889e                luaO_pushvfstring
 .text.luaO_chunkid
                0x0000000000008a40       0xe0 ./LUA/lobject.o
                0x0000000000008a40                luaO_chunkid
 .text.getlocvar
                0x0000000000008b20       0x20 ./LUA/lparser.o
 .text.enterblock
                0x0000000000008b40       0x20 ./LUA/lparser.o
 .text.open_func
                0x0000000000008b60       0x62 ./LUA/lparser.o
 .text.testnext
                0x0000000000008bc2       0x18 ./LUA/lparser.o
 .text.newlabelentry
                0x0000000000008bda       0x5a ./LUA/lparser.o
 .text.checklimit
                0x0000000000008c34       0x4a ./LUA/lparser.o
 .text.newupvalue
                0x0000000000008c7e       0xa4 ./LUA/lparser.o
 .text.enterlevel
                0x0000000000008d22       0x20 ./LUA/lparser.o
 .text.new_localvar
                0x0000000000008d42       0xdc ./LUA/lparser.o
 .text.new_localvarliteral_
                0x0000000000008e1e       0x16 ./LUA/lparser.o
 .text.error_expected
                0x0000000000008e34       0x22 ./LUA/lparser.o
 .text.checknext
                0x0000000000008e56       0x16 ./LUA/lparser.o
 .text.adjust_assign
                0x0000000000008e6c       0x7c ./LUA/lparser.o
 .text.check_match
                0x0000000000008ee8       0x54 ./LUA/lparser.o
 .text.block_follow.isra.0
                0x0000000000008f3c       0x24 ./LUA/lparser.o
 .text.singlevaraux
                0x0000000000008f60       0xa8 ./LUA/lparser.o
 .text.adjustlocalvars.isra.0
                0x0000000000009008       0x30 ./LUA/lparser.o
 .text.str_checkname
                0x0000000000009038       0x22 ./LUA/lparser.o
 .text.checkname
                0x000000000000905a       0x24 ./LUA/lparser.o
 .text.fieldsel
                0x000000000000907e       0x32 ./LUA/lparser.o
 .text.singlevar
                0x00000000000090b0       0x54 ./LUA/lparser.o
 .text.closegoto
                0x0000000000009104       0x80 ./LUA/lparser.o
 .text.findgotos
                0x0000000000009184       0x42 ./LUA/lparser.o
 .text.findlabel
                0x00000000000091c6       0x66 ./LUA/lparser.o
 .text.leaveblock
                0x000000000000922c      0x13c ./LUA/lparser.o
 .text.close_func
                0x0000000000009368       0xf6 ./LUA/lparser.o
 .text.gotostat
                0x000000000000945e       0x4c ./LUA/lparser.o
 .text.statement
                0x00000000000094aa      0x5aa ./LUA/lparser.o
 .text.statlist
                0x0000000000009a54       0x2a ./LUA/lparser.o
 .text.body     0x0000000000009a7e      0x1a8 ./LUA/lparser.o
 .text.subexpr  0x0000000000009c26      0x2a6 ./LUA/lparser.o
 .text.expr     0x0000000000009ecc        0x6 ./LUA/lparser.o
 .text.yindex   0x0000000000009ed2       0x2a ./LUA/lparser.o
 .text.recfield
                0x0000000000009efc       0x8c ./LUA/lparser.o
 .text.listfield
                0x0000000000009f88       0x32 ./LUA/lparser.o
 .text.constructor
                0x0000000000009fba      0x182 ./LUA/lparser.o
 .text.explist  0x000000000000a13c       0x34 ./LUA/lparser.o
 .text.funcargs
                0x000000000000a170       0xe8 ./LUA/lparser.o
 .text.suffixedexp
                0x000000000000a258       0xf0 ./LUA/lparser.o
 .text.assignment
                0x000000000000a348      0x118 ./LUA/lparser.o
 .text.cond     0x000000000000a460       0x2a ./LUA/lparser.o
 .text.exp1.isra.0
                0x000000000000a48a       0x1c ./LUA/lparser.o
 .text.test_then_block
                0x000000000000a4a6       0xb6 ./LUA/lparser.o
 .text.block    0x000000000000a55c       0x26 ./LUA/lparser.o
 .text.forbody  0x000000000000a582       0xcc ./LUA/lparser.o
 .text.luaY_parser
                0x000000000000a64e      0x100 ./LUA/lparser.o
                0x000000000000a64e                luaY_parser
 .text.stack_init
                0x000000000000a74e       0x5c ./LUA/lstate.o
 .text.f_luaopen
                0x000000000000a7aa       0x7c ./LUA/lstate.o
 .text.luaE_setdebt
                0x000000000000a826       0x1c ./LUA/lstate.o
                0x000000000000a826                luaE_setdebt
 .text.luaE_extendCI
                0x000000000000a842       0x26 ./LUA/lstate.o
                0x000000000000a842                luaE_extendCI
 .text.luaE_freeCI
                0x000000000000a868       0x2c ./LUA/lstate.o
                0x000000000000a868                luaE_freeCI
 .text.freestack.part.0
                0x000000000000a894       0x22 ./LUA/lstate.o
 .text.close_state
                0x000000000000a8b6       0x42 ./LUA/lstate.o
 .text.lua_newstate
                0x000000000000a8f8      0x144 ./LUA/lstate.o
                0x000000000000a8f8                lua_newstate
 .text.luaE_shrinkCI
                0x000000000000aa3c       0x36 ./LUA/lstate.o
                0x000000000000aa3c                luaE_shrinkCI
 .text.lua_newthread
                0x000000000000aa72       0xae ./LUA/lstate.o
                0x000000000000aa72                lua_newthread
 .text.luaE_freethread
                0x000000000000ab20       0x34 ./LUA/lstate.o
                0x000000000000ab20                luaE_freethread
 .text.luaS_eqlngstr
                0x000000000000ab54       0x2c ./LUA/lstring.o
                0x000000000000ab54                luaS_eqlngstr
 .text.luaS_hash
                0x000000000000ab80       0x2c ./LUA/lstring.o
                0x000000000000ab80                luaS_hash
 .text.luaS_hashlongstr
                0x000000000000abac       0x20 ./LUA/lstring.o
                0x000000000000abac                luaS_hashlongstr
 .text.luaS_resize
                0x000000000000abcc       0xaa ./LUA/lstring.o
                0x000000000000abcc                luaS_resize
 .text.internshrstr
                0x000000000000ac76       0xc8 ./LUA/lstring.o
 .text.luaS_clearcache
                0x000000000000ad3e       0x28 ./LUA/lstring.o
                0x000000000000ad3e                luaS_clearcache
 .text.luaS_init
                0x000000000000ad66       0x40 ./LUA/lstring.o
                0x000000000000ad66                luaS_init
 .text.luaS_createlngstrobj
                0x000000000000ada6       0x28 ./LUA/lstring.o
                0x000000000000ada6                luaS_createlngstrobj
 .text.luaS_remove
                0x000000000000adce       0x28 ./LUA/lstring.o
                0x000000000000adce                luaS_remove
 .text.luaS_newlstr
                0x000000000000adf6       0x3e ./LUA/lstring.o
                0x000000000000adf6                luaS_newlstr
 .text.luaS_new
                0x000000000000ae34       0x5e ./LUA/lstring.o
                0x000000000000ae34                luaS_new
 .text.luaS_newudata
                0x000000000000ae92       0x34 ./LUA/lstring.o
                0x000000000000ae92                luaS_newudata
 .text.mainposition
                0x000000000000aec6       0xfc ./LUA/ltable.o
 .text.getgeneric
                0x000000000000afc2       0x34 ./LUA/ltable.o
 .text.setarrayvector
                0x000000000000aff6       0x42 ./LUA/ltable.o
 .text.auxsetnode
                0x000000000000b038       0x8c ./LUA/ltable.o
 .text.countint
                0x000000000000b0c4       0x34 ./LUA/ltable.o
 .text.luaH_next
                0x000000000000b0f8       0xe8 ./LUA/ltable.o
                0x000000000000b0f8                luaH_next
 .text.luaH_new
                0x000000000000b1e0       0x30 ./LUA/ltable.o
                0x000000000000b1e0                luaH_new
 .text.luaH_free
                0x000000000000b210       0x3c ./LUA/ltable.o
                0x000000000000b210                luaH_free
 .text.luaH_getint
                0x000000000000b24c       0x4a ./LUA/ltable.o
                0x000000000000b24c                luaH_getint
 .text.luaH_getshortstr
                0x000000000000b296       0x3a ./LUA/ltable.o
                0x000000000000b296                luaH_getshortstr
 .text.luaH_getstr
                0x000000000000b2d0       0x28 ./LUA/ltable.o
                0x000000000000b2d0                luaH_getstr
 .text.luaH_get
                0x000000000000b2f8       0x5e ./LUA/ltable.o
                0x000000000000b2f8                luaH_get
 .text.luaH_setint
                0x000000000000b356       0x3a ./LUA/ltable.o
                0x000000000000b356                luaH_setint
 .text.luaH_resize
                0x000000000000b390       0xec ./LUA/ltable.o
                0x000000000000b390                luaH_resize
 .text.luaH_resizearray
                0x000000000000b47c       0x12 ./LUA/ltable.o
                0x000000000000b47c                luaH_resizearray
 .text.luaH_newkey
                0x000000000000b48e      0x228 ./LUA/ltable.o
                0x000000000000b48e                luaH_newkey
 .text.luaH_set
                0x000000000000b6b6       0x2c ./LUA/ltable.o
                0x000000000000b6b6                luaH_set
 .text.luaH_getn
                0x000000000000b6e2       0xac ./LUA/ltable.o
                0x000000000000b6e2                luaH_getn
 .text.set2     0x000000000000b78e       0x1e ./LUA/ltablib.o
 .text.unpack   0x000000000000b7ac       0x7a ./LUA/ltablib.o
 .text.pack     0x000000000000b826       0x50 ./LUA/ltablib.o
 .text.addfield
                0x000000000000b876       0x44 ./LUA/ltablib.o
 .text.sort_comp
                0x000000000000b8ba       0x64 ./LUA/ltablib.o
 .text.auxsort  0x000000000000b91e      0x1d2 ./LUA/ltablib.o
 .text.checktab
                0x000000000000baf0       0x9a ./LUA/ltablib.o
 .text.sort     0x000000000000bb8a       0x66 ./LUA/ltablib.o
 .text.tmove    0x000000000000bbf0       0xf8 ./LUA/ltablib.o
 .text.tremove  0x000000000000bce8       0x90 ./LUA/ltablib.o
 .text.tinsert  0x000000000000bd78       0x8c ./LUA/ltablib.o
 .text.tconcat  0x000000000000be04       0xe8 ./LUA/ltablib.o
 .text.luaopen_table
                0x000000000000beec       0x30 ./LUA/ltablib.o
                0x000000000000beec                luaopen_table
 .text.luaT_init
                0x000000000000bf1c       0x40 ./LUA/ltm.o
                0x000000000000bf1c                luaT_init
 .text.luaT_gettm
                0x000000000000bf5c       0x24 ./LUA/ltm.o
                0x000000000000bf5c                luaT_gettm
 .text.luaT_gettmbyobj
                0x000000000000bf80       0x40 ./LUA/ltm.o
                0x000000000000bf80                luaT_gettmbyobj
 .text.luaT_objtypename
                0x000000000000bfc0       0x5c ./LUA/ltm.o
                0x000000000000bfc0                luaT_objtypename
 .text.luaT_callTM
                0x000000000000c01c       0x7e ./LUA/ltm.o
                0x000000000000c01c                luaT_callTM
 .text.luaT_callbinTM
                0x000000000000c09a       0x42 ./LUA/ltm.o
                0x000000000000c09a                luaT_callbinTM
 .text.luaT_trybinTM
                0x000000000000c0dc       0x8c ./LUA/ltm.o
                0x000000000000c0dc                luaT_trybinTM
 .text.luaT_callorderTM
                0x000000000000c168       0x2e ./LUA/ltm.o
                0x000000000000c168                luaT_callorderTM
 .text.error    0x000000000000c196       0x1e ./LUA/lundump.o
 .text.LoadBlock
                0x000000000000c1b4       0x1e ./LUA/lundump.o
 .text.LoadByte
                0x000000000000c1d2       0x18 ./LUA/lundump.o
 .text.LoadInt  0x000000000000c1ea       0x16 ./LUA/lundump.o
 .text.checkliteral
                0x000000000000c200       0x38 ./LUA/lundump.o
 .text.LoadString
                0x000000000000c238       0x9a ./LUA/lundump.o
 .text.fchecksize.constprop.0
                0x000000000000c2d2       0x30 ./LUA/lundump.o
 .text.LoadFunction
                0x000000000000c302      0x310 ./LUA/lundump.o
 .text.luaU_undump
                0x000000000000c612      0x142 ./LUA/lundump.o
                0x000000000000c612                luaU_undump
 .text.l_strcmp
                0x000000000000c754       0x5c ./LUA/lvm.o
 .text.copy2buff
                0x000000000000c7b0       0x3e ./LUA/lvm.o
 .text.luaV_tonumber_
                0x000000000000c7ee       0x5e ./LUA/lvm.o
                0x000000000000c7ee                luaV_tonumber_
 .text.luaV_tointeger
                0x000000000000c84c       0x92 ./LUA/lvm.o
                0x000000000000c84c                luaV_tointeger
 .text.luaV_finishget
                0x000000000000c8de       0xaa ./LUA/lvm.o
                0x000000000000c8de                luaV_finishget
 .text.luaV_finishset
                0x000000000000c988      0x120 ./LUA/lvm.o
                0x000000000000c988                luaV_finishset
 .text.luaV_lessthan
                0x000000000000caa8       0xfe ./LUA/lvm.o
                0x000000000000caa8                luaV_lessthan
 .text.luaV_lessequal
                0x000000000000cba6      0x12c ./LUA/lvm.o
                0x000000000000cba6                luaV_lessequal
 .text.luaV_equalobj
                0x000000000000ccd2      0x14a ./LUA/lvm.o
                0x000000000000ccd2                luaV_equalobj
 .text.luaV_concat
                0x000000000000ce1c      0x16c ./LUA/lvm.o
                0x000000000000ce1c                luaV_concat
 .text.luaV_objlen
                0x000000000000cf88       0x8e ./LUA/lvm.o
                0x000000000000cf88                luaV_objlen
 .text.luaV_div
                0x000000000000d016       0x36 ./LUA/lvm.o
                0x000000000000d016                luaV_div
 .text.luaV_mod
                0x000000000000d04c       0x2e ./LUA/lvm.o
                0x000000000000d04c                luaV_mod
 .text.luaV_shiftl
                0x000000000000d07a       0x26 ./LUA/lvm.o
                0x000000000000d07a                luaV_shiftl
 .text.luaV_finishOp
                0x000000000000d0a0      0x10c ./LUA/lvm.o
                0x000000000000d0a0                luaV_finishOp
 .text.luaV_execute
                0x000000000000d1ac     0x1192 ./LUA/lvm.o
                0x000000000000d1ac                luaV_execute
 .text.luaZ_fill
                0x000000000000e33e       0x32 ./LUA/lzio.o
                0x000000000000e33e                luaZ_fill
 .text.luaZ_init
                0x000000000000e370       0x10 ./LUA/lzio.o
                0x000000000000e370                luaZ_init
 .text.luaZ_read
                0x000000000000e380       0x58 ./LUA/lzio.o
                0x000000000000e380                luaZ_read
 .text.vCANBoudInit
                0x000000000000e3d8       0x1c ./HAL_LIB/hw_lib_can.o
                0x000000000000e3d8                vCANBoudInit
 .text.USB_HP_CAN1_TX_IRQHandler
                0x000000000000e3f4       0xb4 ./HAL_DRIVER/hal_can_ch32.o
                0x000000000000e3f4                USB_HP_CAN1_TX_IRQHandler
 .text.USB_LP_CAN1_RX0_IRQHandler
                0x000000000000e4a8       0xb0 ./HAL_DRIVER/hal_can_ch32.o
                0x000000000000e4a8                USB_LP_CAN1_RX0_IRQHandler
 .text.CAN1_RX1_IRQHandler
                0x000000000000e558       0xb0 ./HAL_DRIVER/hal_can_ch32.o
                0x000000000000e558                CAN1_RX1_IRQHandler
 .text.CAN1_SCE_IRQHandler
                0x000000000000e608       0xb0 ./HAL_DRIVER/hal_can_ch32.o
                0x000000000000e608                CAN1_SCE_IRQHandler
 .text.HAL_InitGPIO
                0x000000000000e6b8       0xb6 ./HAL_DRIVER/hal_gpio_ch32.o
                0x000000000000e6b8                HAL_InitGPIO
 .text.HAL_InitGpioIn
                0x000000000000e76e        0x8 ./HAL_DRIVER/hal_gpio_ch32.o
                0x000000000000e76e                HAL_InitGpioIn
 .text.HAL_InitGpioAF
                0x000000000000e776       0x34 ./HAL_DRIVER/hal_gpio_ch32.o
                0x000000000000e776                HAL_InitGpioAF
 .text.HAL_InitGPO
                0x000000000000e7aa       0x20 ./HAL_DRIVER/hal_gpio_ch32.o
                0x000000000000e7aa                HAL_InitGPO
 .text.HAL_InitAPB2
                0x000000000000e7ca       0x1c ./HAL_DRIVER/hal_irq.o
                0x000000000000e7ca                HAL_InitAPB2
 .text.TIM1_UP_IRQHandler
                0x000000000000e7e6       0xc2 ./HAL_DRIVER/hal_timers_ch32.o
                0x000000000000e7e6                TIM1_UP_IRQHandler
 .text.prvInsertBlockIntoFreeList
                0x000000000000e8a8       0x4e ./FreeRTOS/portable/MemMang/heap_4.o
 .text.vPortFree
                0x000000000000e8f6       0x94 ./FreeRTOS/portable/MemMang/heap_4.o
                0x000000000000e8f6                vPortFree
 .text.vPortSetupTimerInterrupt
                0x000000000000e98a       0x3e ./FreeRTOS/portable/GCC/RISC-V/port.o
                0x000000000000e98a                vPortSetupTimerInterrupt
 .text.xPortStartScheduler
                0x000000000000e9c8       0x8c ./FreeRTOS/portable/GCC/RISC-V/port.o
                0x000000000000e9c8                xPortStartScheduler
 .text.SysTick_Handler
                0x000000000000ea54       0x8c ./FreeRTOS/portable/GCC/RISC-V/port.o
                0x000000000000ea54                SysTick_Handler
 .text.vPortEnterCritical
                0x000000000000eae0       0x1a ./FreeRTOS/portable/GCC/RISC-V/port.o
                0x000000000000eae0                vPortEnterCritical
 .text.vPortExitCritical
                0x000000000000eafa       0x42 ./FreeRTOS/portable/GCC/RISC-V/port.o
                0x000000000000eafa                vPortExitCritical
 .text.vListInitialise
                0x000000000000eb3c       0x14 ./FreeRTOS/list.o
                0x000000000000eb3c                vListInitialise
 .text.vListInitialiseItem
                0x000000000000eb50        0x6 ./FreeRTOS/list.o
                0x000000000000eb50                vListInitialiseItem
 .text.vListInsert
                0x000000000000eb56       0x2e ./FreeRTOS/list.o
                0x000000000000eb56                vListInsert
 .text.uxListRemove
                0x000000000000eb84       0x20 ./FreeRTOS/list.o
                0x000000000000eb84                uxListRemove
 .text.prvIsQueueEmpty
                0x000000000000eba4       0x18 ./FreeRTOS/queue.o
 .text.prvCopyDataFromQueue
                0x000000000000ebbc       0x20 ./FreeRTOS/queue.o
 .text.prvUnlockQueue
                0x000000000000ebdc       0x76 ./FreeRTOS/queue.o
 .text.xQueueGenericReset
                0x000000000000ec52       0xb6 ./FreeRTOS/queue.o
                0x000000000000ec52                xQueueGenericReset
 .text.xQueueGenericCreateStatic
                0x000000000000ed08       0xae ./FreeRTOS/queue.o
                0x000000000000ed08                xQueueGenericCreateStatic
 .text.xQueueReceive
                0x000000000000edb6      0x15a ./FreeRTOS/queue.o
                0x000000000000edb6                xQueueReceive
 .text.vQueueAddToRegistry
                0x000000000000ef10       0x68 ./FreeRTOS/queue.o
                0x000000000000ef10                vQueueAddToRegistry
 .text.vQueueWaitForMessageRestricted
                0x000000000000ef78       0x50 ./FreeRTOS/queue.o
                0x000000000000ef78                vQueueWaitForMessageRestricted
 .text.prvAddNewTaskToReadyList
                0x000000000000efc8      0x106 ./FreeRTOS/tasks.o
 .text.prvAddCurrentTaskToDelayedList
                0x000000000000f0ce       0x98 ./FreeRTOS/tasks.o
 .text.prvResetNextTaskUnblockTime
                0x000000000000f166       0x1a ./FreeRTOS/tasks.o
 .text.prvDeleteTCB
                0x000000000000f180       0x4a ./FreeRTOS/tasks.o
 .text.prvIdleTask
                0x000000000000f1ca       0x44 ./FreeRTOS/tasks.o
 .text.prvInitialiseNewTask.constprop.0
                0x000000000000f20e       0xc8 ./FreeRTOS/tasks.o
 .text.xTaskCreateStatic
                0x000000000000f2d6       0x9a ./FreeRTOS/tasks.o
                0x000000000000f2d6                xTaskCreateStatic
 .text.vTaskStartScheduler
                0x000000000000f370       0x88 ./FreeRTOS/tasks.o
                0x000000000000f370                vTaskStartScheduler
 .text.vTaskSuspendAll
                0x000000000000f3f8        0xc ./FreeRTOS/tasks.o
                0x000000000000f3f8                vTaskSuspendAll
 .text.xTaskGetTickCount
                0x000000000000f404        0x6 ./FreeRTOS/tasks.o
                0x000000000000f404                xTaskGetTickCount
 .text.xTaskIncrementTick
                0x000000000000f40a      0x160 ./FreeRTOS/tasks.o
                0x000000000000f40a                xTaskIncrementTick
 .text.xTaskResumeAll
                0x000000000000f56a      0x12a ./FreeRTOS/tasks.o
                0x000000000000f56a                xTaskResumeAll
 .text.vTaskDelay
                0x000000000000f694       0x5e ./FreeRTOS/tasks.o
                0x000000000000f694                vTaskDelay
 .text.vTaskSwitchContext
                0x000000000000f6f2       0x80 ./FreeRTOS/tasks.o
                0x000000000000f6f2                vTaskSwitchContext
 .text.vTaskPlaceOnEventList
                0x000000000000f772       0x40 ./FreeRTOS/tasks.o
                0x000000000000f772                vTaskPlaceOnEventList
 .text.vTaskPlaceOnEventListRestricted
                0x000000000000f7b2       0x6c ./FreeRTOS/tasks.o
                0x000000000000f7b2                vTaskPlaceOnEventListRestricted
 .text.xTaskRemoveFromEventList
                0x000000000000f81e       0xce ./FreeRTOS/tasks.o
                0x000000000000f81e                xTaskRemoveFromEventList
 .text.vTaskInternalSetTimeOutState
                0x000000000000f8ec        0xe ./FreeRTOS/tasks.o
                0x000000000000f8ec                vTaskInternalSetTimeOutState
 .text.xTaskCheckForTimeOut
                0x000000000000f8fa       0xb2 ./FreeRTOS/tasks.o
                0x000000000000f8fa                xTaskCheckForTimeOut
 .text.vTaskMissedYield
                0x000000000000f9ac        0x8 ./FreeRTOS/tasks.o
                0x000000000000f9ac                vTaskMissedYield
 .text.xTaskGetSchedulerState
                0x000000000000f9b4       0x14 ./FreeRTOS/tasks.o
                0x000000000000f9b4                xTaskGetSchedulerState
 .text.prvInsertTimerInActiveList
                0x000000000000f9c8       0x3e ./FreeRTOS/timers.o
 .text.prvReloadTimer
                0x000000000000fa06       0x2a ./FreeRTOS/timers.o
 .text.prvProcessExpiredTimer
                0x000000000000fa30       0x42 ./FreeRTOS/timers.o
 .text.prvSampleTimeNow
                0x000000000000fa72       0x46 ./FreeRTOS/timers.o
 .text.prvTimerTask
                0x000000000000fab8      0x154 ./FreeRTOS/timers.o
 .text.prvCheckForValidListAndQueue
                0x000000000000fc0c       0x68 ./FreeRTOS/timers.o
 .text.xTimerCreateTimerTask
                0x000000000000fc74       0x66 ./FreeRTOS/timers.o
                0x000000000000fc74                xTimerCreateTimerTask
 .text.Delay_Init
                0x000000000000fcda       0x2a ./Debug/debug.o
                0x000000000000fcda                Delay_Init
 .text.USART_Printf_Init
                0x000000000000fd04       0x5a ./Debug/debug.o
                0x000000000000fd04                USART_Printf_Init
 .text._write   0x000000000000fd5e       0x3e ./Debug/debug.o
                0x000000000000fd5e                _write
 .text._sbrk    0x000000000000fd9c       0x2a ./Debug/debug.o
                0x000000000000fd9c                _sbrk
 .text.floorf   0x000000000000fdc6       0x9a c:/mounriver/mounriver_studio2/resources/app/resources/win32/components/wch/toolchain/risc-v embedded gcc12/bin/../lib/gcc/riscv-wch-elf/12.2.0/../../../../riscv-wch-elf/lib/rv32imafc_xw/ilp32f\libm_nano.a(lib_a-sf_floor.o)
                0x000000000000fdc6                floorf
 .text.frexpf   0x000000000000fe60       0x5e c:/mounriver/mounriver_studio2/resources/app/resources/win32/components/wch/toolchain/risc-v embedded gcc12/bin/../lib/gcc/riscv-wch-elf/12.2.0/../../../../riscv-wch-elf/lib/rv32imafc_xw/ilp32f\libm_nano.a(lib_a-sf_frexp.o)
                0x000000000000fe60                frexpf
 .text.fmodf    0x000000000000febe       0x40 c:/mounriver/mounriver_studio2/resources/app/resources/win32/components/wch/toolchain/risc-v embedded gcc12/bin/../lib/gcc/riscv-wch-elf/12.2.0/../../../../riscv-wch-elf/lib/rv32imafc_xw/ilp32f\libm_nano.a(lib_a-wf_fmod.o)
                0x000000000000febe                fmodf
 .text.powf     0x000000000000fefe       0xb0 c:/mounriver/mounriver_studio2/resources/app/resources/win32/components/wch/toolchain/risc-v embedded gcc12/bin/../lib/gcc/riscv-wch-elf/12.2.0/../../../../riscv-wch-elf/lib/rv32imafc_xw/ilp32f\libm_nano.a(lib_a-wf_pow.o)
                0x000000000000fefe                powf
 .text.__ieee754_fmodf
                0x000000000000ffae      0x12a c:/mounriver/mounriver_studio2/resources/app/resources/win32/components/wch/toolchain/risc-v embedded gcc12/bin/../lib/gcc/riscv-wch-elf/12.2.0/../../../../riscv-wch-elf/lib/rv32imafc_xw/ilp32f\libm_nano.a(lib_a-ef_fmod.o)
                0x000000000000ffae                __ieee754_fmodf
 .text.__ieee754_powf
                0x00000000000100d8      0x674 c:/mounriver/mounriver_studio2/resources/app/resources/win32/components/wch/toolchain/risc-v embedded gcc12/bin/../lib/gcc/riscv-wch-elf/12.2.0/../../../../riscv-wch-elf/lib/rv32imafc_xw/ilp32f\libm_nano.a(lib_a-ef_pow.o)
                0x00000000000100d8                __ieee754_powf
 .text.__ieee754_sqrtf
                0x000000000001074c        0x6 c:/mounriver/mounriver_studio2/resources/app/resources/win32/components/wch/toolchain/risc-v embedded gcc12/bin/../lib/gcc/riscv-wch-elf/12.2.0/../../../../riscv-wch-elf/lib/rv32imafc_xw/ilp32f\libm_nano.a(lib_a-ef_sqrt.o)
                0x000000000001074c                __ieee754_sqrtf
 .text.with_errnof
                0x0000000000010752       0x1a c:/mounriver/mounriver_studio2/resources/app/resources/win32/components/wch/toolchain/risc-v embedded gcc12/bin/../lib/gcc/riscv-wch-elf/12.2.0/../../../../riscv-wch-elf/lib/rv32imafc_xw/ilp32f\libm_nano.a(lib_a-math_errf.o)
 .text.xflowf   0x000000000001076c       0x16 c:/mounriver/mounriver_studio2/resources/app/resources/win32/components/wch/toolchain/risc-v embedded gcc12/bin/../lib/gcc/riscv-wch-elf/12.2.0/../../../../riscv-wch-elf/lib/rv32imafc_xw/ilp32f\libm_nano.a(lib_a-math_errf.o)
 .text.__math_uflowf
                0x0000000000010782        0xc c:/mounriver/mounriver_studio2/resources/app/resources/win32/components/wch/toolchain/risc-v embedded gcc12/bin/../lib/gcc/riscv-wch-elf/12.2.0/../../../../riscv-wch-elf/lib/rv32imafc_xw/ilp32f\libm_nano.a(lib_a-math_errf.o)
                0x0000000000010782                __math_uflowf
 .text.__math_oflowf
                0x000000000001078e        0xc c:/mounriver/mounriver_studio2/resources/app/resources/win32/components/wch/toolchain/risc-v embedded gcc12/bin/../lib/gcc/riscv-wch-elf/12.2.0/../../../../riscv-wch-elf/lib/rv32imafc_xw/ilp32f\libm_nano.a(lib_a-math_errf.o)
                0x000000000001078e                __math_oflowf
 .text.fabsf    0x000000000001079a        0x6 c:/mounriver/mounriver_studio2/resources/app/resources/win32/components/wch/toolchain/risc-v embedded gcc12/bin/../lib/gcc/riscv-wch-elf/12.2.0/../../../../riscv-wch-elf/lib/rv32imafc_xw/ilp32f\libm_nano.a(lib_a-sf_fabs.o)
                0x000000000001079a                fabsf
 .text.finitef  0x00000000000107a0        0xe c:/mounriver/mounriver_studio2/resources/app/resources/win32/components/wch/toolchain/risc-v embedded gcc12/bin/../lib/gcc/riscv-wch-elf/12.2.0/../../../../riscv-wch-elf/lib/rv32imafc_xw/ilp32f\libm_nano.a(lib_a-sf_finite.o)
                0x00000000000107a0                finitef
 .text.nanf     0x00000000000107ae        0xa c:/mounriver/mounriver_studio2/resources/app/resources/win32/components/wch/toolchain/risc-v embedded gcc12/bin/../lib/gcc/riscv-wch-elf/12.2.0/../../../../riscv-wch-elf/lib/rv32imafc_xw/ilp32f\libm_nano.a(lib_a-sf_nan.o)
                0x00000000000107ae                nanf
 .text.scalbnf  0x00000000000107b8       0xce c:/mounriver/mounriver_studio2/resources/app/resources/win32/components/wch/toolchain/risc-v embedded gcc12/bin/../lib/gcc/riscv-wch-elf/12.2.0/../../../../riscv-wch-elf/lib/rv32imafc_xw/ilp32f\libm_nano.a(lib_a-sf_scalbn.o)
                0x00000000000107b8                scalbnf
 .text.__adddf3
                0x0000000000010886      0xaa2 c:/mounriver/mounriver_studio2/resources/app/resources/win32/components/wch/toolchain/risc-v embedded gcc12/bin/../lib/gcc/riscv-wch-elf/12.2.0/rv32imafc_xw/ilp32f\libgcc.a(adddf3.o)
                0x0000000000010886                __adddf3
 .text.__muldf3
                0x0000000000011328      0x6aa c:/mounriver/mounriver_studio2/resources/app/resources/win32/components/wch/toolchain/risc-v embedded gcc12/bin/../lib/gcc/riscv-wch-elf/12.2.0/rv32imafc_xw/ilp32f\libgcc.a(muldf3.o)
                0x0000000000011328                __muldf3
 .text.__extendsfdf2
                0x00000000000119d2       0xc4 c:/mounriver/mounriver_studio2/resources/app/resources/win32/components/wch/toolchain/risc-v embedded gcc12/bin/../lib/gcc/riscv-wch-elf/12.2.0/rv32imafc_xw/ilp32f\libgcc.a(extendsfdf2.o)
                0x00000000000119d2                __extendsfdf2
 .text.__truncdfsf2
                0x0000000000011a96      0x34e c:/mounriver/mounriver_studio2/resources/app/resources/win32/components/wch/toolchain/risc-v embedded gcc12/bin/../lib/gcc/riscv-wch-elf/12.2.0/rv32imafc_xw/ilp32f\libgcc.a(truncdfsf2.o)
                0x0000000000011a96                __truncdfsf2
 .text.__clzsi2
                0x0000000000011de4       0x68 c:/mounriver/mounriver_studio2/resources/app/resources/win32/components/wch/toolchain/risc-v embedded gcc12/bin/../lib/gcc/riscv-wch-elf/12.2.0/rv32imafc_xw/ilp32f\libgcc.a(_clzsi2.o)
                0x0000000000011de4                __clzsi2
 .text.abort    0x0000000000011e4c       0x10 c:/mounriver/mounriver_studio2/resources/app/resources/win32/components/wch/toolchain/risc-v embedded gcc12/bin/../lib/gcc/riscv-wch-elf/12.2.0/../../../../riscv-wch-elf/lib/rv32imafc_xw/ilp32f\libg_nano.a(lib_a-abort.o)
                0x0000000000011e4c                abort
 .text.clock    0x0000000000011e5c       0x28 c:/mounriver/mounriver_studio2/resources/app/resources/win32/components/wch/toolchain/risc-v embedded gcc12/bin/../lib/gcc/riscv-wch-elf/12.2.0/../../../../riscv-wch-elf/lib/rv32imafc_xw/ilp32f\libg_nano.a(lib_a-clock.o)
                0x0000000000011e5c                clock
 .text.__errno  0x0000000000011e84        0x6 c:/mounriver/mounriver_studio2/resources/app/resources/win32/components/wch/toolchain/risc-v embedded gcc12/bin/../lib/gcc/riscv-wch-elf/12.2.0/../../../../riscv-wch-elf/lib/rv32imafc_xw/ilp32f\libg_nano.a(lib_a-errno.o)
                0x0000000000011e84                __errno
 .text._fclose_r
                0x0000000000011e8a       0xe4 c:/mounriver/mounriver_studio2/resources/app/resources/win32/components/wch/toolchain/risc-v embedded gcc12/bin/../lib/gcc/riscv-wch-elf/12.2.0/../../../../riscv-wch-elf/lib/rv32imafc_xw/ilp32f\libg_nano.a(lib_a-fclose.o)
                0x0000000000011e8a                _fclose_r
 .text.fclose   0x0000000000011f6e        0xa c:/mounriver/mounriver_studio2/resources/app/resources/win32/components/wch/toolchain/risc-v embedded gcc12/bin/../lib/gcc/riscv-wch-elf/12.2.0/../../../../riscv-wch-elf/lib/rv32imafc_xw/ilp32f\libg_nano.a(lib_a-fclose.o)
                0x0000000000011f6e                fclose
 .text.__sflush_r
                0x0000000000011f78      0x134 c:/mounriver/mounriver_studio2/resources/app/resources/win32/components/wch/toolchain/risc-v embedded gcc12/bin/../lib/gcc/riscv-wch-elf/12.2.0/../../../../riscv-wch-elf/lib/rv32imafc_xw/ilp32f\libg_nano.a(lib_a-fflush.o)
                0x0000000000011f78                __sflush_r
 .text._fflush_r
                0x00000000000120ac       0x8c c:/mounriver/mounriver_studio2/resources/app/resources/win32/components/wch/toolchain/risc-v embedded gcc12/bin/../lib/gcc/riscv-wch-elf/12.2.0/../../../../riscv-wch-elf/lib/rv32imafc_xw/ilp32f\libg_nano.a(lib_a-fflush.o)
                0x00000000000120ac                _fflush_r
 .text.fflush   0x0000000000012138       0x1c c:/mounriver/mounriver_studio2/resources/app/resources/win32/components/wch/toolchain/risc-v embedded gcc12/bin/../lib/gcc/riscv-wch-elf/12.2.0/../../../../riscv-wch-elf/lib/rv32imafc_xw/ilp32f\libg_nano.a(lib_a-fflush.o)
                0x0000000000012138                fflush
 .text.std      0x0000000000012154       0x66 c:/mounriver/mounriver_studio2/resources/app/resources/win32/components/wch/toolchain/risc-v embedded gcc12/bin/../lib/gcc/riscv-wch-elf/12.2.0/../../../../riscv-wch-elf/lib/rv32imafc_xw/ilp32f\libg_nano.a(lib_a-findfp.o)
 .text._cleanup_r
                0x00000000000121ba        0xc c:/mounriver/mounriver_studio2/resources/app/resources/win32/components/wch/toolchain/risc-v embedded gcc12/bin/../lib/gcc/riscv-wch-elf/12.2.0/../../../../riscv-wch-elf/lib/rv32imafc_xw/ilp32f\libg_nano.a(lib_a-findfp.o)
                0x00000000000121ba                _cleanup_r
 .text.__sfmoreglue
                0x00000000000121c6       0x48 c:/mounriver/mounriver_studio2/resources/app/resources/win32/components/wch/toolchain/risc-v embedded gcc12/bin/../lib/gcc/riscv-wch-elf/12.2.0/../../../../riscv-wch-elf/lib/rv32imafc_xw/ilp32f\libg_nano.a(lib_a-findfp.o)
                0x00000000000121c6                __sfmoreglue
 .text.__sfp_lock_acquire
                0x000000000001220e        0x8 c:/mounriver/mounriver_studio2/resources/app/resources/win32/components/wch/toolchain/risc-v embedded gcc12/bin/../lib/gcc/riscv-wch-elf/12.2.0/../../../../riscv-wch-elf/lib/rv32imafc_xw/ilp32f\libg_nano.a(lib_a-findfp.o)
                0x000000000001220e                __sfp_lock_acquire
 .text.__sfp_lock_release
                0x0000000000012216        0x8 c:/mounriver/mounriver_studio2/resources/app/resources/win32/components/wch/toolchain/risc-v embedded gcc12/bin/../lib/gcc/riscv-wch-elf/12.2.0/../../../../riscv-wch-elf/lib/rv32imafc_xw/ilp32f\libg_nano.a(lib_a-findfp.o)
                0x0000000000012216                __sfp_lock_release
 .text.__sinit_lock_acquire
                0x000000000001221e        0x8 c:/mounriver/mounriver_studio2/resources/app/resources/win32/components/wch/toolchain/risc-v embedded gcc12/bin/../lib/gcc/riscv-wch-elf/12.2.0/../../../../riscv-wch-elf/lib/rv32imafc_xw/ilp32f\libg_nano.a(lib_a-findfp.o)
                0x000000000001221e                __sinit_lock_acquire
 .text.__sinit_lock_release
                0x0000000000012226        0x8 c:/mounriver/mounriver_studio2/resources/app/resources/win32/components/wch/toolchain/risc-v embedded gcc12/bin/../lib/gcc/riscv-wch-elf/12.2.0/../../../../riscv-wch-elf/lib/rv32imafc_xw/ilp32f\libg_nano.a(lib_a-findfp.o)
                0x0000000000012226                __sinit_lock_release
 .text.__sinit  0x000000000001222e       0x72 c:/mounriver/mounriver_studio2/resources/app/resources/win32/components/wch/toolchain/risc-v embedded gcc12/bin/../lib/gcc/riscv-wch-elf/12.2.0/../../../../riscv-wch-elf/lib/rv32imafc_xw/ilp32f\libg_nano.a(lib_a-findfp.o)
                0x000000000001222e                __sinit
 .text.__sfp    0x00000000000122a0       0xb2 c:/mounriver/mounriver_studio2/resources/app/resources/win32/components/wch/toolchain/risc-v embedded gcc12/bin/../lib/gcc/riscv-wch-elf/12.2.0/../../../../riscv-wch-elf/lib/rv32imafc_xw/ilp32f\libg_nano.a(lib_a-findfp.o)
                0x00000000000122a0                __sfp
 .text._fopen_r
                0x0000000000012352       0xcc c:/mounriver/mounriver_studio2/resources/app/resources/win32/components/wch/toolchain/risc-v embedded gcc12/bin/../lib/gcc/riscv-wch-elf/12.2.0/../../../../riscv-wch-elf/lib/rv32imafc_xw/ilp32f\libg_nano.a(lib_a-fopen.o)
                0x0000000000012352                _fopen_r