Archive member included to satisfy reference by file (symbol)

c:/mounriver/mounriver_studio2/resources/app/resources/win32/components/wch/toolchain/risc-v embedded gcc/bin/../lib/gcc/riscv-none-embed/8.2.0/rv32imacxw/ilp32\libgcc.a(save-restore.o)
                              ./PROTOCOLS/lawicel.o (__riscv_save_12)
c:/mounriver/mounriver_studio2/resources/app/resources/win32/components/wch/toolchain/risc-v embedded gcc/bin/../lib/gcc/riscv-none-embed/8.2.0/../../../../riscv-none-embed/lib/rv32imacxw/ilp32\libg_nano.a(lib_a-memcpy.o)
                              ./User/app_task.o (memcpy)
c:/mounriver/mounriver_studio2/resources/app/resources/win32/components/wch/toolchain/risc-v embedded gcc/bin/../lib/gcc/riscv-none-embed/8.2.0/../../../../riscv-none-embed/lib/rv32imacxw/ilp32\libg_nano.a(lib_a-memset.o)
                              ./PROTOCOLS/lawicel.o (memset)
c:/mounriver/mounriver_studio2/resources/app/resources/win32/components/wch/toolchain/risc-v embedded gcc/bin/../lib/gcc/riscv-none-embed/8.2.0/../../../../riscv-none-embed/lib/rv32imacxw/ilp32\libg_nano.a(lib_a-printf.o)
                              ./User/main.o (printf)
c:/mounriver/mounriver_studio2/resources/app/resources/win32/components/wch/toolchain/risc-v embedded gcc/bin/../lib/gcc/riscv-none-embed/8.2.0/../../../../riscv-none-embed/lib/rv32imacxw/ilp32\libg_nano.a(lib_a-puts.o)
                              ./User/main.o (puts)
c:/mounriver/mounriver_studio2/resources/app/resources/win32/components/wch/toolchain/risc-v embedded gcc/bin/../lib/gcc/riscv-none-embed/8.2.0/../../../../riscv-none-embed/lib/rv32imacxw/ilp32\libg_nano.a(lib_a-strlen.o)
                              ./FreeRTOS/tasks.o (strlen)
c:/mounriver/mounriver_studio2/resources/app/resources/win32/components/wch/toolchain/risc-v embedded gcc/bin/../lib/gcc/riscv-none-embed/8.2.0/../../../../riscv-none-embed/lib/rv32imacxw/ilp32\libg_nano.a(lib_a-wbuf.o)
                              c:/mounriver/mounriver_studio2/resources/app/resources/win32/components/wch/toolchain/risc-v embedded gcc/bin/../lib/gcc/riscv-none-embed/8.2.0/../../../../riscv-none-embed/lib/rv32imacxw/ilp32\libg_nano.a(lib_a-puts.o) (__swbuf_r)
c:/mounriver/mounriver_studio2/resources/app/resources/win32/components/wch/toolchain/risc-v embedded gcc/bin/../lib/gcc/riscv-none-embed/8.2.0/../../../../riscv-none-embed/lib/rv32imacxw/ilp32\libg_nano.a(lib_a-wsetup.o)
                              c:/mounriver/mounriver_studio2/resources/app/resources/win32/components/wch/toolchain/risc-v embedded gcc/bin/../lib/gcc/riscv-none-embed/8.2.0/../../../../riscv-none-embed/lib/rv32imacxw/ilp32\libg_nano.a(lib_a-puts.o) (__swsetup_r)
c:/mounriver/mounriver_studio2/resources/app/resources/win32/components/wch/toolchain/risc-v embedded gcc/bin/../lib/gcc/riscv-none-embed/8.2.0/../../../../riscv-none-embed/lib/rv32imacxw/ilp32\libg_nano.a(lib_a-fflush.o)
                              c:/mounriver/mounriver_studio2/resources/app/resources/win32/components/wch/toolchain/risc-v embedded gcc/bin/../lib/gcc/riscv-none-embed/8.2.0/../../../../riscv-none-embed/lib/rv32imacxw/ilp32\libg_nano.a(lib_a-wbuf.o) (_fflush_r)
c:/mounriver/mounriver_studio2/resources/app/resources/win32/components/wch/toolchain/risc-v embedded gcc/bin/../lib/gcc/riscv-none-embed/8.2.0/../../../../riscv-none-embed/lib/rv32imacxw/ilp32\libg_nano.a(lib_a-findfp.o)
                              c:/mounriver/mounriver_studio2/resources/app/resources/win32/components/wch/toolchain/risc-v embedded gcc/bin/../lib/gcc/riscv-none-embed/8.2.0/../../../../riscv-none-embed/lib/rv32imacxw/ilp32\libg_nano.a(lib_a-printf.o) (__sinit)
c:/mounriver/mounriver_studio2/resources/app/resources/win32/components/wch/toolchain/risc-v embedded gcc/bin/../lib/gcc/riscv-none-embed/8.2.0/../../../../riscv-none-embed/lib/rv32imacxw/ilp32\libg_nano.a(lib_a-fwalk.o)
                              c:/mounriver/mounriver_studio2/resources/app/resources/win32/components/wch/toolchain/risc-v embedded gcc/bin/../lib/gcc/riscv-none-embed/8.2.0/../../../../riscv-none-embed/lib/rv32imacxw/ilp32\libg_nano.a(lib_a-findfp.o) (_fwalk)
c:/mounriver/mounriver_studio2/resources/app/resources/win32/components/wch/toolchain/risc-v embedded gcc/bin/../lib/gcc/riscv-none-embed/8.2.0/../../../../riscv-none-embed/lib/rv32imacxw/ilp32\libg_nano.a(lib_a-impure.o)
                              c:/mounriver/mounriver_studio2/resources/app/resources/win32/components/wch/toolchain/risc-v embedded gcc/bin/../lib/gcc/riscv-none-embed/8.2.0/../../../../riscv-none-embed/lib/rv32imacxw/ilp32\libg_nano.a(lib_a-fflush.o) (_global_impure_ptr)
c:/mounriver/mounriver_studio2/resources/app/resources/win32/components/wch/toolchain/risc-v embedded gcc/bin/../lib/gcc/riscv-none-embed/8.2.0/../../../../riscv-none-embed/lib/rv32imacxw/ilp32\libg_nano.a(lib_a-makebuf.o)
[...]
Memory Configuration

Name             Origin             Length             Attributes
FLASH            0x0000000000000000 0x0000000000020000 xr
SFLASH           0x0000000000020000 0x000000000001e000 xr
RAM              0x0000000020000000 0x0000000000008000 xrw
*default*        0x0000000000000000 0xffffffffffffffff

Linker script and memory map

LOAD ./User/app_task.o
LOAD ./User/ch32v30x_it.o
LOAD ./User/init.o
LOAD ./User/main.o
LOAD ./User/system_ch32v30x.o
LOAD ./User/system_init.o
LOAD ./USB_Device/ch32v30x_usbfs_device.o
LOAD ./USB_Device/usb_desc.o
LOAD ./UART/UART.o
LOAD ./Startup/startup_ch32v30x_D8C.o
LOAD ./Peripheral/src/ch32v30x_adc.o
LOAD ./Peripheral/src/ch32v30x_bkp.o
LOAD ./Peripheral/src/ch32v30x_can.o
LOAD ./Peripheral/src/ch32v30x_crc.o
LOAD ./Peripheral/src/ch32v30x_dac.o
LOAD ./Peripheral/src/ch32v30x_dbgmcu.o
LOAD ./Peripheral/src/ch32v30x_dma.o
LOAD ./Peripheral/src/ch32v30x_dvp.o
LOAD ./Peripheral/src/ch32v30x_eth.o
LOAD ./Peripheral/src/ch32v30x_exti.o
LOAD ./Peripheral/src/ch32v30x_flash.o
LOAD ./Peripheral/src/ch32v30x_fsmc.o
LOAD ./Peripheral/src/ch32v30x_gpio.o
LOAD ./Peripheral/src/ch32v30x_i2c.o
LOAD ./Peripheral/src/ch32v30x_iwdg.o
LOAD ./Peripheral/src/ch32v30x_misc.o
LOAD ./Peripheral/src/ch32v30x_opa.o
LOAD ./Peripheral/src/ch32v30x_pwr.o
LOAD ./Peripheral/src/ch32v30x_rcc.o
LOAD ./Peripheral/src/ch32v30x_rng.o
LOAD ./Peripheral/src/ch32v30x_rtc.o
LOAD ./Peripheral/src/ch32v30x_sdio.o
LOAD ./Peripheral/src/ch32v30x_spi.o
LOAD ./Peripheral/src/ch32v30x_tim.o
LOAD ./Peripheral/src/ch32v30x_usart.o
LOAD ./Peripheral/src/ch32v30x_wwdg.o
LOAD ./PROTOCOLS/lawicel.o
LOAD ./HAL_DRIVER/hal_can_ch32.o
LOAD ./HAL_DRIVER/hal_dma_ch32.o
LOAD ./HAL_DRIVER/hal_gpio_ch32.o
LOAD ./HAL_DRIVER/hal_irq.o
LOAD ./HAL_DRIVER/hal_timers_ch32.o
LOAD ./HAL_DRIVER/hal_usart.o
LOAD ./FreeRTOS/portable/MemMang/heap_4.o
LOAD ./FreeRTOS/portable/GCC/RISC-V/port.o
LOAD ./FreeRTOS/portable/GCC/RISC-V/portASM.o
LOAD ./FreeRTOS/croutine.o
LOAD ./FreeRTOS/event_groups.o
LOAD ./FreeRTOS/list.o
LOAD ./FreeRTOS/queue.o
LOAD ./FreeRTOS/stream_buffer.o
LOAD ./FreeRTOS/tasks.o
LOAD ./FreeRTOS/timers.o
LOAD ./Debug/debug.o
LOAD ./Core/core_riscv.o
LOAD c:/mounriver/mounriver_studio2/resources/app/resources/win32/components/wch/toolchain/risc-v embedded gcc/bin/../lib/gcc/riscv-none-embed/8.2.0/../../../../riscv-none-embed/lib/rv32imacxw/ilp32\libstdc++_nano.a
LOAD c:/mounriver/mounriver_studio2/resources/app/resources/win32/components/wch/toolchain/risc-v embedded gcc/bin/../lib/gcc/riscv-none-embed/8.2.0/../../../../riscv-none-embed/lib/rv32imacxw/ilp32\libm.a
LOAD c:/mounriver/mounriver_studio2/resources/app/resources/win32/components/wch/toolchain/risc-v embedded gcc/bin/../lib/gcc/riscv-none-embed/8.2.0/rv32imacxw/ilp32\libgcc.a
LOAD c:/mounriver/mounriver_studio2/resources/app/resources/win32/components/wch/toolchain/risc-v embedded gcc/bin/../lib/gcc/riscv-none-embed/8.2.0/../../../../riscv-none-embed/lib/rv32imacxw/ilp32\libg_nano.a
LOAD c:/mounriver/mounriver_studio2/resources/app/resources/win32/components/wch/toolchain/risc-v embedded gcc/bin/../lib/gcc/riscv-none-embed/8.2.0/../../../../riscv-none-embed/lib/rv32imacxw/ilp32\libc_nano.a
LOAD c:/mounriver/mounriver_studio2/resources/app/resources/win32/components/wch/toolchain/risc-v embedded gcc/bin/../lib/gcc/riscv-none-embed/8.2.0/rv32imacxw/ilp32\libgcc.a
START GROUP
LOAD c:/mounriver/mounriver_studio2/resources/app/resources/win32/components/wch/toolchain/risc-v embedded gcc/bin/../lib/gcc/riscv-none-embed/8.2.0/rv32imacxw/ilp32\libgcc.a
LOAD c:/mounriver/mounriver_studio2/resources/app/resources/win32/components/wch/toolchain/risc-v embedded gcc/bin/../lib/gcc/riscv-none-embed/8.2.0/../../../../riscv-none-embed/lib/rv32imacxw/ilp32\libc_nano.a
LOAD c:/mounriver/mounriver_studio2/resources/app/resources/win32/components/wch/toolchain/risc-v embedded gcc/bin/../lib/gcc/riscv-none-embed/8.2.0/../../../../riscv-none-embed/lib/rv32imacxw/ilp32\libnosys.a
END GROUP
START GROUP
LOAD c:/mounriver/mounriver_studio2/resources/app/resources/win32/components/wch/toolchain/risc-v embedded gcc/bin/../lib/gcc/riscv-none-embed/8.2.0/rv32imacxw/ilp32\libgcc.a
LOAD c:/mounriver/mounriver_studio2/resources/app/resources/win32/components/wch/toolchain/risc-v embedded gcc/bin/../lib/gcc/riscv-none-embed/8.2.0/../../../../riscv-none-embed/lib/rv32imacxw/ilp32\libc_nano.a
LOAD c:/mounriver/mounriver_studio2/resources/app/resources/win32/components/wch/toolchain/risc-v embedded gcc/bin/../lib/gcc/riscv-none-embed/8.2.0/../../../../riscv-none-embed/lib/rv32imacxw/ilp32\libnosys.a
END GROUP
                0x0000000000000800                __stack_size = 0x800
                [!provide]                        PROVIDE (_stack_size = __stack_size)

.init           0x0000000000000000        0x4
                0x0000000000000000                _sinit = .
                0x0000000000000000                . = ALIGN (0x4)
 *(SORT_NONE(.init))
 .init          0x0000000000000000        0x4 ./Startup/startup_ch32v30x_D8C.o
                0x0000000000000000                _start
                0x0000000000000004                . = ALIGN (0x4)
                0x0000000000000004                _einit = .

.vector         0x0000000000000004      0x1bc
 *(.vector)
 .vector        0x0000000000000004      0x1a0 ./Startup/startup_ch32v30x_D8C.o
                0x00000000000001c0                . = ALIGN (0x40)
 *fill*         0x00000000000001a4       0x1c 

.text           0x0000000000000200     0x6fec
                0x0000000000000200                . = ALIGN (0x4)
 *(.text)
 .text          0x0000000000000200      0x2e6 ./FreeRTOS/portable/GCC/RISC-V/portASM.o
                0x0000000000000200                SW_Handler
                0x0000000000000300                xPortStartFirstTask
                0x0000000000000400                pxPortInitialiseStack
 .text          0x00000000000004e6       0x60 c:/mounriver/mounriver_studio2/resources/app/resources/win32/components/wch/toolchain/risc-v embedded gcc/bin/../lib/gcc/riscv-none-embed/8.2.0/rv32imacxw/ilp32\libgcc.a(save-restore.o)
                0x00000000000004e6                __riscv_save_12
                0x00000000000004ee                __riscv_save_9
                0x00000000000004ee                __riscv_save_11
                0x00000000000004ee                __riscv_save_10
                0x00000000000004ee                __riscv_save_8
                0x00000000000004fc                __riscv_save_4
                0x00000000000004fc                __riscv_save_6
                0x00000000000004fc                __riscv_save_5
                0x00000000000004fc                __riscv_save_7
                0x0000000000000516                __riscv_save_3
                0x0000000000000516                __riscv_save_2
                0x0000000000000516                __riscv_save_1
                0x0000000000000516                __riscv_save_0
                0x0000000000000522                __riscv_restore_12
                0x0000000000000526                __riscv_restore_11
                0x0000000000000526                __riscv_restore_9
                0x0000000000000526                __riscv_restore_10
                0x0000000000000526                __riscv_restore_8
                0x0000000000000530                __riscv_restore_5
                0x0000000000000530                __riscv_restore_7
                0x0000000000000530                __riscv_restore_6
                0x0000000000000530                __riscv_restore_4
                0x000000000000053a                __riscv_restore_3
                0x000000000000053a                __riscv_restore_0
                0x000000000000053a                __riscv_restore_2
                0x000000000000053a                __riscv_restore_1
 .text          0x0000000000000546       0xa8 c:/mounriver/mounriver_studio2/resources/app/resources/win32/components/wch/toolchain/risc-v embedded gcc/bin/../lib/gcc/riscv-none-embed/8.2.0/../../../../riscv-none-embed/lib/rv32imacxw/ilp32\libg_nano.a(lib_a-memset.o)
                0x0000000000000546                memset
 *(.text.*)
 .text.vCallBack
                0x00000000000005ee       0x36 ./User/app_task.o
                0x00000000000005ee                vCallBack
 .text.MsgFromCan
                0x0000000000000624       0x38 ./User/app_task.o
                0x0000000000000624                MsgFromCan
 .text.APPCANSEND
                0x000000000000065c       0x28 ./User/app_task.o
                0x000000000000065c                APPCANSEND
 .text.SendDataToSerial
                0x0000000000000684       0x5a ./User/app_task.o
 .text.xTXMessage
                0x00000000000006de        0xa ./User/app_task.o
                0x00000000000006de                xTXMessage
 .text.xRXQueue
                0x00000000000006e8        0xa ./User/app_task.o
                0x00000000000006e8                xRXQueue
 .text.xTXQueue
                0x00000000000006f2        0xa ./User/app_task.o
                0x00000000000006f2                xTXQueue
 .text.xGetCanTaskHandle
                0x00000000000006fc        0xa ./User/app_task.o
                0x00000000000006fc                xGetCanTaskHandle
 .text.xGetAppTaskHandle
                0x0000000000000706        0xa ./User/app_task.o
                0x0000000000000706                xGetAppTaskHandle
 .text.vAppInit
                0x0000000000000710       0x94 ./User/app_task.o
                0x0000000000000710                vAppInit
 .text.vAppTask
                0x00000000000007a4       0x8e ./User/app_task.o
                0x00000000000007a4                vAppTask
 .text.vCanTask
                0x0000000000000832       0x30 ./User/app_task.o
                0x0000000000000832                vCanTask
 .text.NMI_Handler
                0x0000000000000862        0x2 ./User/ch32v30x_it.o
                0x0000000000000862                NMI_Handler
 .text.HardFault_Handler
                0x0000000000000864        0x2 ./User/ch32v30x_it.o
                0x0000000000000864                HardFault_Handler
 .text.TIM2_IRQHandler
                0x0000000000000866       0x50 ./User/ch32v30x_it.o
                0x0000000000000866                TIM2_IRQHandler
 .text.TIM2_Init
                0x00000000000008b6       0x78 ./User/init.o
                0x00000000000008b6                TIM2_Init
 .text.InitDevice
                0x000000000000092e       0x44 ./User/init.o
                0x000000000000092e                InitDevice
 .text.startup.main
                0x0000000000000972       0x56 ./User/main.o
                0x0000000000000972                main
 .text.SystemInit
                0x00000000000009c8       0xea ./User/system_ch32v30x.o
                0x00000000000009c8                SystemInit
 .text.SystemCoreClockUpdate
                0x0000000000000ab2       0x92 ./User/system_ch32v30x.o
                0x0000000000000ab2                SystemCoreClockUpdate
 .text.vApplicationGetIdleTaskMemory
                0x0000000000000b44       0x1c ./User/system_init.o
                0x0000000000000b44                vApplicationGetIdleTaskMemory
 .text.vApplicationGetTimerTaskMemory
                0x0000000000000b60       0x1c ./User/system_init.o
                0x0000000000000b60                vApplicationGetTimerTaskMemory
 .text.vSYStaskInit
                0x0000000000000b7c       0x62 ./User/system_init.o
                0x0000000000000b7c                vSYStaskInit
 .text.vSYSqueueInit
                0x0000000000000bde       0x62 ./User/system_init.o
                0x0000000000000bde                vSYSqueueInit
 .text.USBFS_RCC_Init
                0x0000000000000c40       0x46 ./USB_Device/ch32v30x_usbfs_device.o
                0x0000000000000c40                USBFS_RCC_Init
 .text.USBFS_Device_Endp_Init
                0x0000000000000c86       0x96 ./USB_Device/ch32v30x_usbfs_device.o
                0x0000000000000c86                USBFS_Device_Endp_Init
 .text.USBFS_Device_Init
                0x0000000000000d1c       0x52 ./USB_Device/ch32v30x_usbfs_device.o
                0x0000000000000d1c                USBFS_Device_Init
 .text.USBFS_Endp_DataUp
                0x0000000000000d6e       0xee ./USB_Device/ch32v30x_usbfs_device.o
                0x0000000000000d6e                USBFS_Endp_DataUp
 .text.USBFS_IRQHandler
                0x0000000000000e5c      0xa4c ./USB_Device/ch32v30x_usbfs_device.o
                0x0000000000000e5c                USBFS_IRQHandler
 .text.UART2_ParaInit
                0x00000000000018a8       0xd6 ./UART/UART.o
                0x00000000000018a8                UART2_ParaInit
 .text.UART2_USB_Init
                0x000000000000197e       0x52 ./UART/UART.o
                0x000000000000197e                UART2_USB_Init
 .text.UART2_DataTx_Deal
                0x00000000000019d0      0x1d2 ./UART/UART.o
                0x00000000000019d0                UART2_DataTx_Deal
 .text.SetBuff  0x0000000000001ba2       0x1a ./UART/UART.o
                0x0000000000001ba2                SetBuff
 .text.UART2_DataRx_Deal
                0x0000000000001bbc      0x138 ./UART/UART.o
                0x0000000000001bbc                UART2_DataRx_Deal
 .text.vector_handler
                0x0000000000001cf4        0x2 ./Startup/startup_ch32v30x_D8C.o
                0x0000000000001cf4                EXTI2_IRQHandler
                0x0000000000001cf4                TIM8_TRG_COM_IRQHandler
                0x0000000000001cf4                TIM8_CC_IRQHandler
                0x0000000000001cf4                UART8_IRQHandler
                0x0000000000001cf4                TIM1_CC_IRQHandler
                0x0000000000001cf4                TIM6_IRQHandler
                0x0000000000001cf4                PVD_IRQHandler
                0x0000000000001cf4                SDIO_IRQHandler
                0x0000000000001cf4                TIM9_BRK_IRQHandler
                0x0000000000001cf4                DMA2_Channel8_IRQHandler
                0x0000000000001cf4                CAN2_RX1_IRQHandler
                0x0000000000001cf4                EXTI3_IRQHandler
                0x0000000000001cf4                USBHS_IRQHandler
                0x0000000000001cf4                DMA2_Channel9_IRQHandler
                0x0000000000001cf4                TIM10_CC_IRQHandler
                0x0000000000001cf4                EXTI0_IRQHandler
                0x0000000000001cf4                I2C2_EV_IRQHandler
                0x0000000000001cf4                TIM10_TRG_COM_IRQHandler
                0x0000000000001cf4                CAN2_SCE_IRQHandler
                0x0000000000001cf4                ADC1_2_IRQHandler
                0x0000000000001cf4                Break_Point_Handler
                0x0000000000001cf4                SPI1_IRQHandler
                0x0000000000001cf4                TAMPER_IRQHandler
                0x0000000000001cf4                CAN2_RX0_IRQHandler
                0x0000000000001cf4                TIM8_UP_IRQHandler
                0x0000000000001cf4                Ecall_M_Mode_Handler
                0x0000000000001cf4                DMA2_Channel2_IRQHandler
                0x0000000000001cf4                DMA1_Channel4_IRQHandler
                0x0000000000001cf4                TIM9_UP_IRQHandler
                0x0000000000001cf4                RTC_IRQHandler
                0x0000000000001cf4                DMA1_Channel7_IRQHandler
                0x0000000000001cf4                DVP_IRQHandler
                0x0000000000001cf4                UART5_IRQHandler
                0x0000000000001cf4                TIM4_IRQHandler
                0x0000000000001cf4                DMA2_Channel1_IRQHandler
                0x0000000000001cf4                I2C1_EV_IRQHandler
                0x0000000000001cf4                DMA1_Channel6_IRQHandler
                0x0000000000001cf4                UART4_IRQHandler
                0x0000000000001cf4                DMA2_Channel4_IRQHandler
                0x0000000000001cf4                TIM3_IRQHandler
                0x0000000000001cf4                RCC_IRQHandler
                0x0000000000001cf4                TIM1_TRG_COM_IRQHandler
                0x0000000000001cf4                DMA1_Channel1_IRQHandler
                0x0000000000001cf4                DMA2_Channel7_IRQHandler
                0x0000000000001cf4                EXTI15_10_IRQHandler
                0x0000000000001cf4                TIM7_IRQHandler
                0x0000000000001cf4                CAN2_TX_IRQHandler
                0x0000000000001cf4                TIM5_IRQHandler
                0x0000000000001cf4                EXTI9_5_IRQHandler
                0x0000000000001cf4                ETH_WKUP_IRQHandler
                0x0000000000001cf4                SPI2_IRQHandler
                0x0000000000001cf4                TIM10_BRK_IRQHandler
                0x0000000000001cf4                TIM9_CC_IRQHandler
                0x0000000000001cf4                DMA2_Channel5_IRQHandler
                0x0000000000001cf4                DMA1_Channel5_IRQHandler
                0x0000000000001cf4                EXTI4_IRQHandler
                0x0000000000001cf4                RNG_IRQHandler
                0x0000000000001cf4                ETH_IRQHandler
                0x0000000000001cf4                WWDG_IRQHandler
                0x0000000000001cf4                USBHSWakeup_IRQHandler
                0x0000000000001cf4                DMA2_Channel11_IRQHandler
                0x0000000000001cf4                Ecall_U_Mode_Handler
                0x0000000000001cf4                DMA2_Channel6_IRQHandler
                0x0000000000001cf4                TIM1_BRK_IRQHandler
                0x0000000000001cf4                DMA2_Channel10_IRQHandler
                0x0000000000001cf4                EXTI1_IRQHandler
                0x0000000000001cf4                RTCAlarm_IRQHandler
                0x0000000000001cf4                TIM10_UP_IRQHandler
                0x0000000000001cf4                TIM9_TRG_COM_IRQHandler
                0x0000000000001cf4                UART7_IRQHandler
                0x0000000000001cf4                USART2_IRQHandler
                0x0000000000001cf4                UART6_IRQHandler
                0x0000000000001cf4                I2C2_ER_IRQHandler
                0x0000000000001cf4                TIM8_BRK_IRQHandler
                0x0000000000001cf4                FLASH_IRQHandler
                0x0000000000001cf4                USART1_IRQHandler
                0x0000000000001cf4                SPI3_IRQHandler
                0x0000000000001cf4                I2C1_ER_IRQHandler
                0x0000000000001cf4                USBWakeUp_IRQHandler
                0x0000000000001cf4                DMA2_Channel3_IRQHandler
 .text.handle_reset
                0x0000000000001cf6       0x92 ./Startup/startup_ch32v30x_D8C.o
                0x0000000000001cf6                handle_reset
 .text.CAN_FilterInit
                0x0000000000001d88       0xee ./Peripheral/src/ch32v30x_can.o
                0x0000000000001d88                CAN_FilterInit
 .text.DBGMCU_GetCHIPID
                0x0000000000001e76        0xa ./Peripheral/src/ch32v30x_dbgmcu.o
                0x0000000000001e76                DBGMCU_GetCHIPID
 .text.DMA_GetFlagStatus
                0x0000000000001e80       0x32 ./Peripheral/src/ch32v30x_dma.o
                0x0000000000001e80                DMA_GetFlagStatus
 .text.DMA_ClearFlag
                0x0000000000001eb2       0x2c ./Peripheral/src/ch32v30x_dma.o
                0x0000000000001eb2                DMA_ClearFlag
 .text.DMA_GetITStatus
                0x0000000000001ede        0xa ./Peripheral/src/ch32v30x_dma.o
                0x0000000000001ede                DMA_GetITStatus
 .text.DMA_ClearITPendingBit
                0x0000000000001ee8        0xa ./Peripheral/src/ch32v30x_dma.o
                0x0000000000001ee8                DMA_ClearITPendingBit
 .text.GPIO_Init
                0x0000000000001ef2       0xc0 ./Peripheral/src/ch32v30x_gpio.o
                0x0000000000001ef2                GPIO_Init
 .text.GPIO_PinRemapConfig
                0x0000000000001fb2       0xd6 ./Peripheral/src/ch32v30x_gpio.o
                0x0000000000001fb2                GPIO_PinRemapConfig
 .text.RCC_GetClocksFreq
                0x0000000000002088      0x106 ./Peripheral/src/ch32v30x_rcc.o
                0x0000000000002088                RCC_GetClocksFreq
 .text.RCC_AHBPeriphClockCmd
                0x000000000000218e       0x1e ./Peripheral/src/ch32v30x_rcc.o
                0x000000000000218e                RCC_AHBPeriphClockCmd
 .text.RCC_APB2PeriphClockCmd
                0x00000000000021ac       0x1e ./Peripheral/src/ch32v30x_rcc.o
                0x00000000000021ac                RCC_APB2PeriphClockCmd
 .text.RCC_APB1PeriphClockCmd
                0x00000000000021ca       0x1e ./Peripheral/src/ch32v30x_rcc.o
                0x00000000000021ca                RCC_APB1PeriphClockCmd
 .text.RCC_APB2PeriphResetCmd
                0x00000000000021e8       0x1e ./Peripheral/src/ch32v30x_rcc.o
                0x00000000000021e8                RCC_APB2PeriphResetCmd
 .text.RCC_APB1PeriphResetCmd
                0x0000000000002206       0x1e ./Peripheral/src/ch32v30x_rcc.o
                0x0000000000002206                RCC_APB1PeriphResetCmd
 .text.RCC_USBFSCLKConfig
                0x0000000000002224       0x1a ./Peripheral/src/ch32v30x_rcc.o
                0x0000000000002224                RCC_USBFSCLKConfig
 .text.TIM_DeInit
                0x000000000000223e       0xe8 ./Peripheral/src/ch32v30x_tim.o
                0x000000000000223e                TIM_DeInit
 .text.TIM_TimeBaseInit
                0x0000000000002326       0xaa ./Peripheral/src/ch32v30x_tim.o
                0x0000000000002326                TIM_TimeBaseInit
 .text.TIM_Cmd  0x00000000000023d0       0x18 ./Peripheral/src/ch32v30x_tim.o
                0x00000000000023d0                TIM_Cmd
 .text.TIM_ITConfig
                0x00000000000023e8       0x12 ./Peripheral/src/ch32v30x_tim.o
                0x00000000000023e8                TIM_ITConfig
 .text.TIM_ClearFlag
                0x00000000000023fa        0xc ./Peripheral/src/ch32v30x_tim.o
                0x00000000000023fa                TIM_ClearFlag
 .text.TIM_GetITStatus
                0x0000000000002406       0x18 ./Peripheral/src/ch32v30x_tim.o
                0x0000000000002406                TIM_GetITStatus
 .text.USART_Init
                0x000000000000241e       0x8e ./Peripheral/src/ch32v30x_usart.o
                0x000000000000241e                USART_Init
 .text.USART_Cmd
                0x00000000000024ac       0x16 ./Peripheral/src/ch32v30x_usart.o
                0x00000000000024ac                USART_Cmd
 .text.USART_SendData
                0x00000000000024c2        0x8 ./Peripheral/src/ch32v30x_usart.o
                0x00000000000024c2                USART_SendData
 .text.USART_GetFlagStatus
                0x00000000000024ca        0xa ./Peripheral/src/ch32v30x_usart.o
                0x00000000000024ca                USART_GetFlagStatus
 .text.USART_GetITStatus
                0x00000000000024d4       0x3c ./Peripheral/src/ch32v30x_usart.o
                0x00000000000024d4                USART_GetITStatus
 .text.GetVersionInfo.constprop.6
                0x0000000000002510       0x22 ./PROTOCOLS/lawicel.o
 .text.LAWICEL_Init
                0x0000000000002532        0xa ./PROTOCOLS/lawicel.o
                0x0000000000002532                LAWICEL_Init
 .text.hex2ascii
                0x000000000000253c       0x14 ./PROTOCOLS/lawicel.o
                0x000000000000253c                hex2ascii
 .text.ascii2hex
                0x0000000000002550       0x3a ./PROTOCOLS/lawicel.o
                0x0000000000002550                ascii2hex
 .text.ParseCanMessage
                0x000000000000258a      0x17a ./PROTOCOLS/lawicel.o
                0x000000000000258a                ParseCanMessage
 .text.InitCan  0x0000000000002704       0x44 ./PROTOCOLS/lawicel.o
                0x0000000000002704                InitCan
 .text.DataParser
                0x0000000000002748      0x554 ./PROTOCOLS/lawicel.o
                0x0000000000002748                DataParser
 .text.getTimeCounter
                0x0000000000002c9c        0xa ./PROTOCOLS/lawicel.o
                0x0000000000002c9c                getTimeCounter
 .text.MSTimrCallBack
                0x0000000000002ca6       0x20 ./PROTOCOLS/lawicel.o
                0x0000000000002ca6                MSTimrCallBack
 .text.HAL_CANSetTXCallback
                0x0000000000002cc6        0xa ./HAL_DRIVER/hal_can_ch32.o
                0x0000000000002cc6                HAL_CANSetTXCallback
 .text.HAL_CANSetRXCallback
                0x0000000000002cd0        0xa ./HAL_DRIVER/hal_can_ch32.o
                0x0000000000002cd0                HAL_CANSetRXCallback
 .text.HAL_CANSetERRCallback
                0x0000000000002cda        0xa ./HAL_DRIVER/hal_can_ch32.o
                0x0000000000002cda                HAL_CANSetERRCallback
 .text.HAL_CANIntIT
                0x0000000000002ce4      0x132 ./HAL_DRIVER/hal_can_ch32.o
                0x0000000000002ce4                HAL_CANIntIT
 .text.HAL_CANToInitMode
                0x0000000000002e16       0x34 ./HAL_DRIVER/hal_can_ch32.o
                0x0000000000002e16                HAL_CANToInitMode
 .text.HAL_CANToOperatingMode
                0x0000000000002e4a       0x2a ./HAL_DRIVER/hal_can_ch32.o
                0x0000000000002e4a                HAL_CANToOperatingMode
 .text.HAL_CANSend
                0x0000000000002e74       0xc4 ./HAL_DRIVER/hal_can_ch32.o
                0x0000000000002e74                HAL_CANSend
 .text.HAL_CAN_MSG_GET
                0x0000000000002f38       0xa4 ./HAL_DRIVER/hal_can_ch32.o
                0x0000000000002f38                HAL_CAN_MSG_GET
 .text.USB_HP_CAN1_TX_IRQHandler
                0x0000000000002fdc       0x60 ./HAL_DRIVER/hal_can_ch32.o
                0x0000000000002fdc                USB_HP_CAN1_TX_IRQHandler
 .text.USB_LP_CAN1_RX0_IRQHandler
                0x000000000000303c       0x5e ./HAL_DRIVER/hal_can_ch32.o
                0x000000000000303c                USB_LP_CAN1_RX0_IRQHandler
 .text.CAN1_RX1_IRQHandler
                0x000000000000309a       0x5e ./HAL_DRIVER/hal_can_ch32.o
                0x000000000000309a                CAN1_RX1_IRQHandler
 .text.CAN1_SCE_IRQHandler
                0x00000000000030f8       0x5c ./HAL_DRIVER/hal_can_ch32.o
                0x00000000000030f8                CAN1_SCE_IRQHandler
 .text.DMA_IRQ  0x0000000000003154       0x3a ./HAL_DRIVER/hal_dma_ch32.o
 .text.DMA1_Channel2_IRQHandler
                0x000000000000318e       0x4c ./HAL_DRIVER/hal_dma_ch32.o
                0x000000000000318e                DMA1_Channel2_IRQHandler
 .text.DMA1_Channel3_IRQHandler
                0x00000000000031da       0x4c ./HAL_DRIVER/hal_dma_ch32.o
                0x00000000000031da                DMA1_Channel3_IRQHandler
 .text.HAL_InitGPIO
                0x0000000000003226       0xba ./HAL_DRIVER/hal_gpio_ch32.o
                0x0000000000003226                HAL_InitGPIO
 .text.HAL_InitGpioAF
                0x00000000000032e0       0x32 ./HAL_DRIVER/hal_gpio_ch32.o
                0x00000000000032e0                HAL_InitGpioAF
 .text.HAL_InitGPO
                0x0000000000003312       0x20 ./HAL_DRIVER/hal_gpio_ch32.o
                0x0000000000003312                HAL_InitGPO
 .text.HAL_InitAPB1
                0x0000000000003332       0x1c ./HAL_DRIVER/hal_irq.o
                0x0000000000003332                HAL_InitAPB1
 .text.HAL_InitAPB2
                0x000000000000334e       0x1c ./HAL_DRIVER/hal_irq.o
                0x000000000000334e                HAL_InitAPB2
 .text.PFIC_IRQ_ENABLE_PG2
                0x000000000000336a       0x28 ./HAL_DRIVER/hal_irq.o
                0x000000000000336a                PFIC_IRQ_ENABLE_PG2
 .text.HAL_TiemrEneblae
                0x0000000000003392       0x1a ./HAL_DRIVER/hal_timers_ch32.o
                0x0000000000003392                HAL_TiemrEneblae
 .text.TIM1_UP_IRQHandler
                0x00000000000033ac       0x70 ./HAL_DRIVER/hal_timers_ch32.o
                0x00000000000033ac                TIM1_UP_IRQHandler
 .text.HW_TIMER_BaseTimerInit
                0x000000000000341c       0xb4 ./HAL_DRIVER/hal_timers_ch32.o
                0x000000000000341c                HW_TIMER_BaseTimerInit
 .text.HAL_TIMER_InitIt
                0x00000000000034d0       0x66 ./HAL_DRIVER/hal_timers_ch32.o
                0x00000000000034d0                HAL_TIMER_InitIt
 .text.HAL_UASRT_IRQ
                0x0000000000003536       0x90 ./HAL_DRIVER/hal_usart.o
                0x0000000000003536                HAL_UASRT_IRQ
 .text.USART3_IRQHandler
                0x00000000000035c6       0x4c ./HAL_DRIVER/hal_usart.o
                0x00000000000035c6                USART3_IRQHandler
 .text.prvInsertBlockIntoFreeList
                0x0000000000003612       0x4c ./FreeRTOS/portable/MemMang/heap_4.o
 .text.vPortFree
                0x000000000000365e       0xa6 ./FreeRTOS/portable/MemMang/heap_4.o
                0x000000000000365e                vPortFree
 .text.vPortSetupTimerInterrupt
                0x0000000000003704       0x3e ./FreeRTOS/portable/GCC/RISC-V/port.o
                0x0000000000003704                vPortSetupTimerInterrupt
 .text.xPortStartScheduler
                0x0000000000003742       0x8e ./FreeRTOS/portable/GCC/RISC-V/port.o
                0x0000000000003742                xPortStartScheduler
 .text.SysTick_Handler
                0x00000000000037d0       0x38 ./FreeRTOS/portable/GCC/RISC-V/port.o
                0x00000000000037d0                SysTick_Handler
 .text.vPortEnterCritical
                0x0000000000003808       0x16 ./FreeRTOS/portable/GCC/RISC-V/port.o
                0x0000000000003808                vPortEnterCritical
 .text.vPortExitCritical
                0x000000000000381e       0x42 ./FreeRTOS/portable/GCC/RISC-V/port.o
                0x000000000000381e                vPortExitCritical
 .text.xPortSetInterruptMask
                0x0000000000003860        0xc ./FreeRTOS/portable/GCC/RISC-V/port.o
                0x0000000000003860                xPortSetInterruptMask
 .text.vPortClearInterruptMask
                0x000000000000386c        0x6 ./FreeRTOS/portable/GCC/RISC-V/port.o
                0x000000000000386c                vPortClearInterruptMask
 .text.vListInitialise
                0x0000000000003872       0x14 ./FreeRTOS/list.o
                0x0000000000003872                vListInitialise
 .text.vListInitialiseItem
                0x0000000000003886        0x6 ./FreeRTOS/list.o
                0x0000000000003886                vListInitialiseItem
 .text.vListInsert
                0x000000000000388c       0x2e ./FreeRTOS/list.o
                0x000000000000388c                vListInsert
 .text.uxListRemove
                0x00000000000038ba       0x20 ./FreeRTOS/list.o
                0x00000000000038ba                uxListRemove
 .text.prvIsQueueEmpty
                0x00000000000038da       0x1a ./FreeRTOS/queue.o
 .text.prvCopyDataToQueue
                0x00000000000038f4       0x72 ./FreeRTOS/queue.o
 .text.prvCopyDataFromQueue
                0x0000000000003966       0x28 ./FreeRTOS/queue.o
 .text.prvUnlockQueue
                0x000000000000398e       0x6e ./FreeRTOS/queue.o
 .text.xQueueGenericReset
                0x00000000000039fc       0xc4 ./FreeRTOS/queue.o
                0x00000000000039fc                xQueueGenericReset
 .text.xQueueGenericCreateStatic
                0x0000000000003ac0       0xac ./FreeRTOS/queue.o
                0x0000000000003ac0                xQueueGenericCreateStatic
 .text.xQueueGenericSend
                0x0000000000003b6c      0x1a8 ./FreeRTOS/queue.o
                0x0000000000003b6c                xQueueGenericSend
 .text.xQueueGenericSendFromISR
                0x0000000000003d14      0x128 ./FreeRTOS/queue.o
                0x0000000000003d14                xQueueGenericSendFromISR
 .text.xQueueReceive
                0x0000000000003e3c      0x166 ./FreeRTOS/queue.o
                0x0000000000003e3c                xQueueReceive
 .text.xQueueReceiveFromISR
                0x0000000000003fa2       0xf0 ./FreeRTOS/queue.o
                0x0000000000003fa2                xQueueReceiveFromISR
 .text.vQueueAddToRegistry
                0x0000000000004092       0x6c ./FreeRTOS/queue.o
                0x0000000000004092                vQueueAddToRegistry
 .text.vQueueWaitForMessageRestricted
                0x00000000000040fe       0x5c ./FreeRTOS/queue.o
                0x00000000000040fe                vQueueWaitForMessageRestricted
 .text.prvBytesInBuffer
                0x000000000000415a       0x14 ./FreeRTOS/stream_buffer.o
 .text.prvInitialiseNewStreamBuffer
                0x000000000000416e       0x60 ./FreeRTOS/stream_buffer.o
 .text.prvWriteBytesToBuffer.part.1
                0x00000000000041ce       0xa4 ./FreeRTOS/stream_buffer.o
 .text.prvWriteMessageToBuffer
                0x0000000000004272       0x48 ./FreeRTOS/stream_buffer.o
 .text.prvReadBytesFromBuffer.part.2
                0x00000000000042ba       0x9e ./FreeRTOS/stream_buffer.o
 .text.prvReadMessageFromBuffer
                0x0000000000004358       0x48 ./FreeRTOS/stream_buffer.o
 .text.xStreamBufferGenericCreateStatic
                0x00000000000043a0       0xfe ./FreeRTOS/stream_buffer.o
                0x00000000000043a0                xStreamBufferGenericCreateStatic
 .text.xStreamBufferReset
                0x000000000000449e       0x58 ./FreeRTOS/stream_buffer.o
                0x000000000000449e                xStreamBufferReset
 .text.xStreamBufferSpacesAvailable
                0x00000000000044f6       0x48 ./FreeRTOS/stream_buffer.o
                0x00000000000044f6                xStreamBufferSpacesAvailable
 .text.xStreamBufferSend
                0x000000000000453e      0x166 ./FreeRTOS/stream_buffer.o
                0x000000000000453e                xStreamBufferSend
 .text.xStreamBufferReceive
                0x00000000000046a4      0x100 ./FreeRTOS/stream_buffer.o
                0x00000000000046a4                xStreamBufferReceive
 .text.xStreamBufferIsEmpty
                0x00000000000047a4       0x36 ./FreeRTOS/stream_buffer.o
                0x00000000000047a4                xStreamBufferIsEmpty
 .text.prvAddNewTaskToReadyList
                0x00000000000047da      0x122 ./FreeRTOS/tasks.o
 .text.prvResetNextTaskUnblockTime
                0x00000000000048fc       0x24 ./FreeRTOS/tasks.o
 .text.prvInitialiseNewTask.isra.2
                0x0000000000004920       0xc8 ./FreeRTOS/tasks.o
 .text.prvDeleteTCB
                0x00000000000049e8       0x4e ./FreeRTOS/tasks.o
 .text.prvIdleTask
                0x0000000000004a36       0x4a ./FreeRTOS/tasks.o
 .text.prvAddCurrentTaskToDelayedList
                0x0000000000004a80       0xa6 ./FreeRTOS/tasks.o
 .text.xTaskCreateStatic
                0x0000000000004b26       0xa6 ./FreeRTOS/tasks.o
                0x0000000000004b26                xTaskCreateStatic
 .text.vTaskStartScheduler
                0x0000000000004bcc       0x9c ./FreeRTOS/tasks.o
                0x0000000000004bcc                vTaskStartScheduler
 .text.vTaskSuspendAll
                0x0000000000004c68       0x10 ./FreeRTOS/tasks.o
                0x0000000000004c68                vTaskSuspendAll
 .text.xTaskGetTickCount
                0x0000000000004c78        0xa ./FreeRTOS/tasks.o
                0x0000000000004c78                xTaskGetTickCount
 .text.xTaskIncrementTick
                0x0000000000004c82      0x1ac ./FreeRTOS/tasks.o
                0x0000000000004c82                xTaskIncrementTick
 .text.xTaskResumeAll
                0x0000000000004e2e      0x168 ./FreeRTOS/tasks.o
                0x0000000000004e2e                xTaskResumeAll
 .text.vTaskSwitchContext
                0x0000000000004f96       0x9a ./FreeRTOS/tasks.o
                0x0000000000004f96                vTaskSwitchContext
 .text.vTaskPlaceOnEventList
                0x0000000000005030       0x48 ./FreeRTOS/tasks.o
                0x0000000000005030                vTaskPlaceOnEventList
 .text.vTaskPlaceOnEventListRestricted
                0x0000000000005078       0x76 ./FreeRTOS/tasks.o
                0x0000000000005078                vTaskPlaceOnEventListRestricted
 .text.xTaskRemoveFromEventList
                0x00000000000050ee       0xec ./FreeRTOS/tasks.o
                0x00000000000050ee                xTaskRemoveFromEventList
 .text.vTaskSetTimeOutState
                0x00000000000051da       0x54 ./FreeRTOS/tasks.o
                0x00000000000051da                vTaskSetTimeOutState
 .text.vTaskInternalSetTimeOutState
                0x000000000000522e       0x16 ./FreeRTOS/tasks.o
                0x000000000000522e                vTaskInternalSetTimeOutState
 .text.xTaskCheckForTimeOut
                0x0000000000005244       0xca ./FreeRTOS/tasks.o
                0x0000000000005244                xTaskCheckForTimeOut
 .text.vTaskMissedYield
                0x000000000000530e        0xc ./FreeRTOS/tasks.o
                0x000000000000530e                vTaskMissedYield
 .text.xTaskGetCurrentTaskHandle
                0x000000000000531a        0xa ./FreeRTOS/tasks.o
                0x000000000000531a                xTaskGetCurrentTaskHandle
 .text.xTaskGetSchedulerState
                0x0000000000005324       0x1c ./FreeRTOS/tasks.o
                0x0000000000005324                xTaskGetSchedulerState
 .text.xTaskPriorityDisinherit
                0x0000000000005340       0xca ./FreeRTOS/tasks.o
                0x0000000000005340                xTaskPriorityDisinherit
 .text.xTaskGenericNotifyWait
                0x000000000000540a       0xc2 ./FreeRTOS/tasks.o
                0x000000000000540a                xTaskGenericNotifyWait
 .text.xTaskGenericNotify
                0x00000000000054cc      0x18a ./FreeRTOS/tasks.o
                0x00000000000054cc                xTaskGenericNotify
 .text.xTaskGenericNotifyStateClear
                0x0000000000005656       0x5c ./FreeRTOS/tasks.o
                0x0000000000005656                xTaskGenericNotifyStateClear
 .text.prvCheckForValidListAndQueue
                0x00000000000056b2       0x76 ./FreeRTOS/timers.o
 .text.prvInsertTimerInActiveList
                0x0000000000005728       0x46 ./FreeRTOS/timers.o
 .text.prvReloadTimer
                0x000000000000576e       0x2a ./FreeRTOS/timers.o
 .text.prvProcessExpiredTimer
                0x0000000000005798       0x46 ./FreeRTOS/timers.o
 .text.prvSwitchTimerLists
                0x00000000000057de       0x30 ./FreeRTOS/timers.o
 .text.prvTimerTask
                0x000000000000580e      0x196 ./FreeRTOS/timers.o
 .text.xTimerCreateTimerTask
                0x00000000000059a4       0x74 ./FreeRTOS/timers.o
                0x00000000000059a4                xTimerCreateTimerTask
 .text.Delay_Init
                0x0000000000005a18       0x32 ./Debug/debug.o
                0x0000000000005a18                Delay_Init
 .text.Delay_Us
                0x0000000000005a4a       0x3a ./Debug/debug.o
                0x0000000000005a4a                Delay_Us
 .text.USART_Printf_Init
                0x0000000000005a84       0x62 ./Debug/debug.o
                0x0000000000005a84                USART_Printf_Init
 .text._write   0x0000000000005ae6       0x3e ./Debug/debug.o
                0x0000000000005ae6                _write
 .text._sbrk    0x0000000000005b24       0x2a ./Debug/debug.o
                0x0000000000005b24                _sbrk
 .text.memcpy   0x0000000000005b4e       0xb2 c:/mounriver/mounriver_studio2/resources/app/resources/win32/components/wch/toolchain/risc-v embedded gcc/bin/../lib/gcc/riscv-none-embed/8.2.0/../../../../riscv-none-embed/lib/rv32imacxw/ilp32\libg_nano.a(lib_a-memcpy.o)
                0x0000000000005b4e                memcpy
 .text.printf   0x0000000000005c00       0x40 c:/mounriver/mounriver_studio2/resources/app/resources/win32/components/wch/toolchain/risc-v embedded gcc/bin/../lib/gcc/riscv-none-embed/8.2.0/../../../../riscv-none-embed/lib/rv32imacxw/ilp32\libg_nano.a(lib_a-printf.o)
                0x0000000000005c00                iprintf
                0x0000000000005c00                printf
 .text._puts_r  0x0000000000005c40       0xd4 c:/mounriver/mounriver_studio2/resources/app/resources/win32/components/wch/toolchain/risc-v embedded gcc/bin/../lib/gcc/riscv-none-embed/8.2.0/../../../../riscv-none-embed/lib/rv32imacxw/ilp32\libg_nano.a(lib_a-puts.o)
                0x0000000000005c40                _puts_r
 .text.puts     0x0000000000005d14        0xc c:/mounriver/mounriver_studio2/resources/app/resources/win32/components/wch/toolchain/risc-v embedded gcc/bin/../lib/gcc/riscv-none-embed/8.2.0/../../../../riscv-none-embed/lib/rv32imacxw/ilp32\libg_nano.a(lib_a-puts.o)
                0x0000000000005d14                puts
 .text.__swbuf_r
                0x0000000000005d20       0xbc c:/mounriver/mounriver_studio2/resources/app/resources/win32/components/wch/toolchain/risc-v embedded gcc/bin/../lib/gcc/riscv-none-embed/8.2.0/../../../../riscv-none-embed/lib/rv32imacxw/ilp32\libg_nano.a(lib_a-wbuf.o)
                0x0000000000005d20                __swbuf_r
 .text.__swsetup_r
                0x0000000000005ddc       0xfc c:/mounriver/mounriver_studio2/resources/app/resources/win32/components/wch/toolchain/risc-v embedded gcc/bin/../lib/gcc/riscv-none-embed/8.2.0/../../../../riscv-none-embed/lib/rv32imacxw/ilp32\libg_nano.a(lib_a-wsetup.o)
                0x0000000000005ddc                __swsetup_r
 .text.__sflush_r
                0x0000000000005ed8      0x130 c:/mounriver/mounriver_studio2/resources/app/resources/win32/components/wch/toolchain/risc-v embedded gcc/bin/../lib/gcc/riscv-none-embed/8.2.0/../../../../riscv-none-embed/lib/rv32imacxw/ilp32\libg_nano.a(lib_a-fflush.o)
                0x0000000000005ed8                __sflush_r
 .text._fflush_r
                0x0000000000006008       0x66 c:/mounriver/mounriver_studio2/resources/app/resources/win32/components/wch/toolchain/risc-v embedded gcc/bin/../lib/gcc/riscv-none-embed/8.2.0/../../../../riscv-none-embed/lib/rv32imacxw/ilp32\libg_nano.a(lib_a-fflush.o)
                0x0000000000006008                _fflush_r
 .text.std      0x000000000000606e       0x66 c:/mounriver/mounriver_studio2/resources/app/resources/win32/components/wch/toolchain/risc-v embedded gcc/bin/../lib/gcc/riscv-none-embed/8.2.0/../../../../riscv-none-embed/lib/rv32imacxw/ilp32\libg_nano.a(lib_a-findfp.o)
 .text._cleanup_r
                0x00000000000060d4        0xa c:/mounriver/mounriver_studio2/resources/app/resources/win32/components/wch/toolchain/risc-v embedded gcc/bin/../lib/gcc/riscv-none-embed/8.2.0/../../../../riscv-none-embed/lib/rv32imacxw/ilp32\libg_nano.a(lib_a-findfp.o)
                0x00000000000060d4                _cleanup_r
 .text.__sfmoreglue
                0x00000000000060de       0x46 c:/mounriver/mounriver_studio2/resources/app/resources/win32/components/wch/toolchain/risc-v embedded gcc/bin/../lib/gcc/riscv-none-embed/8.2.0/../../../../riscv-none-embed/lib/rv32imacxw/ilp32\libg_nano.a(lib_a-findfp.o)
                0x00000000000060de                __sfmoreglue
 .text.__sinit  0x0000000000006124       0x6c c:/mounriver/mounriver_studio2/resources/app/resources/win32/components/wch/toolchain/risc-v embedded gcc/bin/../lib/gcc/riscv-none-embed/8.2.0/../../../../riscv-none-embed/lib/rv32imacxw/ilp32\libg_nano.a(lib_a-findfp.o)
                0x0000000000006124                __sinit
 .text.__sfp    0x0000000000006190       0xa0 c:/mounriver/mounriver_studio2/resources/app/resources/win32/components/wch/toolchain/risc-v embedded gcc/bin/../lib/gcc/riscv-none-embed/8.2.0/../../../../riscv-none-embed/lib/rv32imacxw/ilp32\libg_nano.a(lib_a-findfp.o)
                0x0000000000006190                __sfp
 .text._fwalk_reent
                0x0000000000006230       0x6a c:/mounriver/mounriver_studio2/resources/app/resources/win32/components/wch/toolchain/risc-v embedded gcc/bin/../lib/gcc/riscv-none-embed/8.2.0/../../../../riscv-none-embed/lib/rv32imacxw/ilp32\libg_nano.a(lib_a-fwalk.o)
                0x0000000000006230                _fwalk_reent
 .text.__swhatbuf_r
                0x000000000000629a       0x58 c:/mounriver/mounriver_studio2/resources/app/resources/win32/components/wch/toolchain/risc-v embedded gcc/bin/../lib/gcc/riscv-none-embed/8.2.0/../../../../riscv-none-embed/lib/rv32imacxw/ilp32\libg_nano.a(lib_a-makebuf.o)
                0x000000000000629a                __swhatbuf_r
 .text.__smakebuf_r
                0x00000000000062f2       0x92 c:/mounriver/mounriver_studio2/resources/app/resources/win32/components/wch/toolchain/risc-v embedded gcc/bin/../lib/gcc/riscv-none-embed/8.2.0/../../../../riscv-none-embed/lib/rv32imacxw/ilp32\libg_nano.a(lib_a-makebuf.o)
                0x00000000000062f2                __smakebuf_r
 .text._free_r  0x0000000000006384       0xb0 c:/mounriver/mounriver_studio2/resources/app/resources/win32/components/wch/toolchain/risc-v embedded gcc/bin/../lib/gcc/riscv-none-embed/8.2.0/../../../../riscv-none-embed/lib/rv32imacxw/ilp32\libg_nano.a(lib_a-nano-freer.o)
                0x0000000000006384                _free_r
 .text._malloc_r
                0x0000000000006434       0xdc c:/mounriver/mounriver_studio2/resources/app/resources/win32/components/wch/toolchain/risc-v embedded gcc/bin/../lib/gcc/riscv-none-embed/8.2.0/../../../../riscv-none-embed/lib/rv32imacxw/ilp32\libg_nano.a(lib_a-nano-mallocr.o)
                0x0000000000006434                _malloc_r
 .text.__sfputc_r
                0x0000000000006510       0x28 c:/mounriver/mounriver_studio2/resources/app/resources/win32/components/wch/toolchain/risc-v embedded gcc/bin/../lib/gcc/riscv-none-embed/8.2.0/../../../../riscv-none-embed/lib/rv32imacxw/ilp32\libg_nano.a(lib_a-nano-vfprintf.o)
 .text.__sfputs_r
                0x0000000000006538       0x42 c:/mounriver/mounriver_studio2/resources/app/resources/win32/components/wch/toolchain/risc-v embedded gcc/bin/../lib/gcc/riscv-none-embed/8.2.0/../../../../riscv-none-embed/lib/rv32imacxw/ilp32\libg_nano.a(lib_a-nano-vfprintf.o)
                0x0000000000006538                __sfputs_r
 .text._vfprintf_r
                0x000000000000657a      0x288 c:/mounriver/mounriver_studio2/resources/app/resources/win32/components/wch/toolchain/risc-v embedded gcc/bin/../lib/gcc/riscv-none-embed/8.2.0/../../../../riscv-none-embed/lib/rv32imacxw/ilp32\libg_nano.a(lib_a-nano-vfprintf.o)
                0x000000000000657a                _vfprintf_r
                0x000000000000657a                _vfiprintf_r
 .text._printf_common
                0x0000000000006802      0x10c c:/mounriver/mounriver_studio2/resources/app/resources/win32/components/wch/toolchain/risc-v embedded gcc/bin/../lib/gcc/riscv-none-embed/8.2.0/../../../../riscv-none-embed/lib/rv32imacxw/ilp32\libg_nano.a(lib_a-nano-vfprintf_i.o)
                0x0000000000006802                _printf_common
 .text._printf_i
                0x000000000000690e      0x2a2 c:/mounriver/mounriver_studio2/resources/app/resources/win32/components/wch/toolchain/risc-v embedded gcc/bin/../lib/gcc/riscv-none-embed/8.2.0/../../../../riscv-none-embed/lib/rv32imacxw/ilp32\libg_nano.a(lib_a-nano-vfprintf_i.o)
                0x000000000000690e                _printf_i
 .text._sbrk_r  0x0000000000006bb0       0x32 c:/mounriver/mounriver_studio2/resources/app/resources/win32/components/wch/toolchain/risc-v embedded gcc/bin/../lib/gcc/riscv-none-embed/8.2.0/../../../../riscv-none-embed/lib/rv32imacxw/ilp32\libg_nano.a(lib_a-sbrkr.o)
                0x0000000000006bb0                _sbrk_r
 .text.__sread  0x0000000000006be2       0x2c c:/mounriver/mounriver_studio2/resources/app/resources/win32/components/wch/toolchain/risc-v embedded gcc/bin/../lib/gcc/riscv-none-embed/8.2.0/../../../../riscv-none-embed/lib/rv32imacxw/ilp32\libg_nano.a(lib_a-stdio.o)
                0x0000000000006be2                __sread
 .text.__swrite
                0x0000000000006c0e       0x48 c:/mounriver/mounriver_studio2/resources/app/resources/win32/components/wch/toolchain/risc-v embedded gcc/bin/../lib/gcc/riscv-none-embed/8.2.0/../../../../riscv-none-embed/lib/rv32imacxw/ilp32\libg_nano.a(lib_a-stdio.o)
                0x0000000000006c0e                __swrite
 .text.__sseek  0x0000000000006c56       0x30 c:/mounriver/mounriver_studio2/resources/app/resources/win32/components/wch/toolchain/risc-v embedded gcc/bin/../lib/gcc/riscv-none-embed/8.2.0/../../../../riscv-none-embed/lib/rv32imacxw/ilp32\libg_nano.a(lib_a-stdio.o)
                0x0000000000006c56                __sseek
 .text.__sclose
                0x0000000000006c86        0x6 c:/mounriver/mounriver_studio2/resources/app/resources/win32/components/wch/toolchain/risc-v embedded gcc/bin/../lib/gcc/riscv-none-embed/8.2.0/../../../../riscv-none-embed/lib/rv32imacxw/ilp32\libg_nano.a(lib_a-stdio.o)
                0x0000000000006c86                __sclose
 .text._write_r
                0x0000000000006c8c       0x36 c:/mounriver/mounriver_studio2/resources/app/resources/win32/components/wch/toolchain/risc-v embedded gcc/bin/../lib/gcc/riscv-none-embed/8.2.0/../../../../riscv-none-embed/lib/rv32imacxw/ilp32\libg_nano.a(lib_a-writer.o)
                0x0000000000006c8c                _write_r
 .text._close_r
                0x0000000000006cc2       0x30 c:/mounriver/mounriver_studio2/resources/app/resources/win32/components/wch/toolchain/risc-v embedded gcc/bin/../lib/gcc/riscv-none-embed/8.2.0/../../../../riscv-none-embed/lib/rv32imacxw/ilp32\libg_nano.a(lib_a-closer.o)
                0x0000000000006cc2                _close_r
 .text._fstat_r
                0x0000000000006cf2       0x32 c:/mounriver/mounriver_studio2/resources/app/resources/win32/components/wch/toolchain/risc-v embedded gcc/bin/../lib/gcc/riscv-none-embed/8.2.0/../../../../riscv-none-embed/lib/rv32imacxw/ilp32\libg_nano.a(lib_a-fstatr.o)
                0x0000000000006cf2                _fstat_r
 .text._isatty_r
                0x0000000000006d24       0x30 c:/mounriver/mounriver_studio2/resources/app/resources/win32/components/wch/toolchain/risc-v embedded gcc/bin/../lib/gcc/riscv-none-embed/8.2.0/../../../../riscv-none-embed/lib/rv32imacxw/ilp32\libg_nano.a(lib_a-isattyr.o)
                0x0000000000006d24                _isatty_r
 .text._lseek_r
                0x0000000000006d54       0x34 c:/mounriver/mounriver_studio2/resources/app/resources/win32/components/wch/toolchain/risc-v embedded gcc/bin/../lib/gcc/riscv-none-embed/8.2.0/../../../../riscv-none-embed/lib/rv32imacxw/ilp32\libg_nano.a(lib_a-lseekr.o)
                0x0000000000006d54                _lseek_r
 .text.memchr   0x0000000000006d88       0x18 c:/mounriver/mounriver_studio2/resources/app/resources/win32/components/wch/toolchain/risc-v embedded gcc/bin/../lib/gcc/riscv-none-embed/8.2.0/../../../../riscv-none-embed/lib/rv32imacxw/ilp32\libg_nano.a(lib_a-memchr.o)
                0x0000000000006d88                memchr
 .text.__malloc_lock
                0x0000000000006da0        0x2 c:/mounriver/mounriver_studio2/resources/app/resources/win32/components/wch/toolchain/risc-v embedded gcc/bin/../lib/gcc/riscv-none-embed/8.2.0/../../../../riscv-none-embed/lib/rv32imacxw/ilp32\libg_nano.a(lib_a-mlock.o)
                0x0000000000006da0                __malloc_lock
 .text.__malloc_unlock
                0x0000000000006da2        0x2 c:/mounriver/mounriver_studio2/resources/app/resources/win32/components/wch/toolchain/risc-v embedded gcc/bin/../lib/gcc/riscv-none-embed/8.2.0/../../../../riscv-none-embed/lib/rv32imacxw/ilp32\libg_nano.a(lib_a-mlock.o)
                0x0000000000006da2                __malloc_unlock
 .text._read_r  0x0000000000006da4       0x34 c:/mounriver/mounriver_studio2/resources/app/resources/win32/components/wch/toolchain/risc-v embedded gcc/bin/../lib/gcc/riscv-none-embed/8.2.0/../../../../riscv-none-embed/lib/rv32imacxw/ilp32\libg_nano.a(lib_a-readr.o)
                0x0000000000006da4                _read_r
 .text._close   0x0000000000006dd8       0x10 c:/mounriver/mounriver_studio2/resources/app/resources/win32/components/wch/toolchain/risc-v embedded gcc/bin/../lib/gcc/riscv-none-embed/8.2.0/../../../../riscv-none-embed/lib/rv32imacxw/ilp32\libnosys.a(close.o)
                0x0000000000006dd8                _close
 .text._fstat   0x0000000000006de8       0x10 c:/mounriver/mounriver_studio2/resources/app/resources/win32/components/wch/toolchain/risc-v embedded gcc/bin/../lib/gcc/riscv-none-embed/8.2.0/../../../../riscv-none-embed/lib/rv32imacxw/ilp32\libnosys.a(fstat.o)
                0x0000000000006de8                _fstat
 .text._isatty  0x0000000000006df8       0x10 c:/mounriver/mounriver_studio2/resources/app/resources/win32/components/wch/toolchain/risc-v embedded gcc/bin/../lib/gcc/riscv-none-embed/8.2.0/../../../../riscv-none-embed/lib/rv32imacxw/ilp32\libnosys.a(isatty.o)
                0x0000000000006df8                _isatty
 .text._lseek   0x0000000000006e08       0x10 c:/mounriver/mounriver_studio2/resources/app/resources/win32/components/wch/toolchain/risc-v embedded gcc/bin/../lib/gcc/riscv-none-embed/8.2.0/../../../../riscv-none-embed/lib/rv32imacxw/ilp32\libnosys.a(lseek.o)
                0x0000000000006e08                _lseek
 .text._read    0x0000000000006e18       0x10 c:/mounriver/mounriver_studio2/resources/app/resources/win32/components/wch/toolchain/risc-v embedded gcc/bin/../lib/gcc/riscv-none-embed/8.2.0/../../../../riscv-none-embed/lib/rv32imacxw/ilp32\libnosys.a(read.o)
                0x0000000000006e18                _read
 *(.rodata)
 *(.rodata*)
 *fill*         0x0000000000006e28        0x0 
 .rodata.main.str1.4
                0x0000000000006e28       0x59 ./User/main.o
 *fill*         0x0000000000006e81        0x3 
 .rodata.vSYStaskInit.str1.4
                0x0000000000006e84       0x14 ./User/system_init.o
 .rodata.USBFS_IRQHandler
                0x0000000000006e98       0x30 ./USB_Device/ch32v30x_usbfs_device.o
 .rodata.MyCfgDescr
                0x0000000000006ec8       0x6b ./USB_Device/usb_desc.o
                0x0000000000006ec8                MyCfgDescr
 *fill*         0x0000000000006f33        0x1 
 .rodata.MyDevDescr
                0x0000000000006f34       0x12 ./USB_Device/usb_desc.o
                0x0000000000006f34                MyDevDescr
 *fill*         0x0000000000006f46        0x2 
 .rodata.MyHIDReportDesc
                0x0000000000006f48       0x22 ./USB_Device/usb_desc.o
                0x0000000000006f48                MyHIDReportDesc
 *fill*         0x0000000000006f6a        0x2 
 .rodata.MyManuInfo
                0x0000000000006f6c        0xe ./USB_Device/usb_desc.o
                0x0000000000006f6c                MyManuInfo
 *fill*         0x0000000000006f7a        0x2 
 .rodata.MyProdInfo
                0x0000000000006f7c       0x12 ./USB_Device/usb_desc.o
                0x0000000000006f7c                MyProdInfo
 *fill*         0x0000000000006f8e        0x2 
 .rodata.MySerNumInfo
                0x0000000000006f90       0x16 ./USB_Device/usb_desc.o
                0x0000000000006f90                MySerNumInfo
 *fill*         0x0000000000006fa6        0x2 
 .rodata.DataParser.str1.4
                0x0000000000006fa8        0x5 ./PROTOCOLS/lawicel.o
 *fill*         0x0000000000006fad        0x3 
 .rodata.bitrate_table
                0x0000000000006fb0       0x24 ./PROTOCOLS/lawicel.o
 .rodata.CSWTCH.4
                0x0000000000006fd4        0x9 ./HAL_DRIVER/hal_can_ch32.o
 *fill*         0x0000000000006fdd        0x3 
 .rodata.CSWTCH.5
                0x0000000000006fe0        0x9 ./HAL_DRIVER/hal_can_ch32.o
 *fill*         0x0000000000006fe9        0x3 
 .rodata.CSWTCH.6
                0x0000000000006fec        0x9 ./HAL_DRIVER/hal_can_ch32.o
 *fill*         0x0000000000006ff5        0x3 
 .rodata.HW_TIMER_BaseTimerInit
                0x0000000000006ff8       0x14 ./HAL_DRIVER/hal_timers_ch32.o
 .rodata.timers
                0x000000000000700c       0x24 ./HAL_DRIVER/hal_timers_ch32.o
 .rodata.pvPortMalloc.str1.4
                0x0000000000007030       0x49 ./FreeRTOS/portable/MemMang/heap_4.o
 *fill*         0x0000000000007079        0x3 
 .rodata.xPortStartScheduler.str1.4
                0x000000000000707c       0x27 ./FreeRTOS/portable/GCC/RISC-V/port.o
                                         0x49 (size before relaxing)
 *fill*         0x00000000000070a3        0x1 
 .rodata.xQueueGenericReset.str1.4
                0x00000000000070a4       0x14 ./FreeRTOS/queue.o
                                         0x35 (size before relaxing)
 .rodata.prvInitialiseNewStreamBuffer.str1.4
                0x00000000000070b8       0x1c ./FreeRTOS/stream_buffer.o
                                         0x3d (size before relaxing)
 .rodata.xTaskGenericNotify
                0x00000000000070d4       0x14 ./FreeRTOS/tasks.o
 .rodata.prvTaskIsTaskSuspended.str1.4
                0x00000000000070e8       0x14 ./FreeRTOS/tasks.o
                                         0x35 (size before relaxing)
 .rodata.vTaskStartScheduler.str1.4
                0x00000000000070fc        0x5 ./FreeRTOS/tasks.o
 *fill*         0x0000000000007101        0x3 
 .rodata.prvTimerTask
                0x0000000000007104       0x24 ./FreeRTOS/timers.o
 .rodata.prvCheckForValidListAndQueue.str1.4
                0x0000000000007128        0x5 ./FreeRTOS/timers.o
 *fill*         0x000000000000712d        0x3 
 .rodata.prvTimerTask.str1.4
                0x0000000000007130       0x15 ./FreeRTOS/timers.o
                                         0x39 (size before relaxing)
 *fill*         0x0000000000007145        0x3 
 .rodata.xTimerCreateTimerTask.str1.4
                0x0000000000007148        0x8 ./FreeRTOS/timers.o
 .rodata.__sf_fake_stderr
                0x0000000000007150       0x20 c:/mounriver/mounriver_studio2/resources/app/resources/win32/components/wch/toolchain/risc-v embedded gcc/bin/../lib/gcc/riscv-none-embed/8.2.0/../../../../riscv-none-embed/lib/rv32imacxw/ilp32\libg_nano.a(lib_a-findfp.o)
                0x0000000000007150                __sf_fake_stderr
 .rodata.__sf_fake_stdin
                0x0000000000007170       0x20 c:/mounriver/mounriver_studio2/resources/app/resources/win32/components/wch/toolchain/risc-v embedded gcc/bin/../lib/gcc/riscv-none-embed/8.2.0/../../../../riscv-none-embed/lib/rv32imacxw/ilp32\libg_nano.a(lib_a-findfp.o)
                0x0000000000007170                __sf_fake_stdin
 .rodata.__sf_fake_stdout
                0x0000000000007190       0x20 c:/mounriver/mounriver_studio2/resources/app/resources/win32/components/wch/toolchain/risc-v embedded gcc/bin/../lib/gcc/riscv-none-embed/8.2.0/../../../../riscv-none-embed/lib/rv32imacxw/ilp32\libg_nano.a(lib_a-findfp.o)
                0x0000000000007190                __sf_fake_stdout
 .rodata._vfprintf_r.str1.4
                0x00000000000071b0       0x13 c:/mounriver/mounriver_studio2/resources/app/resources/win32/components/wch/toolchain/risc-v embedded gcc/bin/../lib/gcc/riscv-none-embed/8.2.0/../../../../riscv-none-embed/lib/rv32imacxw/ilp32\libg_nano.a(lib_a-nano-vfprintf.o)
 *fill*         0x00000000000071c3        0x1 
 .rodata._printf_i.str1.4
                0x00000000000071c4       0x28 c:/mounriver/mounriver_studio2/resources/app/resources/win32/components/wch/toolchain/risc-v embedded gcc/bin/../lib/gcc/riscv-none-embed/8.2.0/../../../../riscv-none-embed/lib/rv32imacxw/ilp32\libg_nano.a(lib_a-nano-vfprintf_i.o)
                                         0x25 (size before relaxing)
 *(.gnu.linkonce.t.*)
                0x00000000000071ec                . = ALIGN (0x4)

.rela.dyn       0x00000000000071ec        0x0
 .rela.init     0x00000000000071ec        0x0 ./User/app_task.o
 .rela.vector   0x00000000000071ec        0x0 ./User/app_task.o
 .rela.text.handle_reset
                0x00000000000071ec        0x0 ./User/app_task.o
 .rela.text.xPortStartScheduler
                0x00000000000071ec        0x0 ./User/app_task.o
 .rela.sdata2.xISRStackTop
                0x00000000000071ec        0x0 ./User/app_task.o
 .rela.text._sbrk
                0x00000000000071ec        0x0 ./User/app_task.o
 .rela.sdata.curbrk.5232
                0x00000000000071ec        0x0 ./User/app_task.o
 .rela.text._vfprintf_r
                0x00000000000071ec        0x0 ./User/app_task.o
 .rela.text._sbrk_r
                0x00000000000071ec        0x0 ./User/app_task.o
 .rela.text._write_r
                0x00000000000071ec        0x0 ./User/app_task.o
 .rela.text._close_r
                0x00000000000071ec        0x0 ./User/app_task.o
 .rela.text._fstat_r
                0x00000000000071ec        0x0 ./User/app_task.o
 .rela.text._isatty_r
                0x00000000000071ec        0x0 ./User/app_task.o
 .rela.text._lseek_r
                0x00000000000071ec        0x0 ./User/app_task.o
 .rela.text._read_r
                0x00000000000071ec        0x0 ./User/app_task.o
 .rela.text._close
                0x00000000000071ec        0x0 ./User/app_task.o
 .rela.text._fstat
                0x00000000000071ec        0x0 ./User/app_task.o
 .rela.text._isatty
                0x00000000000071ec        0x0 ./User/app_task.o
 .rela.text._lseek
                0x00000000000071ec        0x0 ./User/app_task.o
 .rela.text._read
                0x00000000000071ec        0x0 ./User/app_task.o

.stext          0x0000000000020000        0x0
                0x0000000000020000                . = ALIGN (0x4)
 *(.stext)

.fini           0x00000000000071ec        0x0
 *(SORT_NONE(.fini))
                0x00000000000071ec                . = ALIGN (0x4)
                [!provide]                        PROVIDE (_etext = .)
                [!provide]                        PROVIDE (_eitcm = .)

.preinit_array  0x00000000000071ec        0x0
                [!provide]                        PROVIDE (__preinit_array_start = .)
 *(.preinit_array)
                [!provide]                        PROVIDE (__preinit_array_end = .)

.init_array     0x00000000000071ec        0x0
                [!provide]                        PROVIDE (__init_array_start = .)
 *(SORT_BY_INIT_PRIORITY(.init_array.*) SORT_BY_INIT_PRIORITY(.ctors.*))
 *(.init_array EXCLUDE_FILE(*crtend?.o *crtend.o *crtbegin?.o *crtbegin.o) .ctors)
                [!provide]                        PROVIDE (__init_array_end = .)

.fini_array     0x00000000000071ec        0x0
                [!provide]                        PROVIDE (__fini_array_start = .)
 *(SORT_BY_INIT_PRIORITY(.fini_array.*) SORT_BY_INIT_PRIORITY(.dtors.*))
 *(.fini_array EXCLUDE_FILE(*crtend?.o *crtend.o *crtbegin?.o *crtbegin.o) .dtors)
                [!provide]                        PROVIDE (__fini_array_end = .)

.ctors
 *crtbegin.o(.ctors)
 *crtbegin?.o(.ctors)
 *(EXCLUDE_FILE(*crtend?.o *crtend.o) .ctors)
 *(SORT_BY_NAME(.ctors.*))
 *(.ctors)

.dtors
 *crtbegin.o(.dtors)
 *crtbegin?.o(.dtors)
 *(EXCLUDE_FILE(*crtend?.o *crtend.o) .dtors)
 *(SORT_BY_NAME(.dtors.*))
 *(.dtors)

.dalign         0x0000000020000000        0x0 load address 0x00000000000071ec
                0x0000000020000000                . = ALIGN (0x4)
                0x0000000020000000                PROVIDE (_data_vma = .)

.dlalign        0x00000000000071ec        0x0
                0x00000000000071ec                . = ALIGN (0x4)
                0x00000000000071ec                PROVIDE (_data_lma = .)

.data           0x0000000020000000       0xc0 load address 0x00000000000071ec
 *(.gnu.linkonce.r.*)
 *(.data .data.*)
 .data.AHBPrescTable
                0x0000000020000000       0x10 ./User/system_ch32v30x.o
                0x0000000020000000                AHBPrescTable
 .data.APBAHBPrescTable
                0x0000000020000010       0x10 ./Peripheral/src/ch32v30x_rcc.o
 .data.USART    0x0000000020000020       0x10 ./HAL_DRIVER/hal_usart.o
                0x0000000020000020                USART
 .data.impure_data
                0x0000000020000030       0x60 c:/mounriver/mounriver_studio2/resources/app/resources/win32/components/wch/toolchain/risc-v embedded gcc/bin/../lib/gcc/riscv-none-embed/8.2.0/../../../../riscv-none-embed/lib/rv32imacxw/ilp32\libg_nano.a(lib_a-impure.o)
 *(.gnu.linkonce.d.*)
                0x0000000020000090                . = ALIGN (0x8)
                0x0000000020000890                PROVIDE (__global_pointer$ = (. + 0x800))
 *(.sdata .sdata.*)
 .sdata.SystemCoreClock
                0x0000000020000090        0x4 ./User/system_ch32v30x.o
                0x0000000020000090                SystemCoreClock
 .sdata.ADCPrescTable
                0x0000000020000094        0x4 ./Peripheral/src/ch32v30x_rcc.o
 .sdata.AutoPollAutoSend
                0x0000000020000098        0x1 ./PROTOCOLS/lawicel.o
 *fill*         0x0000000020000099        0x3 
 .sdata.CanSpeed
                0x000000002000009c        0x4 ./PROTOCOLS/lawicel.o
 .sdata.TX_DATA.6354
                0x00000000200000a0        0x1 ./PROTOCOLS/lawicel.o
 *fill*         0x00000000200000a1        0x3 
 .sdata.uxCriticalNesting
                0x00000000200000a4        0x4 ./FreeRTOS/portable/GCC/RISC-V/port.o
 .sdata.uxTopUsedPriority
                0x00000000200000a8        0x4 ./FreeRTOS/tasks.o
                0x00000000200000a8                uxTopUsedPriority
 .sdata.curbrk.5232
                0x00000000200000ac        0x4 ./Debug/debug.o
 .sdata._impure_ptr
                0x00000000200000b0        0x4 c:/mounriver/mounriver_studio2/resources/app/resources/win32/components/wch/toolchain/risc-v embedded gcc/bin/../lib/gcc/riscv-none-embed/8.2.0/../../../../riscv-none-embed/lib/rv32imacxw/ilp32\libg_nano.a(lib_a-impure.o)
                0x00000000200000b0                _impure_ptr
 *(.sdata2.*)
 .sdata2.MyLangDescr
                0x00000000200000b4        0x4 ./USB_Device/usb_desc.o
                0x00000000200000b4                MyLangDescr
 .sdata2.xISRStackTop
                0x00000000200000b8        0x4 ./FreeRTOS/portable/GCC/RISC-V/port.o
                0x00000000200000b8                xISRStackTop
 .sdata2._global_impure_ptr
                0x00000000200000bc        0x4 c:/mounriver/mounriver_studio2/resources/app/resources/win32/components/wch/toolchain/risc-v embedded gcc/bin/../lib/gcc/riscv-none-embed/8.2.0/../../../../riscv-none-embed/lib/rv32imacxw/ilp32\libg_nano.a(lib_a-impure.o)
                0x00000000200000bc                _global_impure_ptr
 *(.gnu.linkonce.s.*)
                0x00000000200000c0                . = ALIGN (0x8)
 *(.srodata.cst16)
 *(.srodata.cst8)
 *(.srodata.cst4)
 *(.srodata.cst2)
 *(.srodata .srodata.*)
                0x00000000200000c0                . = ALIGN (0x4)
                0x00000000200000c0                PROVIDE (_edata = .)

.bss            0x00000000200000c0     0x2de0 load address 0x00000000000072ac
                0x00000000200000c0                . = ALIGN (0x4)
                0x00000000200000c0                PROVIDE (_sbss = .)
 *(.sbss*)
 .sbss.AppTaskHandle
                0x00000000200000c0        0x4 ./User/app_task.o
 .sbss.CanRecieveTaskHandle
                0x00000000200000c4        0x4 ./User/app_task.o
 .sbss.USART_TX_Message
                0x00000000200000c8        0x4 ./User/app_task.o
 .sbss.currentUartRxBufferToRead
                0x00000000200000cc        0x4 ./User/app_task.o
 .sbss.pRXQueue
                0x00000000200000d0        0x4 ./User/app_task.o
 .sbss.pTXQueue
                0x00000000200000d4        0x4 ./User/app_task.o
 .sbss.uartLineIndex
                0x00000000200000d8        0x4 ./User/app_task.o
 .sbss.xCANRXMessageBuffer
                0x00000000200000dc        0x4 ./User/app_task.o
 .sbss.Hid_Report_Ptr
                0x00000000200000e0        0x2 ./USB_Device/ch32v30x_usbfs_device.o
                0x00000000200000e0                Hid_Report_Ptr
 .sbss.USBFS_DevAddr
                0x00000000200000e2        0x1 ./USB_Device/ch32v30x_usbfs_device.o
                0x00000000200000e2                USBFS_DevAddr
 .sbss.USBFS_DevConfig
                0x00000000200000e3        0x1 ./USB_Device/ch32v30x_usbfs_device.o
                0x00000000200000e3                USBFS_DevConfig
 .sbss.USBFS_DevEnumStatus
                0x00000000200000e4        0x1 ./USB_Device/ch32v30x_usbfs_device.o
                0x00000000200000e4                USBFS_DevEnumStatus
 .sbss.USBFS_DevSleepStatus
                0x00000000200000e5        0x1 ./USB_Device/ch32v30x_usbfs_device.o
                0x00000000200000e5                USBFS_DevSleepStatus
 *fill*         0x00000000200000e6        0x2 
 .sbss.USBFS_Endp_Busy
                0x00000000200000e8        0x8 ./USB_Device/ch32v30x_usbfs_device.o
                0x00000000200000e8                USBFS_Endp_Busy
 .sbss.USBFS_HidIdle
                0x00000000200000f0        0x1 ./USB_Device/ch32v30x_usbfs_device.o
                0x00000000200000f0                USBFS_HidIdle
 .sbss.USBFS_HidProtocol
                0x00000000200000f1        0x1 ./USB_Device/ch32v30x_usbfs_device.o
                0x00000000200000f1                USBFS_HidProtocol
 .sbss.USBFS_SetupReqCode
                0x00000000200000f2        0x1 ./USB_Device/ch32v30x_usbfs_device.o
                0x00000000200000f2                USBFS_SetupReqCode
 *fill*         0x00000000200000f3        0x1 
 .sbss.USBFS_SetupReqIndex
                0x00000000200000f4        0x2 ./USB_Device/ch32v30x_usbfs_device.o
                0x00000000200000f4                USBFS_SetupReqIndex
 .sbss.USBFS_SetupReqLen
                0x00000000200000f6        0x2 ./USB_Device/ch32v30x_usbfs_device.o
                0x00000000200000f6                USBFS_SetupReqLen
 .sbss.USBFS_SetupReqType
                0x00000000200000f8        0x1 ./USB_Device/ch32v30x_usbfs_device.o
                0x00000000200000f8                USBFS_SetupReqType
 *fill*         0x00000000200000f9        0x1 
 .sbss.USBFS_SetupReqValue
                0x00000000200000fa        0x2 ./USB_Device/ch32v30x_usbfs_device.o
                0x00000000200000fa                USBFS_SetupReqValue
 .sbss.pUSBFS_Descr
                0x00000000200000fc        0x4 ./USB_Device/ch32v30x_usbfs_device.o
                0x00000000200000fc                pUSBFS_Descr
 .sbss.CNTR     0x0000000020000100        0x2 ./UART/UART.o
 *fill*         0x0000000020000102        0x2 
 .sbss.UARTx_Rx_DMACurCount
                0x0000000020000104        0x4 ./UART/UART.o
                0x0000000020000104                UARTx_Rx_DMACurCount
 .sbss.UARTx_Rx_DMALastCount
                0x0000000020000108        0x4 ./UART/UART.o
                0x0000000020000108                UARTx_Rx_DMALastCount
 .sbss.USART_TX_Message
                0x000000002000010c        0x4 ./UART/UART.o
 .sbss.CanBusMode
                0x0000000020000110        0x4 ./PROTOCOLS/lawicel.o
 .sbss.CanChnOpen
                0x0000000020000114        0x1 ./PROTOCOLS/lawicel.o
 .sbss.CanInitialized
                0x0000000020000115        0x1 ./PROTOCOLS/lawicel.o
 *fill*         0x0000000020000116        0x2 
 .sbss.CanSendCallback
                0x0000000020000118        0x4 ./PROTOCOLS/lawicel.o
 .sbss.timer_counter
                0x000000002000011c        0x4 ./PROTOCOLS/lawicel.o
 .sbss.recive_byte
                0x0000000020000120        0x4 ./HAL_DRIVER/hal_usart.o
 .sbss.pxEnd    0x0000000020000124        0x4 ./FreeRTOS/portable/MemMang/heap_4.o
 .sbss.xBlockAllocatedBit
                0x0000000020000128        0x4 ./FreeRTOS/portable/MemMang/heap_4.o
 .sbss.xFreeBytesRemaining
                0x000000002000012c        0x4 ./FreeRTOS/portable/MemMang/heap_4.o
 .sbss.xNumberOfSuccessfulFrees
                0x0000000020000130        0x4 ./FreeRTOS/portable/MemMang/heap_4.o
 .sbss.xStart   0x0000000020000134        0x8 ./FreeRTOS/portable/MemMang/heap_4.o
 .sbss.pxCurrentTCB
                0x000000002000013c        0x4 ./FreeRTOS/tasks.o
                0x000000002000013c                pxCurrentTCB
 .sbss.pxDelayedTaskList
                0x0000000020000140        0x4 ./FreeRTOS/tasks.o
 .sbss.pxOverflowDelayedTaskList
                0x0000000020000144        0x4 ./FreeRTOS/tasks.o
 .sbss.uxCurrentNumberOfTasks
                0x0000000020000148        0x4 ./FreeRTOS/tasks.o
 .sbss.uxDeletedTasksWaitingCleanUp
                0x000000002000014c        0x4 ./FreeRTOS/tasks.o
 .sbss.uxSchedulerSuspended
                0x0000000020000150        0x4 ./FreeRTOS/tasks.o
 .sbss.uxTaskNumber
                0x0000000020000154        0x4 ./FreeRTOS/tasks.o
 .sbss.uxTopReadyPriority
                0x0000000020000158        0x4 ./FreeRTOS/tasks.o
 .sbss.xNextTaskUnblockTime
                0x000000002000015c        0x4 ./FreeRTOS/tasks.o
 .sbss.xNumOfOverflows
                0x0000000020000160        0x4 ./FreeRTOS/tasks.o
 .sbss.xPendedTicks
                0x0000000020000164        0x4 ./FreeRTOS/tasks.o
 .sbss.xSchedulerRunning
                0x0000000020000168        0x4 ./FreeRTOS/tasks.o
 .sbss.xTickCount
                0x000000002000016c        0x4 ./FreeRTOS/tasks.o
 .sbss.xYieldPending
                0x0000000020000170        0x4 ./FreeRTOS/tasks.o
 .sbss.pxCurrentTimerList
                0x0000000020000174        0x4 ./FreeRTOS/timers.o
 .sbss.pxOverflowTimerList
                0x0000000020000178        0x4 ./FreeRTOS/timers.o
 .sbss.xLastTime.6328
                0x000000002000017c        0x4 ./FreeRTOS/timers.o
 .sbss.xTimerQueue
                0x0000000020000180        0x4 ./FreeRTOS/timers.o
 .sbss.xTimerTaskHandle
                0x0000000020000184        0x4 ./FreeRTOS/timers.o
 .sbss.p_ms     0x0000000020000188        0x2 ./Debug/debug.o
 .sbss.p_us     0x000000002000018a        0x1 ./Debug/debug.o
 *fill*         0x000000002000018b        0x1 
 .sbss.__malloc_free_list
                0x000000002000018c        0x4 c:/mounriver/mounriver_studio2/resources/app/resources/win32/components/wch/toolchain/risc-v embedded gcc/bin/../lib/gcc/riscv-none-embed/8.2.0/../../../../riscv-none-embed/lib/rv32imacxw/ilp32\libg_nano.a(lib_a-nano-mallocr.o)
                0x000000002000018c                __malloc_free_list
 .sbss.__malloc_sbrk_start
                0x0000000020000190        0x4 c:/mounriver/mounriver_studio2/resources/app/resources/win32/components/wch/toolchain/risc-v embedded gcc/bin/../lib/gcc/riscv-none-embed/8.2.0/../../../../riscv-none-embed/lib/rv32imacxw/ilp32\libg_nano.a(lib_a-nano-mallocr.o)
                0x0000000020000190                __malloc_sbrk_start
 *(.gnu.linkonce.sb.*)
 *(.bss*)
 .bss.RCC_ClocksStatus
                0x0000000020000194       0x14 ./User/app_task.o
                0x0000000020000194                RCC_ClocksStatus
 .bss.uartLine  0x00000000200001a8       0x50 ./User/app_task.o
 .bss.uartRxBuffer
                0x00000000200001f8      0x100 ./User/app_task.o
 .bss.ucMessageBufferStorage
                0x00000000200002f8       0x64 ./User/app_task.o
 .bss.ucRXStreamBufferStorage
                0x000000002000035c       0x65 ./User/app_task.o
 *fill*         0x00000000200003c1        0x3 
 .bss.xMessageBufferStruct
                0x00000000200003c4       0x20 ./User/app_task.o
 .bss.xRXStreamBufferStruct
                0x00000000200003e4       0x20 ./User/app_task.o
 .bss.AppTaskBuffer
                0x0000000020000404      0x400 ./User/system_init.o
 .bss.CanTaskBuffer
                0x0000000020000804      0x400 ./User/system_init.o
 .bss.ucQueueStorageArea
                0x0000000020000c04      0x1c0 ./User/system_init.o
                0x0000000020000c04                ucQueueStorageArea
 .bss.ucTXMessageBufferStorage
                0x0000000020000dc4      0x3e8 ./User/system_init.o
 .bss.ucTXQueueStorageArea
                0x00000000200011ac      0x140 ./User/system_init.o
                0x00000000200011ac                ucTXQueueStorageArea
 .bss.uxIdleTaskStack
                0x00000000200012ec      0x400 ./User/system_init.o
 .bss.uxTimerTaskStack
                0x00000000200016ec      0x400 ./User/system_init.o
 .bss.xAPPTaskTCB
                0x0000000020001aec       0x54 ./User/system_init.o
 .bss.xCanTaskTCB
                0x0000000020001b40       0x54 ./User/system_init.o
 .bss.xIdleTaskTCB
                0x0000000020001b94       0x54 ./User/system_init.o
 .bss.xStaticQueue
                0x0000000020001be8       0x48 ./User/system_init.o
 .bss.xStaticTXQueue
                0x0000000020001c30       0x48 ./User/system_init.o
 .bss.xTXMessageBufferStruct
                0x0000000020001c78       0x20 ./User/system_init.o
 .bss.xTimerTaskTCB
                0x0000000020001c98       0x54 ./User/system_init.o
 .bss.HID_Report_Buffer
                0x0000000020001cec       0x40 ./USB_Device/ch32v30x_usbfs_device.o
                0x0000000020001cec                HID_Report_Buffer
 .bss.USBFS_EP0_Buf
                0x0000000020001d2c       0x40 ./USB_Device/ch32v30x_usbfs_device.o
                0x0000000020001d2c                USBFS_EP0_Buf
 .bss.USBFS_EP1_Buf
                0x0000000020001d6c       0x40 ./USB_Device/ch32v30x_usbfs_device.o
                0x0000000020001d6c                USBFS_EP1_Buf
 .bss.USBFS_EP3_Buf
                0x0000000020001dac       0x40 ./USB_Device/ch32v30x_usbfs_device.o
                0x0000000020001dac                USBFS_EP3_Buf
 .bss.USBFS_EP4_Buf
                0x0000000020001dec       0x80 ./USB_Device/ch32v30x_usbfs_device.o
                0x0000000020001dec                USBFS_EP4_Buf
 .bss.UART2_Rx_Buf
                0x0000000020001e6c      0x800 ./UART/UART.o
                0x0000000020001e6c                UART2_Rx_Buf
 .bss.UART2_Tx_Buf
                0x000000002000266c      0x400 ./UART/UART.o
                0x000000002000266c                UART2_Tx_Buf
 .bss.Uart      0x0000000020002a6c       0x43 ./UART/UART.o
                0x0000000020002a6c                Uart
 *fill*         0x0000000020002aaf        0x1 
 .bss.TX_BUFFER.6355
                0x0000000020002ab0       0x64 ./PROTOCOLS/lawicel.o
 .bss.CAN       0x0000000020002b14        0xc ./HAL_DRIVER/hal_can_ch32.o
 .bss.DMA_CALLback
                0x0000000020002b20       0x38 ./HAL_DRIVER/hal_dma_ch32.o
                0x0000000020002b20                DMA_CALLback
 .bss.config    0x0000000020002b58       0xb4 ./HAL_DRIVER/hal_timers_ch32.o
 .bss.CallBackFunction
                0x0000000020002c0c       0x10 ./HAL_DRIVER/hal_usart.o
                0x0000000020002c0c                CallBackFunction
 .bss.xQueueRegistry
                0x0000000020002c1c       0x40 ./FreeRTOS/queue.o
                0x0000000020002c1c                xQueueRegistry
 .bss.pxReadyTasksLists
                0x0000000020002c5c      0x12c ./FreeRTOS/tasks.o
 .bss.xDelayedTaskList1
                0x0000000020002d88       0x14 ./FreeRTOS/tasks.o
 .bss.xDelayedTaskList2
                0x0000000020002d9c       0x14 ./FreeRTOS/tasks.o
 .bss.xPendingReadyList
                0x0000000020002db0       0x14 ./FreeRTOS/tasks.o
 .bss.xSuspendedTaskList
                0x0000000020002dc4       0x14 ./FreeRTOS/tasks.o
 .bss.xTasksWaitingTermination
                0x0000000020002dd8       0x14 ./FreeRTOS/tasks.o
 .bss.ucStaticTimerQueueStorage.6372
                0x0000000020002dec       0x40 ./FreeRTOS/timers.o
 .bss.xActiveTimerList1
                0x0000000020002e2c       0x14 ./FreeRTOS/timers.o
 .bss.xActiveTimerList2
                0x0000000020002e40       0x14 ./FreeRTOS/timers.o
 .bss.xStaticTimerQueue.6371
                0x0000000020002e54       0x48 ./FreeRTOS/timers.o
 *(.gnu.linkonce.b.*)
 *(COMMON*)
 COMMON         0x0000000020002e9c        0x4 c:/mounriver/mounriver_studio2/resources/app/resources/win32/components/wch/toolchain/risc-v embedded gcc/bin/../lib/gcc/riscv-none-embed/8.2.0/../../../../riscv-none-embed/lib/rv32imacxw/ilp32\libg_nano.a(lib_a-reent.o)
                0x0000000020002e9c                errno
                0x0000000020002ea0                . = ALIGN (0x4)
                0x0000000020002ea0                PROVIDE (_ebss = .)
                0x0000000020002ea0                PROVIDE (_end = _ebss)
                [!provide]                        PROVIDE (end = .)

.stack          0x0000000020007800      0x800
                0x0000000020007800                PROVIDE (_heap_end = .)
                0x0000000020007800                . = ALIGN (0x4)
                [!provide]                        PROVIDE (_susrstack = .)
                0x0000000020008000                . = (. + __stack_size)
 *fill*         0x0000000020007800      0x800 
                0x0000000020008000                PROVIDE (_eusrstack = .)
                0x0000000020008000                __freertos_irq_stack_top = .
OUTPUT(CH32V3_CAN_HACKER.elf elf32-littleriscv)

.debug_info     0x0000000000000000    0x2c436
 .debug_info    0x0000000000000000     0x1d4c ./User/app_task.o
 .debug_info    0x0000000000001d4c      0xf01 ./User/ch32v30x_it.o
 .debug_info    0x0000000000002c4d     0x16e3 ./User/init.o
 .debug_info    0x0000000000004330      0xdb0 ./User/main.o
 .debug_info    0x00000000000050e0      0xba5 ./User/system_ch32v30x.o
 .debug_info    0x0000000000005c85     0x106b ./User/system_init.o
 .debug_info    0x0000000000006cf0     0x1aa8 ./USB_Device/ch32v30x_usbfs_device.o
 .debug_info    0x0000000000008798      0xa19 ./USB_Device/usb_desc.o
 .debug_info    0x00000000000091b1     0x17e7 ./UART/UART.o
 .debug_info    0x000000000000a998       0x22 ./Startup/startup_ch32v30x_D8C.o
 .debug_info    0x000000000000a9ba     0x1807 ./Peripheral/src/ch32v30x_can.o
 .debug_info    0x000000000000c1c1      0xa94 ./Peripheral/src/ch32v30x_dbgmcu.o
 .debug_info    0x000000000000cc55      0xd16 ./Peripheral/src/ch32v30x_dma.o
 .debug_info    0x000000000000d96b     0x1162 ./Peripheral/src/ch32v30x_gpio.o
 .debug_info    0x000000000000eacd     0x1579 ./Peripheral/src/ch32v30x_rcc.o
 .debug_info    0x0000000000010046     0x2a32 ./Peripheral/src/ch32v30x_tim.o
 .debug_info    0x0000000000012a78     0x13cd ./Peripheral/src/ch32v30x_usart.o
 .debug_info    0x0000000000013e45     0x16d9 ./PROTOCOLS/lawicel.o
 .debug_info    0x000000000001551e     0x1710 ./HAL_DRIVER/hal_can_ch32.o
 .debug_info    0x0000000000016c2e     0x12ff ./HAL_DRIVER/hal_dma_ch32.o
 .debug_info    0x0000000000017f2d     0x1056 ./HAL_DRIVER/hal_gpio_ch32.o
 .debug_info    0x0000000000018f83      0xf70 ./HAL_DRIVER/hal_irq.o
 .debug_info    0x0000000000019ef3     0x186c ./HAL_DRIVER/hal_timers_ch32.o
 .debug_info    0x000000000001b75f     0x1115 ./HAL_DRIVER/hal_usart.o
 .debug_info    0x000000000001c874      0xe5c ./FreeRTOS/portable/MemMang/heap_4.o
 .debug_info    0x000000000001d6d0     0x112d ./FreeRTOS/portable/GCC/RISC-V/port.o
 .debug_info    0x000000000001e7fd       0x26 ./FreeRTOS/portable/GCC/RISC-V/portASM.o
 .debug_info    0x000000000001e823      0xb80 ./FreeRTOS/list.o
 .debug_info    0x000000000001f3a3     0x35a6 ./FreeRTOS/queue.o
 .debug_info    0x0000000000022949     0x23d4 ./FreeRTOS/stream_buffer.o
 .debug_info    0x0000000000024d1d     0x4072 ./FreeRTOS/tasks.o
 .debug_info    0x0000000000028d8f     0x2738 ./FreeRTOS/timers.o
 .debug_info    0x000000000002b4c7      0xf6f ./Debug/debug.o

.debug_abbrev   0x0000000000000000     0x6a6e
 .debug_abbrev  0x0000000000000000      0x418 ./User/app_task.o
 .debug_abbrev  0x0000000000000418      0x20b ./User/ch32v30x_it.o
 .debug_abbrev  0x0000000000000623      0x314 ./User/init.o
 .debug_abbrev  0x0000000000000937      0x259 ./User/main.o
 .debug_abbrev  0x0000000000000b90      0x2c0 ./User/system_ch32v30x.o
 .debug_abbrev  0x0000000000000e50      0x28f ./User/system_init.o
 .debug_abbrev  0x00000000000010df      0x3f7 ./USB_Device/ch32v30x_usbfs_device.o
 .debug_abbrev  0x00000000000014d6      0x1c5 ./USB_Device/usb_desc.o
 .debug_abbrev  0x000000000000169b      0x3e6 ./UART/UART.o
 .debug_abbrev  0x0000000000001a81       0x12 ./Startup/startup_ch32v30x_D8C.o
 .debug_abbrev  0x0000000000001a93      0x3eb ./Peripheral/src/ch32v30x_can.o
 .debug_abbrev  0x0000000000001e7e      0x2f7 ./Peripheral/src/ch32v30x_dbgmcu.o
 .debug_abbrev  0x0000000000002175      0x2fd ./Peripheral/src/ch32v30x_dma.o
 .debug_abbrev  0x0000000000002472      0x31a ./Peripheral/src/ch32v30x_gpio.o
 .debug_abbrev  0x000000000000278c      0x351 ./Peripheral/src/ch32v30x_rcc.o
 .debug_abbrev  0x0000000000002add      0x408 ./Peripheral/src/ch32v30x_tim.o
 .debug_abbrev  0x0000000000002ee5      0x312 ./Peripheral/src/ch32v30x_usart.o
 .debug_abbrev  0x00000000000031f7      0x485 ./PROTOCOLS/lawicel.o
 .debug_abbrev  0x000000000000367c      0x417 ./HAL_DRIVER/hal_can_ch32.o
 .debug_abbrev  0x0000000000003a93      0x33e ./HAL_DRIVER/hal_dma_ch32.o
 .debug_abbrev  0x0000000000003dd1      0x37f ./HAL_DRIVER/hal_gpio_ch32.o
 .debug_abbrev  0x0000000000004150      0x2bf ./HAL_DRIVER/hal_irq.o
 .debug_abbrev  0x000000000000440f      0x478 ./HAL_DRIVER/hal_timers_ch32.o
 .debug_abbrev  0x0000000000004887      0x320 ./HAL_DRIVER/hal_usart.o
 .debug_abbrev  0x0000000000004ba7      0x36c ./FreeRTOS/portable/MemMang/heap_4.o
 .debug_abbrev  0x0000000000004f13      0x3ad ./FreeRTOS/portable/GCC/RISC-V/port.o
 .debug_abbrev  0x00000000000052c0       0x14 ./FreeRTOS/portable/GCC/RISC-V/portASM.o
 .debug_abbrev  0x00000000000052d4      0x254 ./FreeRTOS/list.o
 .debug_abbrev  0x0000000000005528      0x4a1 ./FreeRTOS/queue.o
 .debug_abbrev  0x00000000000059c9      0x411 ./FreeRTOS/stream_buffer.o
 .debug_abbrev  0x0000000000005dda      0x540 ./FreeRTOS/tasks.o
 .debug_abbrev  0x000000000000631a      0x45f ./FreeRTOS/timers.o
 .debug_abbrev  0x0000000000006779      0x2f5 ./Debug/debug.o

.debug_loc      0x0000000000000000     0xe50e
 .debug_loc     0x0000000000000000      0x242 ./User/app_task.o
 .debug_loc     0x0000000000000242       0x15 ./User/init.o
 .debug_loc     0x0000000000000257       0xac ./User/system_ch32v30x.o
 .debug_loc     0x0000000000000303      0x568 ./USB_Device/ch32v30x_usbfs_device.o
 .debug_loc     0x000000000000086b      0x112 ./UART/UART.o
 .debug_loc     0x000000000000097d      0x999 ./Peripheral/src/ch32v30x_can.o
 .debug_loc     0x0000000000001316       0x7c ./Peripheral/src/ch32v30x_dbgmcu.o
 .debug_loc     0x0000000000001392      0x19a ./Peripheral/src/ch32v30x_dma.o
 .debug_loc     0x000000000000152c      0x6ab ./Peripheral/src/ch32v30x_gpio.o
 .debug_loc     0x0000000000001bd7      0xa54 ./Peripheral/src/ch32v30x_rcc.o
 .debug_loc     0x000000000000262b     0x195e ./Peripheral/src/ch32v30x_tim.o
 .debug_loc     0x0000000000003f89      0x779 ./Peripheral/src/ch32v30x_usart.o
 .debug_loc     0x0000000000004702      0x797 ./PROTOCOLS/lawicel.o
 .debug_loc     0x0000000000004e99      0x899 ./HAL_DRIVER/hal_can_ch32.o
 .debug_loc     0x0000000000005732      0x364 ./HAL_DRIVER/hal_dma_ch32.o
 .debug_loc     0x0000000000005a96      0x4ba ./HAL_DRIVER/hal_gpio_ch32.o
 .debug_loc     0x0000000000005f50       0xb8 ./HAL_DRIVER/hal_irq.o
 .debug_loc     0x0000000000006008      0x5e0 ./HAL_DRIVER/hal_timers_ch32.o
 .debug_loc     0x00000000000065e8      0x2cf ./HAL_DRIVER/hal_usart.o
 .debug_loc     0x00000000000068b7      0x330 ./FreeRTOS/portable/MemMang/heap_4.o
 .debug_loc     0x0000000000006be7       0xad ./FreeRTOS/portable/GCC/RISC-V/port.o
 .debug_loc     0x0000000000006c94       0x94 ./FreeRTOS/list.o
 .debug_loc     0x0000000000006d28     0x201e ./FreeRTOS/queue.o
 .debug_loc     0x0000000000008d46     0x1b76 ./FreeRTOS/stream_buffer.o
 .debug_loc     0x000000000000a8bc     0x2829 ./FreeRTOS/tasks.o
 .debug_loc     0x000000000000d0e5     0x12b2 ./FreeRTOS/timers.o
 .debug_loc     0x000000000000e397      0x177 ./Debug/debug.o

.debug_aranges  0x0000000000000000     0x12c8
 .debug_aranges
                0x0000000000000000       0x80 ./User/app_task.o
 .debug_aranges
                0x0000000000000080       0x30 ./User/ch32v30x_it.o
 .debug_aranges
                0x00000000000000b0       0x28 ./User/init.o
 .debug_aranges
                0x00000000000000d8       0x20 ./User/main.o
 .debug_aranges
                0x00000000000000f8       0x28 ./User/system_ch32v30x.o
 .debug_aranges
                0x0000000000000120       0x40 ./User/system_init.o
 .debug_aranges
                0x0000000000000160       0x48 ./USB_Device/ch32v30x_usbfs_device.o
 .debug_aranges
                0x00000000000001a8       0x18 ./USB_Device/usb_desc.o
 .debug_aranges
                0x00000000000001c0       0x48 ./UART/UART.o
 .debug_aranges
                0x0000000000000208       0x30 ./Startup/startup_ch32v30x_D8C.o
 .debug_aranges
                0x0000000000000238       0xd8 ./Peripheral/src/ch32v30x_can.o
 .debug_aranges
                0x0000000000000310       0x48 ./Peripheral/src/ch32v30x_dbgmcu.o
 .debug_aranges
                0x0000000000000358       0x60 ./Peripheral/src/ch32v30x_dma.o
 .debug_aranges
                0x00000000000003b8       0xb0 ./Peripheral/src/ch32v30x_gpio.o
 .debug_aranges
                0x0000000000000468      0x1a8 ./Peripheral/src/ch32v30x_rcc.o
 .debug_aranges
                0x0000000000000610      0x2d0 ./Peripheral/src/ch32v30x_tim.o
 .debug_aranges
                0x00000000000008e0       0xf0 ./Peripheral/src/ch32v30x_usart.o
 .debug_aranges
                0x00000000000009d0       0x60 ./PROTOCOLS/lawicel.o
 .debug_aranges
                0x0000000000000a30       0xb0 ./HAL_DRIVER/hal_can_ch32.o
 .debug_aranges
                0x0000000000000ae0       0x80 ./HAL_DRIVER/hal_dma_ch32.o
 .debug_aranges
                0x0000000000000b60       0x80 ./HAL_DRIVER/hal_gpio_ch32.o
 .debug_aranges
                0x0000000000000be0       0x30 ./HAL_DRIVER/hal_irq.o
 .debug_aranges
                0x0000000000000c10       0x90 ./HAL_DRIVER/hal_timers_ch32.o
 .debug_aranges
                0x0000000000000ca0       0x58 ./HAL_DRIVER/hal_usart.o
 .debug_aranges
                0x0000000000000cf8       0x50 ./FreeRTOS/portable/MemMang/heap_4.o
 .debug_aranges
                0x0000000000000d48       0x58 ./FreeRTOS/portable/GCC/RISC-V/port.o
 .debug_aranges
                0x0000000000000da0       0x20 ./FreeRTOS/portable/GCC/RISC-V/portASM.o
 .debug_aranges
                0x0000000000000dc0       0x40 ./FreeRTOS/list.o
 .debug_aranges
                0x0000000000000e00      0x120 ./FreeRTOS/queue.o
 .debug_aranges
                0x0000000000000f20       0xc8 ./FreeRTOS/stream_buffer.o
 .debug_aranges
                0x0000000000000fe8      0x1d0 ./FreeRTOS/tasks.o
 .debug_aranges
                0x00000000000011b8       0xc0 ./FreeRTOS/timers.o
 .debug_aranges
                0x0000000000001278       0x50 ./Debug/debug.o

.debug_ranges   0x0000000000000000     0x1898
 .debug_ranges  0x0000000000000000       0xb8 ./User/app_task.o
 .debug_ranges  0x00000000000000b8       0x20 ./User/ch32v30x_it.o
 .debug_ranges  0x00000000000000d8       0x18 ./User/init.o
 .debug_ranges  0x00000000000000f0       0x10 ./User/main.o
 .debug_ranges  0x0000000000000100       0x38 ./User/system_ch32v30x.o
 .debug_ranges  0x0000000000000138       0x30 ./User/system_init.o
 .debug_ranges  0x0000000000000168       0x50 ./USB_Device/ch32v30x_usbfs_device.o
 .debug_ranges  0x00000000000001b8       0x68 ./UART/UART.o
 .debug_ranges  0x0000000000000220       0x28 ./Startup/startup_ch32v30x_D8C.o
 .debug_ranges  0x0000000000000248       0xf8 ./Peripheral/src/ch32v30x_can.o
 .debug_ranges  0x0000000000000340       0x50 ./Peripheral/src/ch32v30x_dbgmcu.o
 .debug_ranges  0x0000000000000390       0x50 ./Peripheral/src/ch32v30x_dma.o
 .debug_ranges  0x00000000000003e0       0xa0 ./Peripheral/src/ch32v30x_gpio.o
 .debug_ranges  0x0000000000000480      0x198 ./Peripheral/src/ch32v30x_rcc.o
 .debug_ranges  0x0000000000000618      0x2f0 ./Peripheral/src/ch32v30x_tim.o
 .debug_ranges  0x0000000000000908       0xe0 ./Peripheral/src/ch32v30x_usart.o
 .debug_ranges  0x00000000000009e8      0x100 ./PROTOCOLS/lawicel.o
 .debug_ranges  0x0000000000000ae8       0xa0 ./HAL_DRIVER/hal_can_ch32.o
 .debug_ranges  0x0000000000000b88       0x70 ./HAL_DRIVER/hal_dma_ch32.o
 .debug_ranges  0x0000000000000bf8       0x70 ./HAL_DRIVER/hal_gpio_ch32.o
 .debug_ranges  0x0000000000000c68       0x40 ./HAL_DRIVER/hal_irq.o
 .debug_ranges  0x0000000000000ca8      0x110 ./HAL_DRIVER/hal_timers_ch32.o
 .debug_ranges  0x0000000000000db8       0x48 ./HAL_DRIVER/hal_usart.o
 .debug_ranges  0x0000000000000e00       0x40 ./FreeRTOS/portable/MemMang/heap_4.o
 .debug_ranges  0x0000000000000e40       0x60 ./FreeRTOS/portable/GCC/RISC-V/port.o
 .debug_ranges  0x0000000000000ea0       0x30 ./FreeRTOS/list.o
 .debug_ranges  0x0000000000000ed0      0x2e8 ./FreeRTOS/queue.o
 .debug_ranges  0x00000000000011b8       0xf0 ./FreeRTOS/stream_buffer.o
 .debug_ranges  0x00000000000012a8      0x418 ./FreeRTOS/tasks.o
 .debug_ranges  0x00000000000016c0      0x198 ./FreeRTOS/timers.o
 .debug_ranges  0x0000000000001858       0x40 ./Debug/debug.o

.debug_line     0x0000000000000000    0x22bcd
 .debug_line    0x0000000000000000      0xa9c ./User/app_task.o
 .debug_line    0x0000000000000a9c      0x406 ./User/ch32v30x_it.o
 .debug_line    0x0000000000000ea2      0x52e ./User/init.o
 .debug_line    0x00000000000013d0      0x4e6 ./User/main.o
 .debug_line    0x00000000000018b6      0x716 ./User/system_ch32v30x.o
 .debug_line    0x0000000000001fcc      0x51b ./User/system_init.o
 .debug_line    0x00000000000024e7     0x1ed8 ./USB_Device/ch32v30x_usbfs_device.o
 .debug_line    0x00000000000043bf      0x27a ./USB_Device/usb_desc.o
 .debug_line    0x0000000000004639      0xcb7 ./UART/UART.o
 .debug_line    0x00000000000052f0      0x122 ./Startup/startup_ch32v30x_D8C.o
 .debug_line    0x0000000000005412     0x1a91 ./Peripheral/src/ch32v30x_can.o
 .debug_line    0x0000000000006ea3      0x3ef ./Peripheral/src/ch32v30x_dbgmcu.o
 .debug_line    0x0000000000007292      0xa35 ./Peripheral/src/ch32v30x_dma.o
 .debug_line    0x0000000000007cc7      0xf59 ./Peripheral/src/ch32v30x_gpio.o
 .debug_line    0x0000000000008c20     0x183b ./Peripheral/src/ch32v30x_rcc.o
 .debug_line    0x000000000000a45b     0x335a ./Peripheral/src/ch32v30x_tim.o
 .debug_line    0x000000000000d7b5      0xf5a ./Peripheral/src/ch32v30x_usart.o