Archive member included to satisfy reference by file (symbol)

c:/mounriver/mounriver_studio2/resources/app/resources/win32/components/wch/toolchain/risc-v embedded gcc/bin/../lib/gcc/riscv-none-embed/8.2.0/../../../../riscv-none-embed/lib/rv32imafcxw/ilp32f\libm.a(lib_a-s_sin.o)
                              ./User/led_task.o (sin)
c:/mounriver/mounriver_studio2/resources/app/resources/win32/components/wch/toolchain/risc-v embedded gcc/bin/../lib/gcc/riscv-none-embed/8.2.0/../../../../riscv-none-embed/lib/rv32imafcxw/ilp32f\libm.a(lib_a-sf_ceil.o)
                              ./LUA/lmathlib.o (ceilf)
c:/mounriver/mounriver_studio2/resources/app/resources/win32/components/wch/toolchain/risc-v embedded gcc/bin/../lib/gcc/riscv-none-embed/8.2.0/../../../../riscv-none-embed/lib/rv32imafcxw/ilp32f\libm.a(lib_a-sf_cos.o)
                              ./LUA/lmathlib.o (cosf)
c:/mounriver/mounriver_studio2/resources/app/resources/win32/components/wch/toolchain/risc-v embedded gcc/bin/../lib/gcc/riscv-none-embed/8.2.0/../../../../riscv-none-embed/lib/rv32imafcxw/ilp32f\libm.a(lib_a-sf_floor.o)
                              ./LUA/lmathlib.o (floorf)
c:/mounriver/mounriver_studio2/resources/app/resources/win32/components/wch/toolchain/risc-v embedded gcc/bin/../lib/gcc/riscv-none-embed/8.2.0/../../../../riscv-none-embed/lib/rv32imafcxw/ilp32f\libm.a(lib_a-sf_frexp.o)
                              ./LUA/ltable.o (frexpf)
c:/mounriver/mounriver_studio2/resources/app/resources/win32/components/wch/toolchain/risc-v embedded gcc/bin/../lib/gcc/riscv-none-embed/8.2.0/../../../../riscv-none-embed/lib/rv32imafcxw/ilp32f\libm.a(lib_a-sf_sin.o)
                              ./LUA/lmathlib.o (sinf)
c:/mounriver/mounriver_studio2/resources/app/resources/win32/components/wch/toolchain/risc-v embedded gcc/bin/../lib/gcc/riscv-none-embed/8.2.0/../../../../riscv-none-embed/lib/rv32imafcxw/ilp32f\libm.a(lib_a-sf_tan.o)
                              ./LUA/lmathlib.o (tanf)
c:/mounriver/mounriver_studio2/resources/app/resources/win32/components/wch/toolchain/risc-v embedded gcc/bin/../lib/gcc/riscv-none-embed/8.2.0/../../../../riscv-none-embed/lib/rv32imafcxw/ilp32f\libm.a(lib_a-wf_acos.o)
                              ./LUA/lmathlib.o (acosf)
c:/mounriver/mounriver_studio2/resources/app/resources/win32/components/wch/toolchain/risc-v embedded gcc/bin/../lib/gcc/riscv-none-embed/8.2.0/../../../../riscv-none-embed/lib/rv32imafcxw/ilp32f\libm.a(lib_a-wf_asin.o)
                              ./LUA/lmathlib.o (asinf)
c:/mounriver/mounriver_studio2/resources/app/resources/win32/components/wch/toolchain/risc-v embedded gcc/bin/../lib/gcc/riscv-none-embed/8.2.0/../../../../riscv-none-embed/lib/rv32imafcxw/ilp32f\libm.a(lib_a-wf_atan2.o)
                              ./LUA/lmathlib.o (atan2f)
c:/mounriver/mounriver_studio2/resources/app/resources/win32/components/wch/toolchain/risc-v embedded gcc/bin/../lib/gcc/riscv-none-embed/8.2.0/../../../../riscv-none-embed/lib/rv32imafcxw/ilp32f\libm.a(lib_a-wf_exp.o)
                              ./LUA/lmathlib.o (expf)
c:/mounriver/mounriver_studio2/resources/app/resources/win32/components/wch/toolchain/risc-v embedded gcc/bin/../lib/gcc/riscv-none-embed/8.2.0/../../../../riscv-none-embed/lib/rv32imafcxw/ilp32f\libm.a(lib_a-wf_fmod.o)
                              ./LUA/lmathlib.o (fmodf)
c:/mounriver/mounriver_studio2/resources/app/resources/win32/components/wch/toolchain/risc-v embedded gcc/bin/../lib/gcc/riscv-none-embed/8.2.0/../../../../riscv-none-embed/lib/rv32imafcxw/ilp32f\libm.a(lib_a-wf_log.o)
                              ./LUA/lmathlib.o (logf)
c:/mounriver/mounriver_studio2/resources/app/resources/win32/components/wch/toolchain/risc-v embedded gcc/bin/../lib/gcc/riscv-none-embed/8.2.0/../../../../riscv-none-embed/lib/rv32imafcxw/ilp32f\libm.a(lib_a-wf_log10.o)
                              ./LUA/lmathlib.o (log10f)
c:/mounriver/mounriver_studio2/resources/app/resources/win32/components/wch/toolchain/risc-v embedded gcc/bin/../lib/gcc/riscv-none-embed/8.2.0/../../../../riscv-none-embed/lib/rv32imafcxw/ilp32f\libm.a(lib_a-wf_log2.o)
                              ./LUA/lmathlib.o (log2f)
c:/mounriver/mounriver_studio2/resources/app/resources/win32/components/wch/toolchain/risc-v embedded gcc/bin/../lib/gcc/riscv-none-embed/8.2.0/../../../../riscv-none-embed/lib/rv32imafcxw/ilp32f\libm.a(lib_a-wf_pow.o)
                              ./LUA/lobject.o (powf)
c:/mounriver/mounriver_studio2/resources/app/resources/win32/components/wch/toolchain/risc-v embedded gcc/bin/../lib/gcc/riscv-none-embed/8.2.0/../../../../riscv-none-embed/lib/rv32imafcxw/ilp32f\libm.a(lib_a-wf_sqrt.o)
                              ./LUA/lmathlib.o (sqrtf)
c:/mounriver/mounriver_studio2/resources/app/resources/win32/components/wch/toolchain/risc-v embedded gcc/bin/../lib/gcc/riscv-none-embed/8.2.0/../../../../riscv-none-embed/lib/rv32imafcxw/ilp32f\libm.a(lib_a-e_rem_pio2.o)
[...]
Memory Configuration

Name             Origin             Length             Attributes
FLASH            0x0000000000000000 0x000000000001f000 xr
SFLASH           0x0000000000020000 0x000000000001e000 xr
RAM              0x0000000020000000 0x0000000000008000 xrw
*default*        0x0000000000000000 0xffffffffffffffff

Linker script and memory map

LOAD ./User/ch32v30x_it.o
LOAD ./User/init.o
LOAD ./User/io_task.o
LOAD ./User/led_task.o
LOAD ./User/lua_task.o
LOAD ./User/main.o
LOAD ./User/system_ch32v30x.o
LOAD ./User/system_init.o
LOAD ./Startup/startup_ch32v30x_D8C.o
LOAD ./Peripheral/src/ch32v30x_adc.o
LOAD ./Peripheral/src/ch32v30x_bkp.o
LOAD ./Peripheral/src/ch32v30x_can.o
LOAD ./Peripheral/src/ch32v30x_crc.o
LOAD ./Peripheral/src/ch32v30x_dac.o
LOAD ./Peripheral/src/ch32v30x_dbgmcu.o
LOAD ./Peripheral/src/ch32v30x_dma.o
LOAD ./Peripheral/src/ch32v30x_dvp.o
LOAD ./Peripheral/src/ch32v30x_eth.o
LOAD ./Peripheral/src/ch32v30x_exti.o
LOAD ./Peripheral/src/ch32v30x_flash.o
LOAD ./Peripheral/src/ch32v30x_fsmc.o
LOAD ./Peripheral/src/ch32v30x_gpio.o
LOAD ./Peripheral/src/ch32v30x_i2c.o
LOAD ./Peripheral/src/ch32v30x_iwdg.o
LOAD ./Peripheral/src/ch32v30x_misc.o
LOAD ./Peripheral/src/ch32v30x_opa.o
LOAD ./Peripheral/src/ch32v30x_pwr.o
LOAD ./Peripheral/src/ch32v30x_rcc.o
LOAD ./Peripheral/src/ch32v30x_rng.o
LOAD ./Peripheral/src/ch32v30x_rtc.o
LOAD ./Peripheral/src/ch32v30x_sdio.o
LOAD ./Peripheral/src/ch32v30x_spi.o
LOAD ./Peripheral/src/ch32v30x_tim.o
LOAD ./Peripheral/src/ch32v30x_usart.o
LOAD ./Peripheral/src/ch32v30x_wwdg.o
LOAD ./Peripheral/LUA/ltablib.o
LOAD ./LUA/lapi.o
LOAD ./LUA/lauxlib.o
LOAD ./LUA/lbaselib.o
LOAD ./LUA/lbitlib.o
LOAD ./LUA/lcode.o
LOAD ./LUA/lcorolib.o
LOAD ./LUA/lctype.o
LOAD ./LUA/ldblib.o
LOAD ./LUA/ldebug.o
LOAD ./LUA/ldo.o
LOAD ./LUA/ldump.o
LOAD ./LUA/lfunc.o
LOAD ./LUA/lgc.o
LOAD ./LUA/linit.o
LOAD ./LUA/liolib.o
LOAD ./LUA/llex.o
LOAD ./LUA/lmathlib.o
LOAD ./LUA/lmem.o
LOAD ./LUA/loadlib.o
LOAD ./LUA/lobject.o
LOAD ./LUA/lopcodes.o
LOAD ./LUA/loslib.o
LOAD ./LUA/lparser.o
LOAD ./LUA/lstate.o
LOAD ./LUA/lstring.o
LOAD ./LUA/lstrlib.o
LOAD ./LUA/ltable.o
LOAD ./LUA/ltablib.o
LOAD ./LUA/ltm.o
LOAD ./LUA/lua.o
LOAD ./LUA/lundump.o
LOAD ./LUA/lutf8lib.o
LOAD ./LUA/lvm.o
LOAD ./LUA/lzio.o
LOAD ./HAL_LIB/hw_lib_can.o
LOAD ./HAL_LIB/hw_lib_keyboard.o
LOAD ./HAL_DRIVER/hal_adc_ch32.o
LOAD ./HAL_DRIVER/hal_can_ch32.o
LOAD ./HAL_DRIVER/hal_dma_ch32.o
LOAD ./HAL_DRIVER/hal_gpio_ch32.o
LOAD ./HAL_DRIVER/hal_irq.o
LOAD ./HAL_DRIVER/hal_spi_ch32.o
LOAD ./HAL_DRIVER/hal_timers_ch32.o
LOAD ./FreeRTOS/portable/MemMang/heap_4.o
LOAD ./FreeRTOS/portable/GCC/RISC-V/port.o
LOAD ./FreeRTOS/portable/GCC/RISC-V/portASM.o
LOAD ./FreeRTOS/croutine.o
LOAD ./FreeRTOS/event_groups.o
LOAD ./FreeRTOS/list.o
LOAD ./FreeRTOS/queue.o
LOAD ./FreeRTOS/stream_buffer.o
LOAD ./FreeRTOS/tasks.o
LOAD ./FreeRTOS/timers.o
LOAD ./Debug/debug.o
LOAD ./Core/core_riscv.o
LOAD c:/mounriver/mounriver_studio2/resources/app/resources/win32/components/wch/toolchain/risc-v embedded gcc/bin/../lib/gcc/riscv-none-embed/8.2.0/../../../../riscv-none-embed/lib/rv32imafcxw/ilp32f\libm.a
LOAD c:/mounriver/mounriver_studio2/resources/app/resources/win32/components/wch/toolchain/risc-v embedded gcc/bin/../lib/gcc/riscv-none-embed/8.2.0/rv32imafcxw/ilp32f\libgcc.a
LOAD c:/mounriver/mounriver_studio2/resources/app/resources/win32/components/wch/toolchain/risc-v embedded gcc/bin/../lib/gcc/riscv-none-embed/8.2.0/../../../../riscv-none-embed/lib/rv32imafcxw/ilp32f\libg_nano.a
LOAD c:/mounriver/mounriver_studio2/resources/app/resources/win32/components/wch/toolchain/risc-v embedded gcc/bin/../lib/gcc/riscv-none-embed/8.2.0/../../../../riscv-none-embed/lib/rv32imafcxw/ilp32f\libc_nano.a
LOAD c:/mounriver/mounriver_studio2/resources/app/resources/win32/components/wch/toolchain/risc-v embedded gcc/bin/../lib/gcc/riscv-none-embed/8.2.0/rv32imafcxw/ilp32f\libgcc.a
START GROUP
LOAD c:/mounriver/mounriver_studio2/resources/app/resources/win32/components/wch/toolchain/risc-v embedded gcc/bin/../lib/gcc/riscv-none-embed/8.2.0/rv32imafcxw/ilp32f\libgcc.a
LOAD c:/mounriver/mounriver_studio2/resources/app/resources/win32/components/wch/toolchain/risc-v embedded gcc/bin/../lib/gcc/riscv-none-embed/8.2.0/../../../../riscv-none-embed/lib/rv32imafcxw/ilp32f\libc_nano.a
LOAD c:/mounriver/mounriver_studio2/resources/app/resources/win32/components/wch/toolchain/risc-v embedded gcc/bin/../lib/gcc/riscv-none-embed/8.2.0/../../../../riscv-none-embed/lib/rv32imafcxw/ilp32f\libnosys.a
END GROUP
START GROUP
LOAD c:/mounriver/mounriver_studio2/resources/app/resources/win32/components/wch/toolchain/risc-v embedded gcc/bin/../lib/gcc/riscv-none-embed/8.2.0/rv32imafcxw/ilp32f\libgcc.a
LOAD c:/mounriver/mounriver_studio2/resources/app/resources/win32/components/wch/toolchain/risc-v embedded gcc/bin/../lib/gcc/riscv-none-embed/8.2.0/../../../../riscv-none-embed/lib/rv32imafcxw/ilp32f\libc_nano.a
LOAD c:/mounriver/mounriver_studio2/resources/app/resources/win32/components/wch/toolchain/risc-v embedded gcc/bin/../lib/gcc/riscv-none-embed/8.2.0/../../../../riscv-none-embed/lib/rv32imafcxw/ilp32f\libnosys.a
END GROUP
                0x0000000000000800                __stack_size = 0x800
                [!provide]                        PROVIDE (_stack_size = __stack_size)

.init           0x0000000000000000        0x4
                0x0000000000000000                _sinit = .
                0x0000000000000000                . = ALIGN (0x4)
 *(SORT_NONE(.init))
 .init          0x0000000000000000        0x4 ./Startup/startup_ch32v30x_D8C.o
                0x0000000000000000                _start
                0x0000000000000004                . = ALIGN (0x4)
                0x0000000000000004                _einit = .

.vector         0x0000000000000004      0x1bc
 *(.vector)
 .vector        0x0000000000000004      0x1a0 ./Startup/startup_ch32v30x_D8C.o
                0x00000000000001c0                . = ALIGN (0x40)
 *fill*         0x00000000000001a4       0x1c 

.text           0x0000000000000200    0x1c5a4
                0x0000000000000200                . = ALIGN (0x4)
 *(.text)
 .text          0x0000000000000200      0x2e6 ./FreeRTOS/portable/GCC/RISC-V/portASM.o
                0x0000000000000200                SW_Handler
                0x0000000000000300                xPortStartFirstTask
                0x0000000000000400                pxPortInitialiseStack
 .text          0x00000000000004e6       0x60 c:/mounriver/mounriver_studio2/resources/app/resources/win32/components/wch/toolchain/risc-v embedded gcc/bin/../lib/gcc/riscv-none-embed/8.2.0/rv32imafcxw/ilp32f\libgcc.a(save-restore.o)
                0x00000000000004e6                __riscv_save_12
                0x00000000000004ee                __riscv_save_9
                0x00000000000004ee                __riscv_save_11
                0x00000000000004ee                __riscv_save_10
                0x00000000000004ee                __riscv_save_8
                0x00000000000004fc                __riscv_save_4
                0x00000000000004fc                __riscv_save_6
                0x00000000000004fc                __riscv_save_5
                0x00000000000004fc                __riscv_save_7
                0x0000000000000516                __riscv_save_3
                0x0000000000000516                __riscv_save_2
                0x0000000000000516                __riscv_save_1
                0x0000000000000516                __riscv_save_0
                0x0000000000000522                __riscv_restore_12
                0x0000000000000526                __riscv_restore_11
                0x0000000000000526                __riscv_restore_9
                0x0000000000000526                __riscv_restore_10
                0x0000000000000526                __riscv_restore_8
                0x0000000000000530                __riscv_restore_5
                0x0000000000000530                __riscv_restore_7
                0x0000000000000530                __riscv_restore_6
                0x0000000000000530                __riscv_restore_4
                0x000000000000053a                __riscv_restore_3
                0x000000000000053a                __riscv_restore_0
                0x000000000000053a                __riscv_restore_2
                0x000000000000053a                __riscv_restore_1
 .text          0x0000000000000546       0xa8 c:/mounriver/mounriver_studio2/resources/app/resources/win32/components/wch/toolchain/risc-v embedded gcc/bin/../lib/gcc/riscv-none-embed/8.2.0/../../../../riscv-none-embed/lib/rv32imafcxw/ilp32f\libg_nano.a(lib_a-memset.o)
                0x0000000000000546                memset
 .text          0x00000000000005ee       0xcc c:/mounriver/mounriver_studio2/resources/app/resources/win32/components/wch/toolchain/risc-v embedded gcc/bin/../lib/gcc/riscv-none-embed/8.2.0/../../../../riscv-none-embed/lib/rv32imafcxw/ilp32f\libg_nano.a(lib_a-setjmp.o)
                0x00000000000005ee                setjmp
                0x0000000000000652                longjmp
 .text          0x00000000000006ba      0x11a c:/mounriver/mounriver_studio2/resources/app/resources/win32/components/wch/toolchain/risc-v embedded gcc/bin/../lib/gcc/riscv-none-embed/8.2.0/../../../../riscv-none-embed/lib/rv32imafcxw/ilp32f\libg_nano.a(lib_a-strcmp.o)
                0x00000000000006ba                strcmp
 *(.text.*)
 .text.NMI_Handler
                0x00000000000007d4        0x2 ./User/ch32v30x_it.o
                0x00000000000007d4                NMI_Handler
 .text.HardFault_Handler
                0x00000000000007d6       0x38 ./User/ch32v30x_it.o
                0x00000000000007d6                HardFault_Handler
 .text.fPortState
                0x000000000000080e       0x58 ./User/io_task.o
                0x000000000000080e                fPortState
 .text.xGetIOTaskHandle
                0x0000000000000866        0xa ./User/io_task.o
                0x0000000000000866                xGetIOTaskHandle
 .text.vInitKeybord
                0x0000000000000870       0x40 ./User/io_task.o
                0x0000000000000870                vInitKeybord
 .text.getKeyData
                0x00000000000008b0        0xa ./User/io_task.o
                0x00000000000008b0                getKeyData
 .text.vIOTask  0x00000000000008ba       0xbc ./User/io_task.o
                0x00000000000008ba                vIOTask
 .text.LC       0x0000000000000976       0x2c ./User/led_task.o
                0x0000000000000976                LC
 .text.calcBrigt.part.0
                0x00000000000009a2       0x42 ./User/led_task.o
 .text.vSetLedOn
                0x00000000000009e4       0x10 ./User/led_task.o
                0x00000000000009e4                vSetLedOn
 .text.vSetBackLigth
                0x00000000000009f4       0x26 ./User/led_task.o
                0x00000000000009f4                vSetBackLigth
 .text.vSetBrigth
                0x0000000000000a1a       0x44 ./User/led_task.o
                0x0000000000000a1a                vSetBrigth
 .text.vLedProcess
                0x0000000000000a5e       0xc2 ./User/led_task.o
                0x0000000000000a5e                vLedProcess
 .text.TimersCallback
                0x0000000000000b20        0x8 ./User/led_task.o
                0x0000000000000b20                TimersCallback
 .text.iCanSetResiveFilter
                0x0000000000000b28       0x40 ./User/lua_task.o
 .text.iCanCheckData
                0x0000000000000b68       0x38 ./User/lua_task.o
                0x0000000000000b68                iCanCheckData
 .text.iCanGetMessage
                0x0000000000000ba0       0x62 ./User/lua_task.o
                0x0000000000000ba0                iCanGetMessage
 .text.iCanGetResivedData
                0x0000000000000c02       0x86 ./User/lua_task.o
                0x0000000000000c02                iCanGetResivedData
 .text.iSetBackLigthBrigth
                0x0000000000000c88       0x26 ./User/lua_task.o
 .text.iSetLedBrigth
                0x0000000000000cae       0x26 ./User/lua_task.o
 .text.iCanSetConfig
                0x0000000000000cd4       0x32 ./User/lua_task.o
 .text.iCanResetResiveFilter
                0x0000000000000d06       0x24 ./User/lua_task.o
 .text.xGetLuaTaskHandle
                0x0000000000000d2a        0xa ./User/lua_task.o
                0x0000000000000d2a                xGetLuaTaskHandle
 .text.vSendCanData
                0x0000000000000d34       0x22 ./User/lua_task.o
                0x0000000000000d34                vSendCanData
 .text.iCanSendRequest
                0x0000000000000d56       0x68 ./User/lua_task.o
                0x0000000000000d56                iCanSendRequest
 .text.iCanSendData
                0x0000000000000dbe       0x54 ./User/lua_task.o
                0x0000000000000dbe                iCanSendData
 .text.iCanSendTable
                0x0000000000000e12       0x8a ./User/lua_task.o
                0x0000000000000e12                iCanSendTable
 .text.vLuaTask
                0x0000000000000e9c      0x352 ./User/lua_task.o
                0x0000000000000e9c                vLuaTask
 .text.startup.main
                0x00000000000011ee       0x3e ./User/main.o
                0x00000000000011ee                main
 .text.SystemInit
                0x000000000000122c       0xea ./User/system_ch32v30x.o
                0x000000000000122c                SystemInit
 .text.SystemCoreClockUpdate
                0x0000000000001316       0x8e ./User/system_ch32v30x.o
                0x0000000000001316                SystemCoreClockUpdate
 .text.vApplicationGetIdleTaskMemory
                0x00000000000013a4       0x1c ./User/system_init.o
                0x00000000000013a4                vApplicationGetIdleTaskMemory
 .text.vApplicationGetTimerTaskMemory
                0x00000000000013c0       0x1c ./User/system_init.o
                0x00000000000013c0                vApplicationGetTimerTaskMemory
 .text.vector_handler
                0x00000000000013dc        0x2 ./Startup/startup_ch32v30x_D8C.o
                0x00000000000013dc                EXTI2_IRQHandler
                0x00000000000013dc                TIM8_TRG_COM_IRQHandler
                0x00000000000013dc                TIM8_CC_IRQHandler
                0x00000000000013dc                UART8_IRQHandler
                0x00000000000013dc                TIM1_CC_IRQHandler
                0x00000000000013dc                TIM6_IRQHandler
                0x00000000000013dc                PVD_IRQHandler
                0x00000000000013dc                SDIO_IRQHandler
                0x00000000000013dc                TIM9_BRK_IRQHandler
                0x00000000000013dc                DMA2_Channel8_IRQHandler
                0x00000000000013dc                CAN2_RX1_IRQHandler
                0x00000000000013dc                EXTI3_IRQHandler
                0x00000000000013dc                USBHS_IRQHandler
                0x00000000000013dc                DMA2_Channel9_IRQHandler
                0x00000000000013dc                TIM10_CC_IRQHandler
                0x00000000000013dc                USBFS_IRQHandler
                0x00000000000013dc                EXTI0_IRQHandler
                0x00000000000013dc                I2C2_EV_IRQHandler
                0x00000000000013dc                TIM10_TRG_COM_IRQHandler
                0x00000000000013dc                CAN2_SCE_IRQHandler
                0x00000000000013dc                ADC1_2_IRQHandler
                0x00000000000013dc                Break_Point_Handler
                0x00000000000013dc                SPI1_IRQHandler
                0x00000000000013dc                TAMPER_IRQHandler
                0x00000000000013dc                CAN2_RX0_IRQHandler
                0x00000000000013dc                TIM8_UP_IRQHandler
                0x00000000000013dc                Ecall_M_Mode_Handler
                0x00000000000013dc                DMA2_Channel2_IRQHandler
                0x00000000000013dc                TIM9_UP_IRQHandler
                0x00000000000013dc                USART3_IRQHandler
                0x00000000000013dc                RTC_IRQHandler
                0x00000000000013dc                DVP_IRQHandler
                0x00000000000013dc                UART5_IRQHandler
                0x00000000000013dc                TIM4_IRQHandler
                0x00000000000013dc                DMA2_Channel1_IRQHandler
                0x00000000000013dc                I2C1_EV_IRQHandler
                0x00000000000013dc                UART4_IRQHandler
                0x00000000000013dc                DMA2_Channel4_IRQHandler
                0x00000000000013dc                RCC_IRQHandler
                0x00000000000013dc                TIM1_TRG_COM_IRQHandler
                0x00000000000013dc                DMA2_Channel7_IRQHandler
                0x00000000000013dc                EXTI15_10_IRQHandler
                0x00000000000013dc                TIM7_IRQHandler
                0x00000000000013dc                CAN2_TX_IRQHandler
                0x00000000000013dc                TIM5_IRQHandler
                0x00000000000013dc                EXTI9_5_IRQHandler
                0x00000000000013dc                ETH_WKUP_IRQHandler
                0x00000000000013dc                SPI2_IRQHandler
                0x00000000000013dc                TIM10_BRK_IRQHandler
                0x00000000000013dc                TIM9_CC_IRQHandler
                0x00000000000013dc                DMA2_Channel5_IRQHandler
                0x00000000000013dc                EXTI4_IRQHandler
                0x00000000000013dc                RNG_IRQHandler
                0x00000000000013dc                ETH_IRQHandler
                0x00000000000013dc                TIM1_UP_IRQHandler
                0x00000000000013dc                WWDG_IRQHandler
                0x00000000000013dc                USBHSWakeup_IRQHandler
                0x00000000000013dc                DMA2_Channel11_IRQHandler
                0x00000000000013dc                Ecall_U_Mode_Handler
                0x00000000000013dc                DMA2_Channel6_IRQHandler
                0x00000000000013dc                TIM2_IRQHandler
                0x00000000000013dc                TIM1_BRK_IRQHandler
                0x00000000000013dc                DMA2_Channel10_IRQHandler
                0x00000000000013dc                EXTI1_IRQHandler
                0x00000000000013dc                RTCAlarm_IRQHandler
                0x00000000000013dc                TIM10_UP_IRQHandler
                0x00000000000013dc                TIM9_TRG_COM_IRQHandler
                0x00000000000013dc                UART7_IRQHandler
                0x00000000000013dc                USART2_IRQHandler
                0x00000000000013dc                UART6_IRQHandler
                0x00000000000013dc                I2C2_ER_IRQHandler
                0x00000000000013dc                TIM8_BRK_IRQHandler
                0x00000000000013dc                FLASH_IRQHandler
                0x00000000000013dc                USART1_IRQHandler
                0x00000000000013dc                SPI3_IRQHandler
                0x00000000000013dc                I2C1_ER_IRQHandler
                0x00000000000013dc                USBWakeUp_IRQHandler
                0x00000000000013dc                DMA2_Channel3_IRQHandler
 .text.handle_reset
                0x00000000000013de       0x92 ./Startup/startup_ch32v30x_D8C.o
                0x00000000000013de                handle_reset
 .text.DMA_GetFlagStatus
                0x0000000000001470       0x32 ./Peripheral/src/ch32v30x_dma.o
                0x0000000000001470                DMA_GetFlagStatus
 .text.DMA_ClearFlag
                0x00000000000014a2       0x2c ./Peripheral/src/ch32v30x_dma.o
                0x00000000000014a2                DMA_ClearFlag
 .text.DMA_GetITStatus
                0x00000000000014ce        0xa ./Peripheral/src/ch32v30x_dma.o
                0x00000000000014ce                DMA_GetITStatus
 .text.DMA_ClearITPendingBit
                0x00000000000014d8        0xa ./Peripheral/src/ch32v30x_dma.o
                0x00000000000014d8                DMA_ClearITPendingBit
 .text.GPIO_Init
                0x00000000000014e2       0xc0 ./Peripheral/src/ch32v30x_gpio.o
                0x00000000000014e2                GPIO_Init
 .text.GPIO_PinRemapConfig
                0x00000000000015a2       0xd6 ./Peripheral/src/ch32v30x_gpio.o
                0x00000000000015a2                GPIO_PinRemapConfig
 .text.NVIC_PriorityGroupConfig
                0x0000000000001678        0xa ./Peripheral/src/ch32v30x_misc.o
                0x0000000000001678                NVIC_PriorityGroupConfig
 .text.RCC_GetClocksFreq
                0x0000000000001682      0x106 ./Peripheral/src/ch32v30x_rcc.o
                0x0000000000001682                RCC_GetClocksFreq
 .text.RCC_AHBPeriphClockCmd
                0x0000000000001788       0x1e ./Peripheral/src/ch32v30x_rcc.o
                0x0000000000001788                RCC_AHBPeriphClockCmd
 .text.RCC_APB2PeriphClockCmd
                0x00000000000017a6       0x1e ./Peripheral/src/ch32v30x_rcc.o
                0x00000000000017a6                RCC_APB2PeriphClockCmd
 .text.RCC_APB1PeriphClockCmd
                0x00000000000017c4       0x1e ./Peripheral/src/ch32v30x_rcc.o
                0x00000000000017c4                RCC_APB1PeriphClockCmd
 .text.TIM_OC1Init
                0x00000000000017e2       0x82 ./Peripheral/src/ch32v30x_tim.o
                0x00000000000017e2                TIM_OC1Init
 .text.TIM_OC2Init
                0x0000000000001864       0xae ./Peripheral/src/ch32v30x_tim.o
                0x0000000000001864                TIM_OC2Init
 .text.TIM_OC3Init
                0x0000000000001912       0xac ./Peripheral/src/ch32v30x_tim.o
                0x0000000000001912                TIM_OC3Init
 .text.TIM_OC4Init
                0x00000000000019be       0x88 ./Peripheral/src/ch32v30x_tim.o
                0x00000000000019be                TIM_OC4Init
 .text.TIM_GetITStatus
                0x0000000000001a46       0x18 ./Peripheral/src/ch32v30x_tim.o
                0x0000000000001a46                TIM_GetITStatus
 .text.USART_Init
                0x0000000000001a5e       0x8e ./Peripheral/src/ch32v30x_usart.o
                0x0000000000001a5e                USART_Init
 .text.USART_Cmd
                0x0000000000001aec       0x16 ./Peripheral/src/ch32v30x_usart.o
                0x0000000000001aec                USART_Cmd
 .text.USART_SendData
                0x0000000000001b02        0x8 ./Peripheral/src/ch32v30x_usart.o
                0x0000000000001b02                USART_SendData
 .text.USART_GetFlagStatus
                0x0000000000001b0a        0xa ./Peripheral/src/ch32v30x_usart.o
                0x0000000000001b0a                USART_GetFlagStatus
 .text.index2addr
                0x0000000000001b14       0x64 ./LUA/lapi.o
 .text.growstack
                0x0000000000001b78        0xe ./LUA/lapi.o
 .text.auxgetstr
                0x0000000000001b86       0x6a ./LUA/lapi.o
 .text.auxsetstr
                0x0000000000001bf0       0x92 ./LUA/lapi.o
 .text.f_call   0x0000000000001c82       0x10 ./LUA/lapi.o
 .text.reverse.isra.0
                0x0000000000001c92       0x22 ./LUA/lapi.o
 .text.lua_checkstack
                0x0000000000001cb4       0x62 ./LUA/lapi.o
                0x0000000000001cb4                lua_checkstack
 .text.lua_atpanic
                0x0000000000001d16        0x8 ./LUA/lapi.o
                0x0000000000001d16                lua_atpanic
 .text.lua_version
                0x0000000000001d1e        0xe ./LUA/lapi.o
                0x0000000000001d1e                lua_version
 .text.lua_absindex
                0x0000000000001d2c       0x20 ./LUA/lapi.o
                0x0000000000001d2c                lua_absindex
 .text.lua_gettop
                0x0000000000001d4c        0xe ./LUA/lapi.o
                0x0000000000001d4c                lua_gettop
 .text.lua_settop
                0x0000000000001d5a       0x2c ./LUA/lapi.o
                0x0000000000001d5a                lua_settop
 .text.lua_rotate
                0x0000000000001d86       0x3c ./LUA/lapi.o
                0x0000000000001d86                lua_rotate
 .text.lua_copy
                0x0000000000001dc2       0x4c ./LUA/lapi.o
                0x0000000000001dc2                lua_copy
 .text.lua_pushvalue
                0x0000000000001e0e       0x1e ./LUA/lapi.o
                0x0000000000001e0e                lua_pushvalue
 .text.lua_type
                0x0000000000001e2c       0x1a ./LUA/lapi.o
                0x0000000000001e2c                lua_type
 .text.lua_typename
                0x0000000000001e46       0x10 ./LUA/lapi.o
                0x0000000000001e46                lua_typename
 .text.lua_isinteger
                0x0000000000001e56       0x12 ./LUA/lapi.o
                0x0000000000001e56                lua_isinteger
 .text.lua_isnumber
                0x0000000000001e68       0x20 ./LUA/lapi.o
                0x0000000000001e68                lua_isnumber
 .text.lua_isstring
                0x0000000000001e88       0x14 ./LUA/lapi.o
                0x0000000000001e88                lua_isstring
 .text.lua_rawequal
                0x0000000000001e9c       0x36 ./LUA/lapi.o
                0x0000000000001e9c                lua_rawequal
 .text.lua_stringtonumber
                0x0000000000001ed2       0x1a ./LUA/lapi.o
                0x0000000000001ed2                lua_stringtonumber
 .text.lua_tonumberx
                0x0000000000001eec       0x32 ./LUA/lapi.o
                0x0000000000001eec                lua_tonumberx
 .text.lua_tointegerx
                0x0000000000001f1e       0x34 ./LUA/lapi.o
                0x0000000000001f1e                lua_tointegerx
 .text.lua_toboolean
                0x0000000000001f52       0x20 ./LUA/lapi.o
                0x0000000000001f52                lua_toboolean
 .text.lua_tolstring
                0x0000000000001f72       0x62 ./LUA/lapi.o
                0x0000000000001f72                lua_tolstring
 .text.lua_rawlen
                0x0000000000001fd4       0x44 ./LUA/lapi.o
                0x0000000000001fd4                lua_rawlen
 .text.lua_touserdata
                0x0000000000002018       0x28 ./LUA/lapi.o
                0x0000000000002018                lua_touserdata
 .text.lua_topointer
                0x0000000000002040       0x52 ./LUA/lapi.o
                0x0000000000002040                lua_topointer
 .text.lua_pushnil
                0x0000000000002092        0xc ./LUA/lapi.o
                0x0000000000002092                lua_pushnil
 .text.lua_pushnumber
                0x000000000000209e        0xe ./LUA/lapi.o
                0x000000000000209e                lua_pushnumber
 .text.lua_pushinteger
                0x00000000000020ac        0xe ./LUA/lapi.o
                0x00000000000020ac                lua_pushinteger
 .text.lua_pushlstring
                0x00000000000020ba       0x44 ./LUA/lapi.o
                0x00000000000020ba                lua_pushlstring
 .text.lua_pushstring
                0x00000000000020fe       0x40 ./LUA/lapi.o
                0x00000000000020fe                lua_pushstring
 .text.lua_pushvfstring
                0x000000000000213e       0x20 ./LUA/lapi.o
                0x000000000000213e                lua_pushvfstring
 .text.lua_pushfstring
                0x000000000000215e       0x3a ./LUA/lapi.o
                0x000000000000215e                lua_pushfstring
 .text.lua_pushcclosure
                0x0000000000002198       0x72 ./LUA/lapi.o
                0x0000000000002198                lua_pushcclosure
 .text.lua_pushboolean
                0x000000000000220a       0x12 ./LUA/lapi.o
                0x000000000000220a                lua_pushboolean
 .text.lua_getglobal
                0x000000000000221c       0x24 ./LUA/lapi.o
                0x000000000000221c                lua_getglobal
 .text.lua_getfield
                0x0000000000002240       0x1e ./LUA/lapi.o
                0x0000000000002240                lua_getfield
 .text.lua_geti
                0x000000000000225e       0x62 ./LUA/lapi.o
                0x000000000000225e                lua_geti
 .text.lua_rawget
                0x00000000000022c0       0x2e ./LUA/lapi.o
                0x00000000000022c0                lua_rawget
 .text.lua_rawgeti
                0x00000000000022ee       0x34 ./LUA/lapi.o
                0x00000000000022ee                lua_rawgeti
 .text.lua_createtable
                0x0000000000002322       0x48 ./LUA/lapi.o
                0x0000000000002322                lua_createtable
 .text.lua_getmetatable
                0x000000000000236a       0x4a ./LUA/lapi.o
                0x000000000000236a                lua_getmetatable
 .text.lua_setglobal
                0x00000000000023b4       0x24 ./LUA/lapi.o
                0x00000000000023b4                lua_setglobal
 .text.lua_setfield
                0x00000000000023d8       0x1e ./LUA/lapi.o
                0x00000000000023d8                lua_setfield
 .text.lua_seti
                0x00000000000023f6       0x8a ./LUA/lapi.o
                0x00000000000023f6                lua_seti
 .text.lua_rawset
                0x0000000000002480       0x5a ./LUA/lapi.o
                0x0000000000002480                lua_rawset
 .text.lua_rawseti
                0x00000000000024da       0x4e ./LUA/lapi.o
                0x00000000000024da                lua_rawseti
 .text.lua_setmetatable
                0x0000000000002528       0x7a ./LUA/lapi.o
                0x0000000000002528                lua_setmetatable
 .text.lua_callk
                0x00000000000025a2       0x46 ./LUA/lapi.o
                0x00000000000025a2                lua_callk
 .text.lua_pcallk
                0x00000000000025e8       0xa6 ./LUA/lapi.o
                0x00000000000025e8                lua_pcallk
 .text.lua_load
                0x000000000000268e       0x74 ./LUA/lapi.o
                0x000000000000268e                lua_load
 .text.lua_gc   0x0000000000002702       0xd0 ./LUA/lapi.o
                0x0000000000002702                lua_gc
 .text.lua_error
                0x00000000000027d2        0x8 ./LUA/lapi.o
                0x00000000000027d2                lua_error
 .text.lua_next
                0x00000000000027da       0x28 ./LUA/lapi.o
                0x00000000000027da                lua_next
 .text.lua_concat
                0x0000000000002802       0x46 ./LUA/lapi.o
                0x0000000000002802                lua_concat
 .text.lua_len  0x0000000000002848       0x1e ./LUA/lapi.o
                0x0000000000002848                lua_len
 .text.lua_getallocf
                0x0000000000002866        0xe ./LUA/lapi.o
                0x0000000000002866                lua_getallocf
 .text.lua_newuserdata
                0x0000000000002874       0x30 ./LUA/lapi.o
                0x0000000000002874                lua_newuserdata
 .text.lua_setupvalue
                0x00000000000028a4       0xdc ./LUA/lapi.o
                0x00000000000028a4                lua_setupvalue
 .text.getS     0x0000000000002980       0x10 ./LUA/lauxlib.o
 .text.findfield
                0x0000000000002990       0xa4 ./LUA/lauxlib.o
 .text.pushglobalfuncname
                0x0000000000002a34       0xa4 ./LUA/lauxlib.o
 .text.getF     0x0000000000002ad8       0x3a ./LUA/lauxlib.o
 .text.panic    0x0000000000002b12       0x32 ./LUA/lauxlib.o
 .text.l_alloc  0x0000000000002b44       0x34 ./LUA/lauxlib.o
 .text.skipcomment
                0x0000000000002b78       0x78 ./LUA/lauxlib.o
 .text.typeerror
                0x0000000000002bf0       0x70 ./LUA/lauxlib.o
 .text.resizebox
                0x0000000000002c60       0x54 ./LUA/lauxlib.o
 .text.boxgc    0x0000000000002cb4       0x12 ./LUA/lauxlib.o
 .text.luaB_tostring
                0x0000000000002cc6       0x1c ./LUA/lbaselib.o
 .text.dofilecont
                0x0000000000002ce2        0xe ./LUA/lbaselib.o
 .text.luaB_type
                0x0000000000002cf0       0x3a ./LUA/lbaselib.o
 .text.luaB_select
                0x0000000000002d2a       0x72 ./LUA/lbaselib.o
 .text.luaB_tonumber
                0x0000000000002d9c      0x156 ./LUA/lbaselib.o
 .text.luaB_rawset
                0x0000000000002ef2       0x34 ./LUA/lbaselib.o
 .text.luaB_rawget
                0x0000000000002f26       0x2c ./LUA/lbaselib.o
 .text.luaB_rawlen
                0x0000000000002f52       0x3a ./LUA/lbaselib.o
 .text.luaB_rawequal
                0x0000000000002f8c       0x2c ./LUA/lbaselib.o
 .text.luaB_print
                0x0000000000002fb8       0xbe ./LUA/lbaselib.o
 .text.luaB_ipairs
                0x0000000000003076       0x32 ./LUA/lbaselib.o
 .text.luaB_next
                0x00000000000030a8       0x30 ./LUA/lbaselib.o
 .text.generic_reader
                0x00000000000030d8       0x7e ./LUA/lbaselib.o
 .text.ipairsaux
                0x0000000000003156       0x32 ./LUA/lbaselib.o
 .text.luaB_error
                0x0000000000003188       0x4c ./LUA/lbaselib.o
 .text.luaB_collectgarbage
                0x00000000000031d4       0x8e ./LUA/lbaselib.o
 .text.finishpcall
                0x0000000000003262       0x30 ./LUA/lbaselib.o
 .text.luaB_xpcall
                0x0000000000003292       0x56 ./LUA/lbaselib.o
 .text.luaB_pcall
                0x00000000000032e8       0x4a ./LUA/lbaselib.o
 .text.luaB_setmetatable
                0x0000000000003332       0x68 ./LUA/lbaselib.o
 .text.load_aux
                0x000000000000339a       0x3e ./LUA/lbaselib.o
 .text.luaB_load
                0x00000000000033d8       0x9e ./LUA/lbaselib.o
 .text.luaB_loadfile
                0x0000000000003476       0x4e ./LUA/lbaselib.o
 .text.luaB_getmetatable
                0x00000000000034c4       0x34 ./LUA/lbaselib.o
 .text.luaB_dofile
                0x00000000000034f8       0x4e ./LUA/lbaselib.o
 .text.luaB_assert
                0x0000000000003546       0x50 ./LUA/lbaselib.o
 .text.luaB_pairs
                0x0000000000003596       0x5a ./LUA/lbaselib.o
 .text.addk     0x00000000000035f0       0xde ./LUA/lcode.o
 .text.tonumeral
                0x00000000000036ce       0x3a ./LUA/lcode.o
 .text.getjump.isra.1
                0x0000000000003708       0x1e ./LUA/lcode.o
 .text.getjumpcontrol.isra.2
                0x0000000000003726       0x28 ./LUA/lcode.o
 .text.patchtestreg
                0x000000000000374e       0x62 ./LUA/lcode.o
 .text.removevalues
                0x00000000000037b0       0x2a ./LUA/lcode.o
 .text.need_value
                0x00000000000037da       0x3e ./LUA/lcode.o
 .text.freereg  0x0000000000003818       0x1a ./LUA/lcode.o
 .text.freeexp  0x0000000000003832       0x18 ./LUA/lcode.o
 .text.freeexps
                0x000000000000384a       0x44 ./LUA/lcode.o
 .text.negatecondition.isra.4
                0x000000000000388e       0x2c ./LUA/lcode.o
 .text.fixjump  0x00000000000038ba       0x44 ./LUA/lcode.o
 .text.patchlistaux
                0x00000000000038fe       0x3e ./LUA/lcode.o
 .text.luaK_code
                0x000000000000393c       0x96 ./LUA/lcode.o
 .text.constfolding.isra.6
                0x00000000000039d2       0xde ./LUA/lcode.o
 .text.luaK_concat
                0x0000000000003ab0       0x42 ./LUA/lcode.o
                0x0000000000003ab0                luaK_concat
 .text.luaK_jump
                0x0000000000003af2       0x2e ./LUA/lcode.o
                0x0000000000003af2                luaK_jump
 .text.luaK_getlabel
                0x0000000000003b20        0x8 ./LUA/lcode.o
                0x0000000000003b20                luaK_getlabel
 .text.luaK_patchtohere
                0x0000000000003b28       0x16 ./LUA/lcode.o
                0x0000000000003b28                luaK_patchtohere
 .text.luaK_patchlist
                0x0000000000003b3e       0x1e ./LUA/lcode.o
                0x0000000000003b3e                luaK_patchlist
 .text.luaK_patchclose
                0x0000000000003b5c       0x40 ./LUA/lcode.o
                0x0000000000003b5c                luaK_patchclose
 .text.luaK_codeABC
                0x0000000000003b9c       0x18 ./LUA/lcode.o
                0x0000000000003b9c                luaK_codeABC
 .text.luaK_nil
                0x0000000000003bb4       0x9a ./LUA/lcode.o
                0x0000000000003bb4                luaK_nil
 .text.luaK_ret
                0x0000000000003c4e       0x18 ./LUA/lcode.o
                0x0000000000003c4e                luaK_ret
 .text.luaK_codeABx
                0x0000000000003c66       0x14 ./LUA/lcode.o
                0x0000000000003c66                luaK_codeABx
 .text.luaK_codek
                0x0000000000003c7a       0x3e ./LUA/lcode.o
                0x0000000000003c7a                luaK_codek
 .text.luaK_checkstack
                0x0000000000003cb8       0x2c ./LUA/lcode.o
                0x0000000000003cb8                luaK_checkstack
 .text.luaK_reserveregs
                0x0000000000003ce4       0x1a ./LUA/lcode.o
                0x0000000000003ce4                luaK_reserveregs
 .text.luaK_stringK
                0x0000000000003cfe       0x1e ./LUA/lcode.o
                0x0000000000003cfe                luaK_stringK
 .text.luaK_intK
                0x0000000000003d1c       0x20 ./LUA/lcode.o
                0x0000000000003d1c                luaK_intK
 .text.luaK_setreturns
                0x0000000000003d3c       0x74 ./LUA/lcode.o
                0x0000000000003d3c                luaK_setreturns
 .text.luaK_setoneret
                0x0000000000003db0       0x48 ./LUA/lcode.o
                0x0000000000003db0                luaK_setoneret
 .text.luaK_dischargevars
                0x0000000000003df8       0x6e ./LUA/lcode.o
                0x0000000000003df8                luaK_dischargevars
 .text.discharge2reg
                0x0000000000003e66       0xc6 ./LUA/lcode.o
 .text.exp2reg  0x0000000000003f2c       0xbc ./LUA/lcode.o
 .text.jumponcond
                0x0000000000003fe8       0x7c ./LUA/lcode.o
 .text.luaK_exp2nextreg
                0x0000000000004064       0x2e ./LUA/lcode.o
                0x0000000000004064                luaK_exp2nextreg
 .text.luaK_exp2anyreg
                0x0000000000004092       0x40 ./LUA/lcode.o
                0x0000000000004092                luaK_exp2anyreg
 .text.luaK_exp2anyregup
                0x00000000000040d2       0x1e ./LUA/lcode.o
                0x00000000000040d2                luaK_exp2anyregup
 .text.luaK_exp2val
                0x00000000000040f0       0x1a ./LUA/lcode.o
                0x00000000000040f0                luaK_exp2val
 .text.luaK_exp2RK
                0x000000000000410a       0x86 ./LUA/lcode.o
                0x000000000000410a                luaK_exp2RK
 .text.luaK_storevar
                0x0000000000004190       0x70 ./LUA/lcode.o
                0x0000000000004190                luaK_storevar
 .text.luaK_self
                0x0000000000004200       0x56 ./LUA/lcode.o
                0x0000000000004200                luaK_self
 .text.luaK_goiftrue
                0x0000000000004256       0x5a ./LUA/lcode.o
                0x0000000000004256                luaK_goiftrue
 .text.luaK_goiffalse
                0x00000000000042b0       0x4e ./LUA/lcode.o
                0x00000000000042b0                luaK_goiffalse
 .text.luaK_indexed
                0x00000000000042fe       0x28 ./LUA/lcode.o
                0x00000000000042fe                luaK_indexed
 .text.luaK_infix
                0x0000000000004326       0x56 ./LUA/lcode.o
                0x0000000000004326                luaK_infix
 .text.luaK_fixline
                0x000000000000437c       0x12 ./LUA/lcode.o
                0x000000000000437c                luaK_fixline
 .text.luaK_prefix
                0x000000000000438e       0xe8 ./LUA/lcode.o
                0x000000000000438e                luaK_prefix
 .text.codebinexpval
                0x0000000000004476       0x4e ./LUA/lcode.o
 .text.luaK_posfix
                0x00000000000044c4      0x142 ./LUA/lcode.o
                0x00000000000044c4                luaK_posfix
 .text.luaK_setlist
                0x0000000000004606       0x5c ./LUA/lcode.o
                0x0000000000004606                luaK_setlist
 .text.luaB_yield
                0x0000000000004662       0x1a ./LUA/lcorolib.o
 .text.currentpc
                0x000000000000467c       0x12 ./LUA/ldebug.o
 .text.currentline
                0x000000000000468e       0x20 ./LUA/ldebug.o
 .text.swapextra
                0x00000000000046ae       0x1a ./LUA/ldebug.o
 .text.getobjname.part.4
                0x00000000000046c8      0x1e2 ./LUA/ldebug.o
 .text.kname    0x00000000000048aa       0x4a ./LUA/ldebug.o
 .text.varinfo  0x00000000000048f4       0x9c ./LUA/ldebug.o
 .text.lua_getstack
                0x0000000000004990       0x26 ./LUA/ldebug.o
                0x0000000000004990                lua_getstack
 .text.lua_getinfo
                0x00000000000049b6      0x2fe ./LUA/ldebug.o
                0x00000000000049b6                lua_getinfo
 .text.luaG_addinfo
                0x0000000000004cb4       0x40 ./LUA/ldebug.o
                0x0000000000004cb4                luaG_addinfo
 .text.luaG_errormsg
                0x0000000000004cf4       0x3c ./LUA/ldebug.o
                0x0000000000004cf4                luaG_errormsg
 .text.luaG_runerror
                0x0000000000004d30       0x58 ./LUA/ldebug.o
                0x0000000000004d30                luaG_runerror
 .text.luaG_typeerror
                0x0000000000004d88       0x2e ./LUA/ldebug.o
                0x0000000000004d88                luaG_typeerror
 .text.luaG_concaterror
                0x0000000000004db6       0x1e ./LUA/ldebug.o
                0x0000000000004db6                luaG_concaterror
 .text.luaG_opinterror
                0x0000000000004dd4       0x34 ./LUA/ldebug.o
                0x0000000000004dd4                luaG_opinterror
 .text.luaG_tointerror
                0x0000000000004e08       0x40 ./LUA/ldebug.o
                0x0000000000004e08                luaG_tointerror
 .text.luaG_ordererror
                0x0000000000004e48       0x46 ./LUA/ldebug.o
                0x0000000000004e48                luaG_ordererror
 .text.luaG_traceexec
                0x0000000000004e8e       0xb6 ./LUA/ldebug.o
                0x0000000000004e8e                luaG_traceexec
 .text.seterrorobj
                0x0000000000004f44       0x4c ./LUA/ldo.o
 .text.resume_error
                0x0000000000004f90       0x28 ./LUA/ldo.o
 .text.luaD_throw
                0x0000000000004fb8       0x5c ./LUA/ldo.o
                0x0000000000004fb8                luaD_throw
 .text.checkmode
                0x0000000000005014       0x3e ./LUA/ldo.o
 .text.f_parser
                0x0000000000005052       0x84 ./LUA/ldo.o
 .text.luaD_rawrunprotected
                0x00000000000050d6       0x46 ./LUA/ldo.o
                0x00000000000050d6                luaD_rawrunprotected
 .text.luaD_reallocstack
                0x000000000000511c       0x92 ./LUA/ldo.o
                0x000000000000511c                luaD_reallocstack
 .text.luaD_growstack
                0x00000000000051ae       0x64 ./LUA/ldo.o
                0x00000000000051ae                luaD_growstack
 .text.luaD_shrinkstack
                0x0000000000005212       0x6a ./LUA/ldo.o
                0x0000000000005212                luaD_shrinkstack
 .text.luaD_inctop
                0x000000000000527c       0x22 ./LUA/ldo.o
                0x000000000000527c                luaD_inctop
 .text.luaD_hook
                0x000000000000529e       0x78 ./LUA/ldo.o
                0x000000000000529e                luaD_hook
 .text.luaD_poscall
                0x0000000000005316       0xee ./LUA/ldo.o
                0x0000000000005316                luaD_poscall
 .text.finishCcall
                0x0000000000005404       0x4a ./LUA/ldo.o
 .text.unroll   0x000000000000544e       0x3a ./LUA/ldo.o
 .text.luaD_precall.part.3
                0x0000000000005488      0x24a ./LUA/ldo.o
 .text.resume   0x00000000000056d2       0x6a ./LUA/ldo.o
 .text.luaD_precall
                0x000000000000573c        0xc ./LUA/ldo.o
                0x000000000000573c                luaD_precall
 .text.luaD_call
                0x0000000000005748       0x5a ./LUA/ldo.o
                0x0000000000005748                luaD_call
 .text.luaD_callnoyield
                0x00000000000057a2       0x22 ./LUA/ldo.o
                0x00000000000057a2                luaD_callnoyield
 .text.lua_resume
                0x00000000000057c4      0x10e ./LUA/ldo.o
                0x00000000000057c4                lua_resume
 .text.lua_yieldk
                0x00000000000058d2       0x64 ./LUA/ldo.o
                0x00000000000058d2                lua_yieldk
 .text.luaD_pcall
                0x0000000000005936       0x5a ./LUA/ldo.o
                0x0000000000005936                luaD_pcall
 .text.luaD_protectedparser
                0x0000000000005990       0x8c ./LUA/ldo.o
                0x0000000000005990                luaD_protectedparser
 .text.luaF_newCclosure
                0x0000000000005a1c       0x1a ./LUA/lfunc.o
                0x0000000000005a1c                luaF_newCclosure
 .text.luaF_newLclosure
                0x0000000000005a36       0x30 ./LUA/lfunc.o
                0x0000000000005a36                luaF_newLclosure
 .text.luaF_initupvals
                0x0000000000005a66       0x3e ./LUA/lfunc.o
                0x0000000000005a66                luaF_initupvals
 .text.luaF_findupval
                0x0000000000005aa4       0x54 ./LUA/lfunc.o
                0x0000000000005aa4                luaF_findupval
 .text.luaF_close
                0x0000000000005af8       0x46 ./LUA/lfunc.o
                0x0000000000005af8                luaF_close
 .text.luaF_newproto
                0x0000000000005b3e       0x5a ./LUA/lfunc.o
                0x0000000000005b3e                luaF_newproto
 .text.luaF_freeproto
                0x0000000000005b98       0x70 ./LUA/lfunc.o
                0x0000000000005b98                luaF_freeproto
 .text.luaF_getlocalname
                0x0000000000005c08       0x32 ./LUA/lfunc.o
                0x0000000000005c08                luaF_getlocalname
 .text.separatetobefnz
                0x0000000000005c3a       0x34 ./LUA/lgc.o
 .text.GCTM     0x0000000000005c6e      0x100 ./LUA/lgc.o
 .text.runafewfinalizers
                0x0000000000005d6e       0x2e ./LUA/lgc.o
 .text.dothecall
                0x0000000000005d9c       0x12 ./LUA/lgc.o
 .text.setpause
                0x0000000000005dae       0x34 ./LUA/lgc.o
 .text.removeentry
                0x0000000000005de2       0x16 ./LUA/lgc.o
 .text.reallymarkobject.part.1
                0x0000000000005df8       0xb6 ./LUA/lgc.o
 .text.markmt   0x0000000000005eae       0x28 ./LUA/lgc.o
 .text.markbeingfnz
                0x0000000000005ed6       0x20 ./LUA/lgc.o
 .text.iscleared
                0x0000000000005ef6       0x2a ./LUA/lgc.o
 .text.traverseephemeron
                0x0000000000005f20       0xc6 ./LUA/lgc.o
 .text.propagatemark
                0x0000000000005fe6      0x3ca ./LUA/lgc.o
 .text.propagateall
                0x00000000000063b0       0x16 ./LUA/lgc.o
 .text.clearvalues
                0x00000000000063c6       0x6a ./LUA/lgc.o
 .text.clearkeys.constprop.4
                0x0000000000006430       0x4e ./LUA/lgc.o
 .text.convergeephemerons.constprop.5
                0x000000000000647e       0x2e ./LUA/lgc.o
 .text.luaC_barrier_
                0x00000000000064ac       0x2a ./LUA/lgc.o
                0x00000000000064ac                luaC_barrier_
 .text.luaC_barrierback_
                0x00000000000064d6       0x10 ./LUA/lgc.o
                0x00000000000064d6                luaC_barrierback_
 .text.luaC_upvalbarrier_
                0x00000000000064e6       0x24 ./LUA/lgc.o
                0x00000000000064e6                luaC_upvalbarrier_
 .text.luaC_fix
                0x000000000000650a       0x14 ./LUA/lgc.o
                0x000000000000650a                luaC_fix
 .text.luaC_newobj
                0x000000000000651e       0x28 ./LUA/lgc.o
                0x000000000000651e                luaC_newobj
 .text.luaC_upvdeccount
                0x0000000000006546       0x24 ./LUA/lgc.o
                0x0000000000006546                luaC_upvdeccount
 .text.sweeplist
                0x000000000000656a       0xfa ./LUA/lgc.o
 .text.entersweep
                0x0000000000006664       0x1c ./LUA/lgc.o
 .text.sweepstep
                0x0000000000006680       0x40 ./LUA/lgc.o
 .text.singlestep
                0x00000000000066c0      0x25a ./LUA/lgc.o
 .text.luaC_checkfinalizer
                0x000000000000691a       0x88 ./LUA/lgc.o
                0x000000000000691a                luaC_checkfinalizer
 .text.luaC_freeallobjects
                0x00000000000069a2       0x56 ./LUA/lgc.o
                0x00000000000069a2                luaC_freeallobjects
 .text.luaC_runtilstate
                0x00000000000069f8       0x28 ./LUA/lgc.o
                0x00000000000069f8                luaC_runtilstate
 .text.luaC_step
                0x0000000000006a20       0x8a ./LUA/lgc.o
                0x0000000000006a20                luaC_step
 .text.luaC_fullgc
                0x0000000000006aaa       0x56 ./LUA/lgc.o
                0x0000000000006aaa                luaC_fullgc
 .text.check_next1
                0x0000000000006b00       0x34 ./LUA/llex.o
 .text.luaX_init
                0x0000000000006b34       0x48 ./LUA/llex.o
                0x0000000000006b34                luaX_init
 .text.luaX_token2str
                0x0000000000006b7c       0x48 ./LUA/llex.o
                0x0000000000006b7c                luaX_token2str
 .text.lexerror
                0x0000000000006bc4       0x60 ./LUA/llex.o
 .text.save     0x0000000000006c24       0x50 ./LUA/llex.o
 .text.skip_sep
                0x0000000000006c74       0x76 ./LUA/llex.o
 .text.check_next2
                0x0000000000006cea       0x46 ./LUA/llex.o
 .text.inclinenumber
                0x0000000000006d30       0x7a ./LUA/llex.o
 .text.esccheck.part.3
                0x0000000000006daa       0x3e ./LUA/llex.o
 .text.gethexa  0x0000000000006de8       0x4e ./LUA/llex.o
 .text.read_numeral.isra.4
                0x0000000000006e36       0xfc ./LUA/llex.o
 .text.luaX_syntaxerror
                0x0000000000006f32        0xa ./LUA/llex.o
                0x0000000000006f32                luaX_syntaxerror
 .text.luaX_newstring
                0x0000000000006f3c       0x54 ./LUA/llex.o
                0x0000000000006f3c                luaX_newstring
 .text.read_long_string
                0x0000000000006f90      0x122 ./LUA/llex.o
 .text.llex     0x00000000000070b2      0x796 ./LUA/llex.o
 .text.luaX_setinput
                0x0000000000007848       0x4e ./LUA/llex.o
                0x0000000000007848                luaX_setinput
 .text.luaX_next
                0x0000000000007896       0x2c ./LUA/llex.o
                0x0000000000007896                luaX_next
 .text.luaX_lookahead
                0x00000000000078c2       0x14 ./LUA/llex.o
                0x00000000000078c2                luaX_lookahead
 .text.luaM_toobig
                0x00000000000078d6       0x10 ./LUA/lmem.o
                0x00000000000078d6                luaM_toobig
 .text.luaM_realloc_
                0x00000000000078e6       0x54 ./LUA/lmem.o
                0x00000000000078e6                luaM_realloc_
 .text.luaM_growaux_
                0x000000000000793a       0x64 ./LUA/lmem.o
                0x000000000000793a                luaM_growaux_
 .text.intarith
                0x000000000000799e       0x76 ./LUA/lobject.o
 .text.l_str2dloc
                0x0000000000007a14       0x40 ./LUA/lobject.o
 .text.pushstr  0x0000000000007a54       0x20 ./LUA/lobject.o
 .text.numarith.isra.0
                0x0000000000007a74       0x72 ./LUA/lobject.o
 .text.luaO_int2fb
                0x0000000000007ae6       0x2e ./LUA/lobject.o
                0x0000000000007ae6                luaO_int2fb
 .text.luaO_fb2int
                0x0000000000007b14       0x16 ./LUA/lobject.o
                0x0000000000007b14                luaO_fb2int
 .text.luaO_ceillog2
                0x0000000000007b2a       0x20 ./LUA/lobject.o
                0x0000000000007b2a                luaO_ceillog2
 .text.luaO_arith
                0x0000000000007b4a       0xee ./LUA/lobject.o
                0x0000000000007b4a                luaO_arith
 .text.luaO_hexavalue
                0x0000000000007c38       0x1e ./LUA/lobject.o
                0x0000000000007c38                luaO_hexavalue
 .text.luaO_str2num
                0x0000000000007c56      0x18c ./LUA/lobject.o
                0x0000000000007c56                luaO_str2num
 .text.luaO_utf8esc
                0x0000000000007de2       0x42 ./LUA/lobject.o
                0x0000000000007de2                luaO_utf8esc
 .text.luaO_tostring
                0x0000000000007e24       0xa0 ./LUA/lobject.o
                0x0000000000007e24                luaO_tostring
 .text.luaO_pushfstring
                0x0000000000007ec4       0x1c ./LUA/lobject.o
                0x0000000000007ec4                luaO_pushfstring
 .text.luaO_pushvfstring
                0x0000000000007ee0      0x1b6 ./LUA/lobject.o
                0x0000000000007ee0                luaO_pushvfstring
 .text.luaO_chunkid
                0x0000000000008096       0xea ./LUA/lobject.o
                0x0000000000008096                luaO_chunkid
 .text.getlocvar
                0x0000000000008180       0x20 ./LUA/lparser.o
 .text.enterblock
                0x00000000000081a0       0x20 ./LUA/lparser.o
 .text.open_func
                0x00000000000081c0       0x62 ./LUA/lparser.o
 .text.testnext
                0x0000000000008222       0x18 ./LUA/lparser.o
 .text.newlabelentry
                0x000000000000823a       0x5c ./LUA/lparser.o
 .text.errorlimit
                0x0000000000008296       0x4c ./LUA/lparser.o
 .text.closegoto
                0x00000000000082e2       0x7c ./LUA/lparser.o
 .text.findgotos
                0x000000000000835e       0x42 ./LUA/lparser.o
 .text.findlabel
                0x00000000000083a0       0x6c ./LUA/lparser.o
 .text.error_expected
                0x000000000000840c       0x24 ./LUA/lparser.o
 .text.adjustlocalvars.isra.0
                0x0000000000008430       0x30 ./LUA/lparser.o
 .text.block_follow.isra.2
                0x0000000000008460       0x24 ./LUA/lparser.o
 .text.check_match
                0x0000000000008484       0x56 ./LUA/lparser.o
 .text.adjust_assign.isra.8
                0x00000000000084da       0x78 ./LUA/lparser.o
 .text.enterlevel
                0x0000000000008552       0x30 ./LUA/lparser.o
 .text.new_localvar
                0x0000000000008582       0xee ./LUA/lparser.o
 .text.new_localvarliteral_
                0x0000000000008670       0x16 ./LUA/lparser.o
 .text.newupvalue
                0x0000000000008686       0xb2 ./LUA/lparser.o
 .text.singlevaraux
                0x0000000000008738       0xa8 ./LUA/lparser.o
 .text.leaveblock
                0x00000000000087e0      0x142 ./LUA/lparser.o
 .text.close_func
                0x0000000000008922       0xf6 ./LUA/lparser.o
 .text.checknext
                0x0000000000008a18       0x16 ./LUA/lparser.o
 .text.str_checkname
                0x0000000000008a2e       0x22 ./LUA/lparser.o
 .text.gotostat
                0x0000000000008a50       0x4c ./LUA/lparser.o
 .text.checkname
                0x0000000000008a9c       0x24 ./LUA/lparser.o
 .text.fieldsel
                0x0000000000008ac0       0x30 ./LUA/lparser.o
 .text.singlevar
                0x0000000000008af0       0x58 ./LUA/lparser.o
 .text.statement
                0x0000000000008b48      0x612 ./LUA/lparser.o
 .text.statlist
                0x000000000000915a       0x2a ./LUA/lparser.o
 .text.body     0x0000000000009184      0x1a8 ./LUA/lparser.o
 .text.subexpr  0x000000000000932c      0x2c4 ./LUA/lparser.o
 .text.expr     0x00000000000095f0        0xe ./LUA/lparser.o
 .text.yindex   0x00000000000095fe       0x2a ./LUA/lparser.o
 .text.recfield
                0x0000000000009628       0x74 ./LUA/lparser.o
 .text.listfield
                0x000000000000969c       0x1a ./LUA/lparser.o
 .text.constructor
                0x00000000000096b6      0x178 ./LUA/lparser.o
 .text.explist  0x000000000000982e       0x34 ./LUA/lparser.o
 .text.funcargs
                0x0000000000009862       0xea ./LUA/lparser.o
 .text.suffixedexp
                0x000000000000994c       0xea ./LUA/lparser.o
 .text.assignment
                0x0000000000009a36      0x12e ./LUA/lparser.o
 .text.cond     0x0000000000009b64       0x2a ./LUA/lparser.o
 .text.exp1     0x0000000000009b8e       0x1e ./LUA/lparser.o
 .text.test_then_block
                0x0000000000009bac       0xb6 ./LUA/lparser.o
 .text.block    0x0000000000009c62       0x26 ./LUA/lparser.o
 .text.forbody  0x0000000000009c88       0xcc ./LUA/lparser.o
 .text.luaY_parser
                0x0000000000009d54      0x100 ./LUA/lparser.o
                0x0000000000009d54                luaY_parser
 .text.stack_init
                0x0000000000009e54       0x5c ./LUA/lstate.o
 .text.f_luaopen
                0x0000000000009eb0       0x7c ./LUA/lstate.o
 .text.luaE_setdebt
                0x0000000000009f2c       0x1c ./LUA/lstate.o
                0x0000000000009f2c                luaE_setdebt
 .text.luaE_extendCI
                0x0000000000009f48       0x26 ./LUA/lstate.o
                0x0000000000009f48                luaE_extendCI
 .text.luaE_freeCI
                0x0000000000009f6e       0x2c ./LUA/lstate.o
                0x0000000000009f6e                luaE_freeCI
 .text.freestack.part.0
                0x0000000000009f9a       0x22 ./LUA/lstate.o
 .text.close_state
                0x0000000000009fbc       0x42 ./LUA/lstate.o
 .text.lua_newstate
                0x0000000000009ffe      0x14a ./LUA/lstate.o
                0x0000000000009ffe                lua_newstate
 .text.luaE_shrinkCI
                0x000000000000a148       0x32 ./LUA/lstate.o
                0x000000000000a148                luaE_shrinkCI
 .text.luaE_freethread
                0x000000000000a17a       0x30 ./LUA/lstate.o
                0x000000000000a17a                luaE_freethread
 .text.luaS_eqlngstr
                0x000000000000a1aa       0x2a ./LUA/lstring.o
                0x000000000000a1aa                luaS_eqlngstr
 .text.luaS_hash
                0x000000000000a1d4       0x2a ./LUA/lstring.o
                0x000000000000a1d4                luaS_hash
 .text.luaS_hashlongstr
                0x000000000000a1fe       0x20 ./LUA/lstring.o
                0x000000000000a1fe                luaS_hashlongstr
 .text.luaS_resize
                0x000000000000a21e       0xa4 ./LUA/lstring.o
                0x000000000000a21e                luaS_resize
 .text.internshrstr
                0x000000000000a2c2       0xd0 ./LUA/lstring.o
 .text.luaS_clearcache
                0x000000000000a392       0x28 ./LUA/lstring.o
                0x000000000000a392                luaS_clearcache
 .text.luaS_init
                0x000000000000a3ba       0x42 ./LUA/lstring.o
                0x000000000000a3ba                luaS_init
 .text.luaS_createlngstrobj
                0x000000000000a3fc       0x28 ./LUA/lstring.o
                0x000000000000a3fc                luaS_createlngstrobj
 .text.luaS_remove
                0x000000000000a424       0x28 ./LUA/lstring.o
                0x000000000000a424                luaS_remove
 .text.luaS_newlstr
                0x000000000000a44c       0x40 ./LUA/lstring.o
                0x000000000000a44c                luaS_newlstr
 .text.luaS_new
                0x000000000000a48c       0x58 ./LUA/lstring.o
                0x000000000000a48c                luaS_new
 .text.luaS_newudata
                0x000000000000a4e4       0x38 ./LUA/lstring.o
                0x000000000000a4e4                luaS_newudata
 .text.mainposition
                0x000000000000a51c       0xd6 ./LUA/ltable.o
 .text.getgeneric
                0x000000000000a5f2       0x34 ./LUA/ltable.o
 .text.setarrayvector
                0x000000000000a626       0x42 ./LUA/ltable.o
 .text.auxsetnode
                0x000000000000a668       0x90 ./LUA/ltable.o
 .text.countint
                0x000000000000a6f8       0x34 ./LUA/ltable.o
 .text.luaH_next
                0x000000000000a72c       0xea ./LUA/ltable.o
                0x000000000000a72c                luaH_next
 .text.luaH_new
                0x000000000000a816       0x30 ./LUA/ltable.o
                0x000000000000a816                luaH_new
 .text.luaH_free
                0x000000000000a846       0x3c ./LUA/ltable.o
                0x000000000000a846                luaH_free
 .text.luaH_getint
                0x000000000000a882       0x4a ./LUA/ltable.o
                0x000000000000a882                luaH_getint
 .text.luaH_getshortstr
                0x000000000000a8cc       0x3a ./LUA/ltable.o
                0x000000000000a8cc                luaH_getshortstr
 .text.luaH_getstr
                0x000000000000a906       0x28 ./LUA/ltable.o
                0x000000000000a906                luaH_getstr
 .text.luaH_get
                0x000000000000a92e       0x5e ./LUA/ltable.o
                0x000000000000a92e                luaH_get
 .text.luaH_setint
                0x000000000000a98c       0x3c ./LUA/ltable.o
                0x000000000000a98c                luaH_setint
 .text.luaH_resize
                0x000000000000a9c8       0xf0 ./LUA/ltable.o
                0x000000000000a9c8                luaH_resize
 .text.luaH_resizearray
                0x000000000000aab8       0x1a ./LUA/ltable.o
                0x000000000000aab8                luaH_resizearray
 .text.luaH_newkey
                0x000000000000aad2      0x222 ./LUA/ltable.o
                0x000000000000aad2                luaH_newkey
 .text.luaH_set
                0x000000000000acf4       0x2c ./LUA/ltable.o
                0x000000000000acf4                luaH_set
 .text.luaH_getn
                0x000000000000ad20       0xaa ./LUA/ltable.o
                0x000000000000ad20                luaH_getn
 .text.luaT_init
                0x000000000000adca       0x42 ./LUA/ltm.o
                0x000000000000adca                luaT_init
 .text.luaT_gettm
                0x000000000000ae0c       0x24 ./LUA/ltm.o
                0x000000000000ae0c                luaT_gettm
 .text.luaT_gettmbyobj
                0x000000000000ae30       0x48 ./LUA/ltm.o
                0x000000000000ae30                luaT_gettmbyobj
 .text.luaT_objtypename
                0x000000000000ae78       0x5e ./LUA/ltm.o
                0x000000000000ae78                luaT_objtypename
 .text.luaT_callTM
                0x000000000000aed6       0x7e ./LUA/ltm.o
                0x000000000000aed6                luaT_callTM
 .text.luaT_callbinTM
                0x000000000000af54       0x46 ./LUA/ltm.o
                0x000000000000af54                luaT_callbinTM
 .text.luaT_trybinTM
                0x000000000000af9a       0x90 ./LUA/ltm.o
                0x000000000000af9a                luaT_trybinTM
 .text.luaT_callorderTM
                0x000000000000b02a       0x2e ./LUA/ltm.o
                0x000000000000b02a                luaT_callorderTM
 .text.error    0x000000000000b058       0x20 ./LUA/lundump.o
 .text.LoadBlock
                0x000000000000b078       0x20 ./LUA/lundump.o
 .text.LoadByte
                0x000000000000b098       0x18 ./LUA/lundump.o
 .text.LoadInt  0x000000000000b0b0       0x16 ./LUA/lundump.o
 .text.checkliteral
                0x000000000000b0c6       0x38 ./LUA/lundump.o
 .text.LoadString
                0x000000000000b0fe       0x9a ./LUA/lundump.o
 .text.LoadFunction
                0x000000000000b198      0x316 ./LUA/lundump.o
 .text.fchecksize.constprop.1
                0x000000000000b4ae       0x32 ./LUA/lundump.o
 .text.luaU_undump
                0x000000000000b4e0      0x164 ./LUA/lundump.o
                0x000000000000b4e0                luaU_undump
 .text.l_strcmp
                0x000000000000b644       0x5a ./LUA/lvm.o
 .text.copy2buff
                0x000000000000b69e       0x3e ./LUA/lvm.o
 .text.luaV_tonumber_
                0x000000000000b6dc       0x64 ./LUA/lvm.o
                0x000000000000b6dc                luaV_tonumber_
 .text.luaV_tointeger
                0x000000000000b740       0x9e ./LUA/lvm.o
                0x000000000000b740                luaV_tointeger
 .text.luaV_finishget
                0x000000000000b7de       0xb0 ./LUA/lvm.o
                0x000000000000b7de                luaV_finishget
 .text.luaV_finishset
                0x000000000000b88e      0x114 ./LUA/lvm.o
                0x000000000000b88e                luaV_finishset
 .text.luaV_lessthan
                0x000000000000b9a2      0x10c ./LUA/lvm.o
                0x000000000000b9a2                luaV_lessthan
 .text.luaV_lessequal
                0x000000000000baae      0x138 ./LUA/lvm.o
                0x000000000000baae                luaV_lessequal
 .text.luaV_equalobj
                0x000000000000bbe6      0x144 ./LUA/lvm.o
                0x000000000000bbe6                luaV_equalobj
 .text.luaV_concat
                0x000000000000bd2a      0x176 ./LUA/lvm.o
                0x000000000000bd2a                luaV_concat
 .text.luaV_objlen
                0x000000000000bea0       0x8e ./LUA/lvm.o
                0x000000000000bea0                luaV_objlen
 .text.luaV_div
                0x000000000000bf2e       0x38 ./LUA/lvm.o
                0x000000000000bf2e                luaV_div
 .text.luaV_mod
                0x000000000000bf66       0x30 ./LUA/lvm.o
                0x000000000000bf66                luaV_mod
 .text.luaV_shiftl
                0x000000000000bf96       0x26 ./LUA/lvm.o
                0x000000000000bf96                luaV_shiftl
 .text.luaV_finishOp
                0x000000000000bfbc      0x128 ./LUA/lvm.o
                0x000000000000bfbc                luaV_finishOp
 .text.luaV_execute
                0x000000000000c0e4     0x1214 ./LUA/lvm.o
                0x000000000000c0e4                luaV_execute
 .text.luaZ_fill
                0x000000000000d2f8       0x30 ./LUA/lzio.o
                0x000000000000d2f8                luaZ_fill
 .text.luaZ_init
                0x000000000000d328       0x10 ./LUA/lzio.o
                0x000000000000d328                luaZ_init
 .text.luaZ_read
                0x000000000000d338       0x56 ./LUA/lzio.o
                0x000000000000d338                luaZ_read
 .text.vRestartNode
                0x000000000000d38e        0x2 ./HAL_LIB/hw_lib_can.o
                0x000000000000d38e                vRestartNode
 .text.CAN_SendMessage
                0x000000000000d390       0x36 ./HAL_LIB/hw_lib_can.o
                0x000000000000d390                CAN_SendMessage
 .text.prv_read_can_received_msg
                0x000000000000d3c6       0x3e ./HAL_LIB/hw_lib_can.o
                0x000000000000d3c6                prv_read_can_received_msg
 .text.xGetCanRXTaskHandle
                0x000000000000d404        0xa ./HAL_LIB/hw_lib_can.o
                0x000000000000d404                xGetCanRXTaskHandle
 .text.pCANRXgetQueue
                0x000000000000d40e        0xa ./HAL_LIB/hw_lib_can.o
                0x000000000000d40e                pCANRXgetQueue
 .text.pCANTXgetQueue
                0x000000000000d418        0xa ./HAL_LIB/hw_lib_can.o
                0x000000000000d418                pCANTXgetQueue
 .text.vCheckAnswer
                0x000000000000d422       0x22 ./HAL_LIB/hw_lib_can.o
                0x000000000000d422                vCheckAnswer
 .text.vCanChekMessage
                0x000000000000d444       0x2a ./HAL_LIB/hw_lib_can.o
                0x000000000000d444                vCanChekMessage
 .text.vCanGetMessage
                0x000000000000d46e       0x7c ./HAL_LIB/hw_lib_can.o
                0x000000000000d46e                vCanGetMessage
 .text.vCanInsertRXData
                0x000000000000d4ea       0x94 ./HAL_LIB/hw_lib_can.o
                0x000000000000d4ea                vCanInsertRXData
 .text.vCanRXTask
                0x000000000000d57e       0x1e ./HAL_LIB/hw_lib_can.o
                0x000000000000d57e                vCanRXTask
 .text.vFilterSetExtd
                0x000000000000d59c       0x4c ./HAL_LIB/hw_lib_can.o
                0x000000000000d59c                vFilterSetExtd
 .text.eMailboxFilterSet
                0x000000000000d5e8       0xd6 ./HAL_LIB/hw_lib_can.o
                0x000000000000d5e8                eMailboxFilterSet
 .text.APPCANSEND
                0x000000000000d6be       0x28 ./HAL_LIB/hw_lib_can.o
                0x000000000000d6be                APPCANSEND
 .text.vResetFilter
                0x000000000000d6e6       0x28 ./HAL_LIB/hw_lib_can.o
                0x000000000000d6e6                vResetFilter
 .text.vCanGetAnsewerMessage
                0x000000000000d70e       0x4c ./HAL_LIB/hw_lib_can.o
                0x000000000000d70e                vCanGetAnsewerMessage
 .text.vCANBoudInit
                0x000000000000d75a       0x82 ./HAL_LIB/hw_lib_can.o
                0x000000000000d75a                vCANBoudInit
 .text.eMailboxFilterReset
                0x000000000000d7dc       0x50 ./HAL_LIB/hw_lib_can.o
                0x000000000000d7dc                eMailboxFilterReset
 .text.vPostState
                0x000000000000d82c       0x42 ./HAL_LIB/hw_lib_keyboard.o
 .text.xKeyboardQueue
                0x000000000000d86e        0xa ./HAL_LIB/hw_lib_keyboard.o
                0x000000000000d86e                xKeyboardQueue
 .text.eKeyboardInit
                0x000000000000d878       0x54 ./HAL_LIB/hw_lib_keyboard.o
                0x000000000000d878                eKeyboardInit
 .text.HW_LIB_KeyboradFSM
                0x000000000000d8cc       0xac ./HAL_LIB/hw_lib_keyboard.o
                0x000000000000d8cc                HW_LIB_KeyboradFSM
 .text.HAL_CANSetTXCallback
                0x000000000000d978        0xa ./HAL_DRIVER/hal_can_ch32.o
                0x000000000000d978                HAL_CANSetTXCallback
 .text.HAL_CANSetRXCallback
                0x000000000000d982        0xa ./HAL_DRIVER/hal_can_ch32.o
                0x000000000000d982                HAL_CANSetRXCallback
 .text.HAL_CANSetERRCallback
                0x000000000000d98c        0xa ./HAL_DRIVER/hal_can_ch32.o
                0x000000000000d98c                HAL_CANSetERRCallback
 .text.HAL_CANSend
                0x000000000000d996       0xc8 ./HAL_DRIVER/hal_can_ch32.o
                0x000000000000d996                HAL_CANSend
 .text.HAL_CAN_MSG_GET
                0x000000000000da5e       0xa4 ./HAL_DRIVER/hal_can_ch32.o
                0x000000000000da5e                HAL_CAN_MSG_GET
 .text.USB_HP_CAN1_TX_IRQHandler
                0x000000000000db02       0xb0 ./HAL_DRIVER/hal_can_ch32.o
                0x000000000000db02                USB_HP_CAN1_TX_IRQHandler
 .text.USB_LP_CAN1_RX0_IRQHandler
                0x000000000000dbb2       0xae ./HAL_DRIVER/hal_can_ch32.o
                0x000000000000dbb2                USB_LP_CAN1_RX0_IRQHandler
 .text.CAN1_RX1_IRQHandler
                0x000000000000dc60       0xae ./HAL_DRIVER/hal_can_ch32.o
                0x000000000000dc60                CAN1_RX1_IRQHandler
 .text.CAN1_SCE_IRQHandler
                0x000000000000dd0e       0xac ./HAL_DRIVER/hal_can_ch32.o
                0x000000000000dd0e                CAN1_SCE_IRQHandler
 .text.DMA_IRQ  0x000000000000ddba       0x3a ./HAL_DRIVER/hal_dma_ch32.o
 .text.HAL_DMA_SetCouterAndEnable
                0x000000000000ddf4       0x1a ./HAL_DRIVER/hal_dma_ch32.o
                0x000000000000ddf4                HAL_DMA_SetCouterAndEnable
 .text.HAL_DMA_Disable
                0x000000000000de0e       0x1a ./HAL_DRIVER/hal_dma_ch32.o
                0x000000000000de0e                HAL_DMA_Disable
 .text.DMA1_Channel1_IRQHandler
                0x000000000000de28       0x9e ./HAL_DRIVER/hal_dma_ch32.o
                0x000000000000de28                DMA1_Channel1_IRQHandler
 .text.DMA1_Channel2_IRQHandler
                0x000000000000dec6       0x9e ./HAL_DRIVER/hal_dma_ch32.o
                0x000000000000dec6                DMA1_Channel2_IRQHandler
 .text.DMA1_Channel3_IRQHandler
                0x000000000000df64       0x9e ./HAL_DRIVER/hal_dma_ch32.o
                0x000000000000df64                DMA1_Channel3_IRQHandler
 .text.DMA1_Channel4_IRQHandler
                0x000000000000e002       0x9e ./HAL_DRIVER/hal_dma_ch32.o
                0x000000000000e002                DMA1_Channel4_IRQHandler
 .text.DMA1_Channel5_IRQHandler
                0x000000000000e0a0       0x9e ./HAL_DRIVER/hal_dma_ch32.o
                0x000000000000e0a0                DMA1_Channel5_IRQHandler
 .text.DMA1_Channel6_IRQHandler
                0x000000000000e13e       0x9e ./HAL_DRIVER/hal_dma_ch32.o
                0x000000000000e13e                DMA1_Channel6_IRQHandler
 .text.DMA1_Channel7_IRQHandler
                0x000000000000e1dc       0x9e ./HAL_DRIVER/hal_dma_ch32.o
                0x000000000000e1dc                DMA1_Channel7_IRQHandler
 .text.HAL_GetBit
                0x000000000000e27a        0xa ./HAL_DRIVER/hal_gpio_ch32.o
                0x000000000000e27a                HAL_GetBit
 .text.HAL_SetBit
                0x000000000000e284        0x4 ./HAL_DRIVER/hal_gpio_ch32.o
                0x000000000000e284                HAL_SetBit
 .text.HAL_ResetBit
                0x000000000000e288        0x4 ./HAL_DRIVER/hal_gpio_ch32.o
                0x000000000000e288                HAL_ResetBit
 .text.PFIC_IRQ_ENABLE_PG2
                0x000000000000e28c       0x28 ./HAL_DRIVER/hal_irq.o
                0x000000000000e28c                PFIC_IRQ_ENABLE_PG2
 .text.HAL_SPI_RXOveleyClear
                0x000000000000e2b4       0x22 ./HAL_DRIVER/hal_spi_ch32.o
                0x000000000000e2b4                HAL_SPI_RXOveleyClear
 .text.HAL_SPI_GetBusy
                0x000000000000e2d6       0x14 ./HAL_DRIVER/hal_spi_ch32.o
                0x000000000000e2d6                HAL_SPI_GetBusy
 .text.HAL_TiemrEneblae
                0x000000000000e2ea       0x1a ./HAL_DRIVER/hal_timers_ch32.o
                0x000000000000e2ea                HAL_TiemrEneblae
 .text.TIM3_IRQHandler
                0x000000000000e304       0xc0 ./HAL_DRIVER/hal_timers_ch32.o
                0x000000000000e304                TIM3_IRQHandler
 .text.HAL_TimerReset
                0x000000000000e3c4       0x12 ./HAL_DRIVER/hal_timers_ch32.o
                0x000000000000e3c4                HAL_TimerReset
 .text.HAL_GetTimerCnt
                0x000000000000e3d6       0x10 ./HAL_DRIVER/hal_timers_ch32.o
                0x000000000000e3d6                HAL_GetTimerCnt
 .text.HW_TIMER_BaseTimerInit
                0x000000000000e3e6       0xe0 ./HAL_DRIVER/hal_timers_ch32.o
                0x000000000000e3e6                HW_TIMER_BaseTimerInit
 .text.HAL_TIMER_SetPWMPulse
                0x000000000000e4c6       0x88 ./HAL_DRIVER/hal_timers_ch32.o
                0x000000000000e4c6                HAL_TIMER_SetPWMPulse
 .text.HAL_TIMER_EnablePWMCH
                0x000000000000e54e       0x1a ./HAL_DRIVER/hal_timers_ch32.o
                0x000000000000e54e                HAL_TIMER_EnablePWMCH
 .text.prvInsertBlockIntoFreeList
                0x000000000000e568       0x4c ./FreeRTOS/portable/MemMang/heap_4.o
 .text.vPortFree
                0x000000000000e5b4       0xa8 ./FreeRTOS/portable/MemMang/heap_4.o
                0x000000000000e5b4                vPortFree
 .text.vPortSetupTimerInterrupt
                0x000000000000e65c       0x3e ./FreeRTOS/portable/GCC/RISC-V/port.o
                0x000000000000e65c                vPortSetupTimerInterrupt
 .text.xPortStartScheduler
                0x000000000000e69a       0x90 ./FreeRTOS/portable/GCC/RISC-V/port.o
                0x000000000000e69a                xPortStartScheduler
 .text.SysTick_Handler
                0x000000000000e72a       0x8c ./FreeRTOS/portable/GCC/RISC-V/port.o
                0x000000000000e72a                SysTick_Handler
 .text.vPortEnterCritical
                0x000000000000e7b6       0x16 ./FreeRTOS/portable/GCC/RISC-V/port.o
                0x000000000000e7b6                vPortEnterCritical
 .text.vPortExitCritical
                0x000000000000e7cc       0x42 ./FreeRTOS/portable/GCC/RISC-V/port.o
                0x000000000000e7cc                vPortExitCritical
 .text.xPortSetInterruptMask
                0x000000000000e80e        0xc ./FreeRTOS/portable/GCC/RISC-V/port.o
                0x000000000000e80e                xPortSetInterruptMask
 .text.vPortClearInterruptMask
                0x000000000000e81a        0x6 ./FreeRTOS/portable/GCC/RISC-V/port.o
                0x000000000000e81a                vPortClearInterruptMask
 .text.vListInitialise
                0x000000000000e820       0x14 ./FreeRTOS/list.o
                0x000000000000e820                vListInitialise
 .text.vListInitialiseItem
                0x000000000000e834        0x6 ./FreeRTOS/list.o
                0x000000000000e834                vListInitialiseItem
 .text.vListInsert
                0x000000000000e83a       0x2e ./FreeRTOS/list.o
                0x000000000000e83a                vListInsert
 .text.uxListRemove
                0x000000000000e868       0x20 ./FreeRTOS/list.o
                0x000000000000e868                uxListRemove
 .text.prvIsQueueEmpty
                0x000000000000e888       0x1e ./FreeRTOS/queue.o
 .text.prvCopyDataToQueue
                0x000000000000e8a6       0x72 ./FreeRTOS/queue.o
 .text.prvCopyDataFromQueue
                0x000000000000e918       0x28 ./FreeRTOS/queue.o
 .text.prvUnlockQueue
                0x000000000000e940       0x76 ./FreeRTOS/queue.o
 .text.xQueueGenericReset
                0x000000000000e9b6       0xc4 ./FreeRTOS/queue.o
                0x000000000000e9b6                xQueueGenericReset
 .text.xQueueGenericCreateStatic
                0x000000000000ea7a       0xae ./FreeRTOS/queue.o
                0x000000000000ea7a                xQueueGenericCreateStatic
 .text.xQueueGenericSend
                0x000000000000eb28      0x1a8 ./FreeRTOS/queue.o
                0x000000000000eb28                xQueueGenericSend
 .text.xQueueGenericSendFromISR
                0x000000000000ecd0      0x128 ./FreeRTOS/queue.o
                0x000000000000ecd0                xQueueGenericSendFromISR
 .text.xQueueReceive
                0x000000000000edf8      0x166 ./FreeRTOS/queue.o
                0x000000000000edf8                xQueueReceive
 .text.xQueueReceiveFromISR
                0x000000000000ef5e       0xf0 ./FreeRTOS/queue.o
                0x000000000000ef5e                xQueueReceiveFromISR
 .text.uxQueueMessagesWaiting
                0x000000000000f04e       0x44 ./FreeRTOS/queue.o
                0x000000000000f04e                uxQueueMessagesWaiting
 .text.vQueueAddToRegistry
                0x000000000000f092       0x6c ./FreeRTOS/queue.o
                0x000000000000f092                vQueueAddToRegistry
 .text.vQueueWaitForMessageRestricted
                0x000000000000f0fe       0x5c ./FreeRTOS/queue.o
                0x000000000000f0fe                vQueueWaitForMessageRestricted
 .text.prvAddNewTaskToReadyList
                0x000000000000f15a      0x122 ./FreeRTOS/tasks.o
 .text.prvResetNextTaskUnblockTime
                0x000000000000f27c       0x24 ./FreeRTOS/tasks.o
 .text.prvInitialiseNewTask.isra.2
                0x000000000000f2a0       0xcc ./FreeRTOS/tasks.o
 .text.prvDeleteTCB
                0x000000000000f36c       0x4e ./FreeRTOS/tasks.o
 .text.prvIdleTask
                0x000000000000f3ba       0x4a ./FreeRTOS/tasks.o
 .text.prvAddCurrentTaskToDelayedList
                0x000000000000f404       0xa6 ./FreeRTOS/tasks.o
 .text.xTaskCreateStatic
                0x000000000000f4aa       0xa6 ./FreeRTOS/tasks.o
                0x000000000000f4aa                xTaskCreateStatic
 .text.vTaskStartScheduler
                0x000000000000f550       0x9c ./FreeRTOS/tasks.o
                0x000000000000f550                vTaskStartScheduler
 .text.vTaskSuspendAll
                0x000000000000f5ec       0x10 ./FreeRTOS/tasks.o
                0x000000000000f5ec                vTaskSuspendAll
 .text.xTaskGetTickCount
                0x000000000000f5fc        0xa ./FreeRTOS/tasks.o
                0x000000000000f5fc                xTaskGetTickCount
 .text.xTaskIncrementTick
                0x000000000000f606      0x1ac ./FreeRTOS/tasks.o
                0x000000000000f606                xTaskIncrementTick
 .text.xTaskResumeAll
                0x000000000000f7b2      0x168 ./FreeRTOS/tasks.o
                0x000000000000f7b2                xTaskResumeAll
 .text.vTaskDelay
                0x000000000000f91a       0x66 ./FreeRTOS/tasks.o
                0x000000000000f91a                vTaskDelay
 .text.vTaskSwitchContext
                0x000000000000f980       0x9a ./FreeRTOS/tasks.o
                0x000000000000f980                vTaskSwitchContext
 .text.vTaskPlaceOnEventList
                0x000000000000fa1a       0x48 ./FreeRTOS/tasks.o
                0x000000000000fa1a                vTaskPlaceOnEventList
 .text.vTaskPlaceOnEventListRestricted
                0x000000000000fa62       0x76 ./FreeRTOS/tasks.o
                0x000000000000fa62                vTaskPlaceOnEventListRestricted
 .text.xTaskRemoveFromEventList
                0x000000000000fad8       0xec ./FreeRTOS/tasks.o
                0x000000000000fad8                xTaskRemoveFromEventList
 .text.vTaskInternalSetTimeOutState
                0x000000000000fbc4       0x16 ./FreeRTOS/tasks.o
                0x000000000000fbc4                vTaskInternalSetTimeOutState
 .text.xTaskCheckForTimeOut
                0x000000000000fbda       0xca ./FreeRTOS/tasks.o
                0x000000000000fbda                xTaskCheckForTimeOut
 .text.vTaskMissedYield
                0x000000000000fca4        0xc ./FreeRTOS/tasks.o
                0x000000000000fca4                vTaskMissedYield
 .text.xTaskGetSchedulerState
                0x000000000000fcb0       0x1c ./FreeRTOS/tasks.o
                0x000000000000fcb0                xTaskGetSchedulerState
 .text.xTaskPriorityDisinherit
                0x000000000000fccc       0xca ./FreeRTOS/tasks.o
                0x000000000000fccc                xTaskPriorityDisinherit
 .text.prvCheckForValidListAndQueue
                0x000000000000fd96       0x72 ./FreeRTOS/timers.o
 .text.prvInsertTimerInActiveList
                0x000000000000fe08       0x46 ./FreeRTOS/timers.o
 .text.prvReloadTimer
                0x000000000000fe4e       0x2a ./FreeRTOS/timers.o
 .text.prvProcessExpiredTimer
                0x000000000000fe78       0x46 ./FreeRTOS/timers.o
 .text.prvSwitchTimerLists
                0x000000000000febe       0x30 ./FreeRTOS/timers.o
 .text.prvTimerTask
                0x000000000000feee      0x190 ./FreeRTOS/timers.o
 .text.xTimerCreateTimerTask
                0x000000000001007e       0x6e ./FreeRTOS/timers.o
                0x000000000001007e                xTimerCreateTimerTask
 .text.Delay_Init
                0x00000000000100ec       0x2a ./Debug/debug.o
                0x00000000000100ec                Delay_Init
 .text.USART_Printf_Init
                0x0000000000010116       0x62 ./Debug/debug.o
                0x0000000000010116                USART_Printf_Init
 .text._write   0x0000000000010178       0x3e ./Debug/debug.o
                0x0000000000010178                _write
 .text._sbrk    0x00000000000101b6       0x2a ./Debug/debug.o
                0x00000000000101b6                _sbrk
 .text.sin      0x00000000000101e0       0x92 c:/mounriver/mounriver_studio2/resources/app/resources/win32/components/wch/toolchain/risc-v embedded gcc/bin/../lib/gcc/riscv-none-embed/8.2.0/../../../../riscv-none-embed/lib/rv32imafcxw/ilp32f\libm.a(lib_a-s_sin.o)
                0x00000000000101e0                sin
 .text.floorf   0x0000000000010272       0xb2 c:/mounriver/mounriver_studio2/resources/app/resources/win32/components/wch/toolchain/risc-v embedded gcc/bin/../lib/gcc/riscv-none-embed/8.2.0/../../../../riscv-none-embed/lib/rv32imafcxw/ilp32f\libm.a(lib_a-sf_floor.o)
                0x0000000000010272                floorf
 .text.frexpf   0x0000000000010324       0x5c c:/mounriver/mounriver_studio2/resources/app/resources/win32/components/wch/toolchain/risc-v embedded gcc/bin/../lib/gcc/riscv-none-embed/8.2.0/../../../../riscv-none-embed/lib/rv32imafcxw/ilp32f\libm.a(lib_a-sf_frexp.o)
                0x0000000000010324                frexpf
 .text.fmodf    0x0000000000010380       0xc0 c:/mounriver/mounriver_studio2/resources/app/resources/win32/components/wch/toolchain/risc-v embedded gcc/bin/../lib/gcc/riscv-none-embed/8.2.0/../../../../riscv-none-embed/lib/rv32imafcxw/ilp32f\libm.a(lib_a-wf_fmod.o)
                0x0000000000010380                fmodf
 .text.powf     0x0000000000010440      0x318 c:/mounriver/mounriver_studio2/resources/app/resources/win32/components/wch/toolchain/risc-v embedded gcc/bin/../lib/gcc/riscv-none-embed/8.2.0/../../../../riscv-none-embed/lib/rv32imafcxw/ilp32f\libm.a(lib_a-wf_pow.o)
                0x0000000000010440                powf
 .text.__ieee754_rem_pio2
                0x0000000000010758      0x466 c:/mounriver/mounriver_studio2/resources/app/resources/win32/components/wch/toolchain/risc-v embedded gcc/bin/../lib/gcc/riscv-none-embed/8.2.0/../../../../riscv-none-embed/lib/rv32imafcxw/ilp32f\libm.a(lib_a-e_rem_pio2.o)
                0x0000000000010758                __ieee754_rem_pio2
 .text.__ieee754_fmodf
                0x0000000000010bbe      0x14c c:/mounriver/mounriver_studio2/resources/app/resources/win32/components/wch/toolchain/risc-v embedded gcc/bin/../lib/gcc/riscv-none-embed/8.2.0/../../../../riscv-none-embed/lib/rv32imafcxw/ilp32f\libm.a(lib_a-ef_fmod.o)
                0x0000000000010bbe                __ieee754_fmodf
 .text.__ieee754_powf
                0x0000000000010d0a      0x668 c:/mounriver/mounriver_studio2/resources/app/resources/win32/components/wch/toolchain/risc-v embedded gcc/bin/../lib/gcc/riscv-none-embed/8.2.0/../../../../riscv-none-embed/lib/rv32imafcxw/ilp32f\libm.a(lib_a-ef_pow.o)
                0x0000000000010d0a                __ieee754_powf
 .text.__ieee754_sqrtf
                0x0000000000011372       0xcc c:/mounriver/mounriver_studio2/resources/app/resources/win32/components/wch/toolchain/risc-v embedded gcc/bin/../lib/gcc/riscv-none-embed/8.2.0/../../../../riscv-none-embed/lib/rv32imafcxw/ilp32f\libm.a(lib_a-ef_sqrt.o)
                0x0000000000011372                __ieee754_sqrtf
 .text.__kernel_cos
                0x000000000001143e      0x2b8 c:/mounriver/mounriver_studio2/resources/app/resources/win32/components/wch/toolchain/risc-v embedded gcc/bin/../lib/gcc/riscv-none-embed/8.2.0/../../../../riscv-none-embed/lib/rv32imafcxw/ilp32f\libm.a(lib_a-k_cos.o)
                0x000000000001143e                __kernel_cos
 .text.__kernel_rem_pio2
                0x00000000000116f6      0x954 c:/mounriver/mounriver_studio2/resources/app/resources/win32/components/wch/toolchain/risc-v embedded gcc/bin/../lib/gcc/riscv-none-embed/8.2.0/../../../../riscv-none-embed/lib/rv32imafcxw/ilp32f\libm.a(lib_a-k_rem_pio2.o)
                0x00000000000116f6                __kernel_rem_pio2
 .text.__kernel_sin
                0x000000000001204a      0x192 c:/mounriver/mounriver_studio2/resources/app/resources/win32/components/wch/toolchain/risc-v embedded gcc/bin/../lib/gcc/riscv-none-embed/8.2.0/../../../../riscv-none-embed/lib/rv32imafcxw/ilp32f\libm.a(lib_a-k_sin.o)
                0x000000000001204a                __kernel_sin
 .text.fabs     0x00000000000121dc        0x6 c:/mounriver/mounriver_studio2/resources/app/resources/win32/components/wch/toolchain/risc-v embedded gcc/bin/../lib/gcc/riscv-none-embed/8.2.0/../../../../riscv-none-embed/lib/rv32imafcxw/ilp32f\libm.a(lib_a-s_fabs.o)
                0x00000000000121dc                fabs
 .text.floor    0x00000000000121e2      0x150 c:/mounriver/mounriver_studio2/resources/app/resources/win32/components/wch/toolchain/risc-v embedded gcc/bin/../lib/gcc/riscv-none-embed/8.2.0/../../../../riscv-none-embed/lib/rv32imafcxw/ilp32f\libm.a(lib_a-s_floor.o)
                0x00000000000121e2                floor
 .text.matherr  0x0000000000012332        0x4 c:/mounriver/mounriver_studio2/resources/app/resources/win32/components/wch/toolchain/risc-v embedded gcc/bin/../lib/gcc/riscv-none-embed/8.2.0/../../../../riscv-none-embed/lib/rv32imafcxw/ilp32f\libm.a(lib_a-s_matherr.o)
                0x0000000000012332                matherr
 .text.scalbn   0x0000000000012336      0x13e c:/mounriver/mounriver_studio2/resources/app/resources/win32/components/wch/toolchain/risc-v embedded gcc/bin/../lib/gcc/riscv-none-embed/8.2.0/../../../../riscv-none-embed/lib/rv32imafcxw/ilp32f\libm.a(lib_a-s_scalbn.o)
                0x0000000000012336                scalbn
 .text.fabsf    0x0000000000012474        0xe c:/mounriver/mounriver_studio2/resources/app/resources/win32/components/wch/toolchain/risc-v embedded gcc/bin/../lib/gcc/riscv-none-embed/8.2.0/../../../../riscv-none-embed/lib/rv32imafcxw/ilp32f\libm.a(lib_a-sf_fabs.o)
                0x0000000000012474                fabsf
 .text.finitef  0x0000000000012482       0x12 c:/mounriver/mounriver_studio2/resources/app/resources/win32/components/wch/toolchain/risc-v embedded gcc/bin/../lib/gcc/riscv-none-embed/8.2.0/../../../../riscv-none-embed/lib/rv32imafcxw/ilp32f\libm.a(lib_a-sf_finite.o)
                0x0000000000012482                finitef
 .text.nanf     0x0000000000012494        0xa c:/mounriver/mounriver_studio2/resources/app/resources/win32/components/wch/toolchain/risc-v embedded gcc/bin/../lib/gcc/riscv-none-embed/8.2.0/../../../../riscv-none-embed/lib/rv32imafcxw/ilp32f\libm.a(lib_a-sf_nan.o)
                0x0000000000012494                nanf
 .text.rintf    0x000000000001249e       0xd2 c:/mounriver/mounriver_studio2/resources/app/resources/win32/components/wch/toolchain/risc-v embedded gcc/bin/../lib/gcc/riscv-none-embed/8.2.0/../../../../riscv-none-embed/lib/rv32imafcxw/ilp32f\libm.a(lib_a-sf_rint.o)
                0x000000000001249e                rintf
 .text.scalbnf  0x0000000000012570      0x100 c:/mounriver/mounriver_studio2/resources/app/resources/win32/components/wch/toolchain/risc-v embedded gcc/bin/../lib/gcc/riscv-none-embed/8.2.0/../../../../riscv-none-embed/lib/rv32imafcxw/ilp32f\libm.a(lib_a-sf_scalbn.o)
                0x0000000000012570                scalbnf
 .text.copysign
                0x0000000000012670       0x16 c:/mounriver/mounriver_studio2/resources/app/resources/win32/components/wch/toolchain/risc-v embedded gcc/bin/../lib/gcc/riscv-none-embed/8.2.0/../../../../riscv-none-embed/lib/rv32imafcxw/ilp32f\libm.a(lib_a-s_copysign.o)
                0x0000000000012670                copysign
 .text.copysignf
                0x0000000000012686       0x1c c:/mounriver/mounriver_studio2/resources/app/resources/win32/components/wch/toolchain/risc-v embedded gcc/bin/../lib/gcc/riscv-none-embed/8.2.0/../../../../riscv-none-embed/lib/rv32imafcxw/ilp32f\libm.a(lib_a-sf_copysign.o)
                0x0000000000012686                copysignf
 .text.__adddf3
                0x00000000000126a2      0xa0e c:/mounriver/mounriver_studio2/resources/app/resources/win32/components/wch/toolchain/risc-v embedded gcc/bin/../lib/gcc/riscv-none-embed/8.2.0/rv32imafcxw/ilp32f\libgcc.a(adddf3.o)
                0x00000000000126a2                __adddf3
 .text.__divdf3
                0x00000000000130b0      0x7ea c:/mounriver/mounriver_studio2/resources/app/resources/win32/components/wch/toolchain/risc-v embedded gcc/bin/../lib/gcc/riscv-none-embed/8.2.0/rv32imafcxw/ilp32f\libgcc.a(divdf3.o)
                0x00000000000130b0                __divdf3
 .text.__eqdf2  0x000000000001389a       0x98 c:/mounriver/mounriver_studio2/resources/app/resources/win32/components/wch/toolchain/risc-v embedded gcc/bin/../lib/gcc/riscv-none-embed/8.2.0/rv32imafcxw/ilp32f\libgcc.a(eqdf2.o)
                0x000000000001389a                __nedf2
                0x000000000001389a                __eqdf2
 .text.__gedf2  0x0000000000013932       0xb6 c:/mounriver/mounriver_studio2/resources/app/resources/win32/components/wch/toolchain/risc-v embedded gcc/bin/../lib/gcc/riscv-none-embed/8.2.0/rv32imafcxw/ilp32f\libgcc.a(gedf2.o)
                0x0000000000013932                __gedf2
                0x0000000000013932                __gtdf2
 .text.__muldf3
                0x00000000000139e8      0x656 c:/mounriver/mounriver_studio2/resources/app/resources/win32/components/wch/toolchain/risc-v embedded gcc/bin/../lib/gcc/riscv-none-embed/8.2.0/rv32imafcxw/ilp32f\libgcc.a(muldf3.o)
                0x00000000000139e8                __muldf3
 .text.__subdf3
                0x000000000001403e      0xa8c c:/mounriver/mounriver_studio2/resources/app/resources/win32/components/wch/toolchain/risc-v embedded gcc/bin/../lib/gcc/riscv-none-embed/8.2.0/rv32imafcxw/ilp32f\libgcc.a(subdf3.o)
                0x000000000001403e                __subdf3
 .text.__fixdfsi
                0x0000000000014aca       0xd8 c:/mounriver/mounriver_studio2/resources/app/resources/win32/components/wch/toolchain/risc-v embedded gcc/bin/../lib/gcc/riscv-none-embed/8.2.0/rv32imafcxw/ilp32f\libgcc.a(fixdfsi.o)
                0x0000000000014aca                __fixdfsi
 .text.__fixunsdfsi
                0x0000000000014ba2       0x9e c:/mounriver/mounriver_studio2/resources/app/resources/win32/components/wch/toolchain/risc-v embedded gcc/bin/../lib/gcc/riscv-none-embed/8.2.0/rv32imafcxw/ilp32f\libgcc.a(fixunsdfsi.o)
                0x0000000000014ba2                __fixunsdfsi
 .text.__floatsidf
                0x0000000000014c40       0x70 c:/mounriver/mounriver_studio2/resources/app/resources/win32/components/wch/toolchain/risc-v embedded gcc/bin/../lib/gcc/riscv-none-embed/8.2.0/rv32imafcxw/ilp32f\libgcc.a(floatsidf.o)
                0x0000000000014c40                __floatsidf
 .text.__floatunsidf